sources/platform/stm32l/io_cfg.c:29:6:io_button_mode_init	16	static
sources/platform/stm32l/io_cfg.c:42:6:io_button_up_init	16	static
sources/platform/stm32l/io_cfg.c:55:6:io_button_down_init	16	static
sources/platform/stm32l/io_cfg.c:68:9:io_button_mode_read	0	static
sources/platform/stm32l/io_cfg.c:72:9:io_button_up_read	0	static
sources/platform/stm32l/io_cfg.c:76:9:io_button_down_read	0	static
sources/platform/stm32l/io_cfg.c:83:6:led_life_init	16	static
sources/platform/stm32l/io_cfg.c:100:6:led_life_on	0	static
sources/platform/stm32l/io_cfg.c:107:6:led_life_off	0	static
sources/platform/stm32l/io_cfg.c:117:6:buzzer_io_init	24	static
sources/platform/stm32l/io_cfg.c:132:6:buzzer_io_on	0	static
sources/platform/stm32l/io_cfg.c:136:6:buzzer_io_off	0	static
sources/platform/stm32l/io_cfg.c:143:6:io_pwm_timer3_cfg	0	static
sources/platform/stm32l/io_cfg.c:188:6:io_pwm_timer3_enable	8	static
sources/platform/stm32l/io_cfg.c:194:6:io_pwm_timer3_disable	8	static
sources/platform/stm32l/io_cfg.c:200:6:io_pwm_timer3_chanel_enable	0	static
sources/platform/stm32l/io_cfg.c:223:6:io_pwm_timer3_chanel_disable	0	static
sources/platform/stm32l/io_cfg.c:246:6:io_pwm_timer3_set_duty_cycle	0	static
sources/platform/stm32l/io_cfg.c:272:6:nrf24l01_io_ctrl_init	40	static
sources/platform/stm32l/io_cfg.c:323:6:nrf24l01_spi_ctrl_init	40	static
sources/platform/stm32l/io_cfg.c:375:6:nrf24l01_ce_low	0	static
sources/platform/stm32l/io_cfg.c:379:6:nrf24l01_ce_high	0	static
sources/platform/stm32l/io_cfg.c:383:6:nrf24l01_csn_low	0	static
sources/platform/stm32l/io_cfg.c:387:6:nrf24l01_csn_high	0	static
sources/platform/stm32l/io_cfg.c:421:6:flash_io_ctrl_init	16	static
sources/platform/stm32l/io_cfg.c:434:6:flash_cs_low	0	static
sources/platform/stm32l/io_cfg.c:438:6:flash_cs_high	0	static
sources/platform/stm32l/io_cfg.c:442:9:flash_transfer	24	static
sources/platform/stm32l/io_cfg.c:391:9:nrf24l01_spi_rw	0	static
sources/platform/stm32l/io_cfg.c:472:6:timer_50us_init	32	static
sources/platform/stm32l/io_cfg.c:494:6:timer_50us_enable	8	static
sources/platform/stm32l/io_cfg.c:500:6:timer_50us_disable	8	static
sources/platform/stm32l/io_cfg.c:506:6:ir_rev_io_init	32	static
sources/platform/stm32l/io_cfg.c:535:6:ir_rev_io_irq_disable	16	static
sources/platform/stm32l/io_cfg.c:544:6:ir_rev_io_irq_enable	16	static
sources/platform/stm32l/io_cfg.c:553:6:ir_carrier_freq_init	32	static
sources/platform/stm32l/io_cfg.c:581:6:ir_carrier_freq_on	16	static
sources/platform/stm32l/io_cfg.c:600:6:ir_carrier_freq_off	24	static
sources/platform/stm32l/io_cfg.c:622:6:ir_dir_io_config	16	static
sources/platform/stm32l/io_cfg.c:642:6:ir_select_direction	8	static
sources/platform/stm32l/io_cfg.c:672:6:sht1x_clk_input_mode	16	static
sources/platform/stm32l/io_cfg.c:684:6:sht1x_clk_output_mode	16	static
sources/platform/stm32l/io_cfg.c:698:6:sht1x_clk_digital_write_low	0	static
sources/platform/stm32l/io_cfg.c:702:6:sht1x_clk_digital_write_high	0	static
sources/platform/stm32l/io_cfg.c:706:6:sht1x_data_input_mode	16	static
sources/platform/stm32l/io_cfg.c:718:6:sht1x_data_output_mode	16	static
sources/platform/stm32l/io_cfg.c:729:6:sht1x_data_digital_write_low	0	static
sources/platform/stm32l/io_cfg.c:733:6:sht1x_data_digital_write_high	0	static
sources/platform/stm32l/io_cfg.c:737:5:sht1x_data_digital_read	8	static
sources/platform/stm32l/io_cfg.c:745:6:ds1302_ce_input_mode	16	static
sources/platform/stm32l/io_cfg.c:757:6:ds1302_ce_output_mode	16	static
sources/platform/stm32l/io_cfg.c:769:6:ds1302_ce_digital_write_low	0	static
sources/platform/stm32l/io_cfg.c:773:6:ds1302_ce_digital_write_high	0	static
sources/platform/stm32l/io_cfg.c:778:6:ds1302_clk_input_mode	16	static
sources/platform/stm32l/io_cfg.c:791:6:ds1302_clk_output_mode	16	static
sources/platform/stm32l/io_cfg.c:804:6:ds1302_clk_digital_write_low	0	static
sources/platform/stm32l/io_cfg.c:808:6:ds1302_clk_digital_write_high	0	static
sources/platform/stm32l/io_cfg.c:813:6:ds1302_data_input_mode	16	static
sources/platform/stm32l/io_cfg.c:825:6:ds1302_data_output_mode	16	static
sources/platform/stm32l/io_cfg.c:836:6:ds1302_data_digital_write_low	0	static
sources/platform/stm32l/io_cfg.c:840:6:ds1302_data_digital_write_high	0	static
sources/platform/stm32l/io_cfg.c:844:9:ds1302_data_digital_read	0	static
sources/platform/stm32l/io_cfg.c:852:6:io_cfg_dac_hs1101	24	static
sources/platform/stm32l/io_cfg.c:874:6:io_cfg_comp_hs1101	32	static
sources/platform/stm32l/io_cfg.c:900:6:io_cfg_timer3_hs1101	56	static
sources/platform/stm32l/io_cfg.c:942:6:io_cfg_timer4_hs1101	48	static
sources/platform/stm32l/io_cfg.c:979:10:io_timer4_get_capture	0	static
sources/platform/stm32l/io_cfg.c:983:6:io_cfg_dac_out2_config	32	static
sources/platform/stm32l/io_cfg.c:1014:6:io_reset_timer4_capture	0	static
sources/platform/stm32l/io_cfg.c:1018:6:io_start_timer4_capture	0	static
sources/platform/stm32l/io_cfg.c:1022:6:io_hs1101_read_enable	8	static
sources/platform/stm32l/io_cfg.c:1037:6:io_hs1101_read_disable	8	static
sources/platform/stm32l/io_cfg.c:1060:6:io_cfg_adc1	32	static
sources/platform/stm32l/io_cfg.c:1076:6:adc_ct_io_cfg	16	static
sources/platform/stm32l/io_cfg.c:1086:6:adc_thermistor_io_cfg	16	static
sources/platform/stm32l/io_cfg.c:1096:10:adc_ct_io_read	8	static
sources/platform/stm32l/io_cfg.c:1105:10:sys_ctr_get_vbat_voltage	16	static
sources/platform/stm32l/io_cfg.c:1008:6:io_cfg_dac_out2_set	8	static
sources/platform/stm32l/io_cfg.c:1127:10:sys_ctr_get_mcu_temperature	8	static
sources/platform/stm32l/io_cfg.c:1151:10:adc_thermistor_io_read	0	static
sources/platform/stm32l/io_cfg.c:1163:6:ssd1306_clk_input_mode	16	static
sources/platform/stm32l/io_cfg.c:1175:6:ssd1306_clk_output_mode	16	static
sources/platform/stm32l/io_cfg.c:1188:6:ssd1306_clk_digital_write_low	0	static
sources/platform/stm32l/io_cfg.c:1192:6:ssd1306_clk_digital_write_high	0	static
sources/platform/stm32l/io_cfg.c:1196:5:ssd1306_clk_digital_read	8	static
sources/platform/stm32l/io_cfg.c:1200:6:ssd1306_data_input_mode	16	static
sources/platform/stm32l/io_cfg.c:1212:6:ssd1306_data_output_mode	16	static
sources/platform/stm32l/io_cfg.c:1223:6:ssd1306_data_digital_write_low	0	static
sources/platform/stm32l/io_cfg.c:1227:6:ssd1306_data_digital_write_high	0	static
sources/platform/stm32l/io_cfg.c:1231:5:ssd1306_data_digital_read	8	static
sources/platform/stm32l/io_cfg.c:1236:6:ssd1306_res_input_mode	16	static
sources/platform/stm32l/io_cfg.c:1248:6:ssd1306_res_output_mode	16	static
sources/platform/stm32l/io_cfg.c:1259:6:ssd1306_res_digital_write_low	0	static
sources/platform/stm32l/io_cfg.c:1263:6:ssd1306_res_digital_write_high	0	static
sources/platform/stm32l/io_cfg.c:1267:5:ssd1306_res_digital_read	8	static
sources/platform/stm32l/io_cfg.c:1276:9:io_eeprom_read	16	static
sources/platform/stm32l/io_cfg.c:1292:9:io_eeprom_write	24	static
sources/platform/stm32l/io_cfg.c:1322:9:io_eeprom_erase	16	static
sources/platform/stm32l/io_cfg.c:1355:6:internal_flash_unlock	8	static
sources/platform/stm32l/io_cfg.c:1361:6:internal_flash_lock	0	static
sources/platform/stm32l/io_cfg.c:1365:6:internal_flash_erase_pages_cal	16	static
sources/platform/stm32l/io_cfg.c:1380:9:internal_flash_write_cal	32	static
sources/platform/stm32l/io_cfg.c:1435:6:io_uart2_cfg	48	static
sources/platform/stm32l/io_cfg.c:1487:6:io_uart2_putc	8	static
sources/platform/stm32l/io_cfg.c:1498:9:io_uart2_getc	16	static
sources/platform/stm32l/io_cfg.c:1542:6:io_rs485_dir_mode_output	16	static
sources/platform/stm32l/io_cfg.c:1553:6:io_rs485_dir_low	0	static
sources/platform/stm32l/io_cfg.c:1557:6:io_rs485_dir_high	0	static
