sources/app/shell.cpp:146:7:char* str_parser_get_attr(uint8_t)	0	static
sources/app/shell.cpp:375:9:int32_t shell_stt(uint8_t*)	0	static
sources/app/shell.cpp:893:9:int32_t shell_psv(uint8_t*)	0	static
sources/app/shell.cpp:157:9:int32_t shell_reset(uint8_t*)	8	static
sources/app/shell.cpp:196:9:int32_t shell_help(uint8_t*)	16	static
sources/app/shell.cpp:163:9:int32_t shell_ver(uint8_t*)	40	static
sources/app/shell.cpp:210:9:int32_t shell_reboot(uint8_t*)	8	static
sources/app/shell.cpp:120:9:uint8_t str_parser(char*)	24	static
sources/app/shell.cpp:217:9:int32_t shell_fatal(uint8_t*)	128	static
sources/app/shell.cpp:385:9:int32_t shell_eps(uint8_t*)	24	static
sources/app/shell.cpp:438:9:int32_t shell_flash(uint8_t*)	32	static
sources/app/shell.cpp:661:9:int32_t shell_ram(uint8_t*)	24	static
sources/app/shell.cpp:810:9:int32_t shell_boot(uint8_t*)	104	static
sources/app/shell.cpp:876:9:int32_t shell_fwu(uint8_t*)	96	static
sources/app/shell.cpp:598:9:int32_t shell_dbg(uint8_t*)	8	static
sources/app/task_aircond_scene.h:101:6:int table_string_func::set_real(String, int)	24	static
sources/app/shell.cpp:901:9:int32_t shell_acc(uint8_t*)	40	static
sources/app/shell.cpp:380:9:int32_t shell_epi(uint8_t*)	0	static
sources/app/shell.cpp:517:9:int32_t shell_lcd(uint8_t*)	8	static
