Archive member included to satisfy reference by file (symbol)

/home/devh/workspace/toolsf1/gcc-arm-none-eabi-10-2020-q4-major-x86_64-linux/gcc-arm-none-eabi-10-2020-q4-major/arm-none-eabi/lib/thumb/v7-m/nofp/libc.a(lib_a-atof.o)
                              build_st_devlopment_board_v1_stm32l/WString.o (atof)
/home/devh/workspace/toolsf1/gcc-arm-none-eabi-10-2020-q4-major-x86_64-linux/gcc-arm-none-eabi-10-2020-q4-major/arm-none-eabi/lib/thumb/v7-m/nofp/libc.a(lib_a-atol.o)
                              build_st_devlopment_board_v1_stm32l/WString.o (atol)
/home/devh/workspace/toolsf1/gcc-arm-none-eabi-10-2020-q4-major-x86_64-linux/gcc-arm-none-eabi-10-2020-q4-major/arm-none-eabi/lib/thumb/v7-m/nofp/libc.a(lib_a-isspace.o)
                              build_st_devlopment_board_v1_stm32l/WString.o (isspace)
/home/devh/workspace/toolsf1/gcc-arm-none-eabi-10-2020-q4-major-x86_64-linux/gcc-arm-none-eabi-10-2020-q4-major/arm-none-eabi/lib/thumb/v7-m/nofp/libc.a(lib_a-malloc.o)
                              build_st_devlopment_board_v1_stm32l/message.o (malloc)
/home/devh/workspace/toolsf1/gcc-arm-none-eabi-10-2020-q4-major-x86_64-linux/gcc-arm-none-eabi-10-2020-q4-major/arm-none-eabi/lib/thumb/v7-m/nofp/libc.a(lib_a-mallocr.o)
                              /home/devh/workspace/toolsf1/gcc-arm-none-eabi-10-2020-q4-major-x86_64-linux/gcc-arm-none-eabi-10-2020-q4-major/arm-none-eabi/lib/thumb/v7-m/nofp/libc.a(lib_a-malloc.o) (_malloc_r)
/home/devh/workspace/toolsf1/gcc-arm-none-eabi-10-2020-q4-major-x86_64-linux/gcc-arm-none-eabi-10-2020-q4-major/arm-none-eabi/lib/thumb/v7-m/nofp/libc.a(lib_a-memcmp.o)
                              build_st_devlopment_board_v1_stm32l/task_fw.o (memcmp)
/home/devh/workspace/toolsf1/gcc-arm-none-eabi-10-2020-q4-major-x86_64-linux/gcc-arm-none-eabi-10-2020-q4-major/arm-none-eabi/lib/thumb/v7-m/nofp/libc.a(lib_a-memcpy.o)
                              build_st_devlopment_board_v1_stm32l/message.o (memcpy)
/home/devh/workspace/toolsf1/gcc-arm-none-eabi-10-2020-q4-major-x86_64-linux/gcc-arm-none-eabi-10-2020-q4-major/arm-none-eabi/lib/thumb/v7-m/nofp/libc.a(lib_a-memmove.o)
                              build_st_devlopment_board_v1_stm32l/task_display.o (memmove)
/home/devh/workspace/toolsf1/gcc-arm-none-eabi-10-2020-q4-major-x86_64-linux/gcc-arm-none-eabi-10-2020-q4-major/arm-none-eabi/lib/thumb/v7-m/nofp/libc.a(lib_a-memset.o)
                              build_st_devlopment_board_v1_stm32l/task.o (memset)
/home/devh/workspace/toolsf1/gcc-arm-none-eabi-10-2020-q4-major-x86_64-linux/gcc-arm-none-eabi-10-2020-q4-major/arm-none-eabi/lib/thumb/v7-m/nofp/libc.a(lib_a-mlock.o)
                              /home/devh/workspace/toolsf1/gcc-arm-none-eabi-10-2020-q4-major-x86_64-linux/gcc-arm-none-eabi-10-2020-q4-major/arm-none-eabi/lib/thumb/v7-m/nofp/libc.a(lib_a-mallocr.o) (__malloc_lock)
/home/devh/workspace/toolsf1/gcc-arm-none-eabi-10-2020-q4-major-x86_64-linux/gcc-arm-none-eabi-10-2020-q4-major/arm-none-eabi/lib/thumb/v7-m/nofp/libc.a(lib_a-rand.o)
                              build_st_devlopment_board_v1_stm32l/WMath.o (srand)
/home/devh/workspace/toolsf1/gcc-arm-none-eabi-10-2020-q4-major-x86_64-linux/gcc-arm-none-eabi-10-2020-q4-major/arm-none-eabi/lib/thumb/v7-m/nofp/libc.a(lib_a-realloc.o)
                              build_st_devlopment_board_v1_stm32l/WString.o (realloc)
/home/devh/workspace/toolsf1/gcc-arm-none-eabi-10-2020-q4-major-x86_64-linux/gcc-arm-none-eabi-10-2020-q4-major/arm-none-eabi/lib/thumb/v7-m/nofp/libc.a(lib_a-reallocr.o)
                              /home/devh/workspace/toolsf1/gcc-arm-none-eabi-10-2020-q4-major-x86_64-linux/gcc-arm-none-eabi-10-2020-q4-major/arm-none-eabi/lib/thumb/v7-m/nofp/libc.a(lib_a-realloc.o) (_realloc_r)
/home/devh/workspace/toolsf1/gcc-arm-none-eabi-10-2020-q4-major-x86_64-linux/gcc-arm-none-eabi-10-2020-q4-major/arm-none-eabi/lib/thumb/v7-m/nofp/libc.a(lib_a-sbrkr.o)
                              /home/devh/workspace/toolsf1/gcc-arm-none-eabi-10-2020-q4-major-x86_64-linux/gcc-arm-none-eabi-10-2020-q4-major/arm-none-eabi/lib/thumb/v7-m/nofp/libc.a(lib_a-mallocr.o) (_sbrk_r)
/home/devh/workspace/toolsf1/gcc-arm-none-eabi-10-2020-q4-major-x86_64-linux/gcc-arm-none-eabi-10-2020-q4-major/arm-none-eabi/lib/thumb/v7-m/nofp/libc.a(lib_a-strcat.o)
                              build_st_devlopment_board_v1_stm32l/dtostrf.o (strcat)
/home/devh/workspace/toolsf1/gcc-arm-none-eabi-10-2020-q4-major-x86_64-linux/gcc-arm-none-eabi-10-2020-q4-major/arm-none-eabi/lib/thumb/v7-m/nofp/libc.a(lib_a-strchr.o)
                              build_st_devlopment_board_v1_stm32l/WString.o (strchr)
/home/devh/workspace/toolsf1/gcc-arm-none-eabi-10-2020-q4-major-x86_64-linux/gcc-arm-none-eabi-10-2020-q4-major/arm-none-eabi/lib/thumb/v7-m/nofp/libc.a(lib_a-strcmp.o)
                              build_st_devlopment_board_v1_stm32l/cmd_line.o (strcmp)
[...]
Memory Configuration

Name             Origin             Length             Attributes
BSF              0x0000000008002000 0x0000000000001000 xr
FLASH            0x0000000008003000 0x000000000001d000 xr
SRAM             0x0000000020000000 0x0000000000004000 xrw
*default*        0x0000000000000000 0xffffffffffffffff

Linker script and memory map

                0x0000000000000800                HEAP_SIZE = 0x800

.start_boot_share_data_flash
                0x0000000008002000        0x0
                0x0000000008002000                _start_boot_share_data_flash = .

.start_flash    0x0000000008003000        0x0
                0x0000000008003000                _start_flash = .

.isr_vector     0x0000000008003000       0xf4
                0x0000000008003000                _isr_vector = .
 *(.isr_vector)
 .isr_vector    0x0000000008003000       0xf4 build_st_devlopment_board_v1_stm32l/system.o
                0x0000000008003000                isr_vector
                0x00000000080030f4                . = ALIGN (0x4)

.text           0x00000000080030f8     0xcd30
                0x00000000080030f8                . = ALIGN (0x4)
 *(.text)
 .text          0x00000000080030f8       0xec /home/devh/workspace/toolsf1/gcc-arm-none-eabi-10-2020-q4-major-x86_64-linux/gcc-arm-none-eabi-10-2020-q4-major/arm-none-eabi/lib/thumb/v7-m/nofp/libc.a(lib_a-memcpy.o)
                0x00000000080030f8                memcpy
 .text          0x00000000080031e4      0x1bc /home/devh/workspace/toolsf1/gcc-arm-none-eabi-10-2020-q4-major-x86_64-linux/gcc-arm-none-eabi-10-2020-q4-major/arm-none-eabi/lib/thumb/v7-m/nofp/libc.a(lib_a-strcmp.o)
                0x00000000080031e4                strcmp
 .text          0x00000000080033a0      0x378 /home/devh/workspace/toolsf1/gcc-arm-none-eabi-10-2020-q4-major-x86_64-linux/gcc-arm-none-eabi-10-2020-q4-major/lib/gcc/arm-none-eabi/10.2.1/thumb/v7-m/nofp/libgcc.a(_arm_addsubdf3.o)
                0x00000000080033a0                __aeabi_drsub
                0x00000000080033a8                __aeabi_dsub
                0x00000000080033a8                __subdf3
                0x00000000080033ac                __adddf3
                0x00000000080033ac                __aeabi_dadd
                0x0000000008003624                __aeabi_ui2d
                0x0000000008003624                __floatunsidf
                0x0000000008003644                __floatsidf
                0x0000000008003644                __aeabi_i2d
                0x0000000008003668                __extendsfdf2
                0x0000000008003668                __aeabi_f2d
                0x00000000080036ac                __aeabi_ul2d
                0x00000000080036ac                __floatundidf
                0x00000000080036bc                __floatdidf
                0x00000000080036bc                __aeabi_l2d
 .text          0x0000000008003718      0x424 /home/devh/workspace/toolsf1/gcc-arm-none-eabi-10-2020-q4-major-x86_64-linux/gcc-arm-none-eabi-10-2020-q4-major/lib/gcc/arm-none-eabi/10.2.1/thumb/v7-m/nofp/libgcc.a(_arm_muldivdf3.o)
                0x0000000008003718                __aeabi_dmul
                0x0000000008003718                __muldf3
                0x000000000800396c                __aeabi_ddiv
                0x000000000800396c                __divdf3
 .text          0x0000000008003b3c      0x110 /home/devh/workspace/toolsf1/gcc-arm-none-eabi-10-2020-q4-major-x86_64-linux/gcc-arm-none-eabi-10-2020-q4-major/lib/gcc/arm-none-eabi/10.2.1/thumb/v7-m/nofp/libgcc.a(_arm_cmpdf2.o)
                0x0000000008003b3c                __gtdf2
                0x0000000008003b3c                __gedf2
                0x0000000008003b44                __ltdf2
                0x0000000008003b44                __ledf2
                0x0000000008003b4c                __cmpdf2
                0x0000000008003b4c                __eqdf2
                0x0000000008003b4c                __nedf2
                0x0000000008003bc8                __aeabi_cdrcmple
                0x0000000008003bd8                __aeabi_cdcmple
                0x0000000008003bd8                __aeabi_cdcmpeq
                0x0000000008003be8                __aeabi_dcmpeq
                0x0000000008003bfc                __aeabi_dcmplt
                0x0000000008003c10                __aeabi_dcmple
                0x0000000008003c24                __aeabi_dcmpge
                0x0000000008003c38                __aeabi_dcmpgt
 .text          0x0000000008003c4c       0x2c /home/devh/workspace/toolsf1/gcc-arm-none-eabi-10-2020-q4-major-x86_64-linux/gcc-arm-none-eabi-10-2020-q4-major/lib/gcc/arm-none-eabi/10.2.1/thumb/v7-m/nofp/libgcc.a(_arm_unorddf2.o)
                0x0000000008003c4c                __aeabi_dcmpun
                0x0000000008003c4c                __unorddf2
 .text          0x0000000008003c78       0x50 /home/devh/workspace/toolsf1/gcc-arm-none-eabi-10-2020-q4-major-x86_64-linux/gcc-arm-none-eabi-10-2020-q4-major/lib/gcc/arm-none-eabi/10.2.1/thumb/v7-m/nofp/libgcc.a(_arm_fixdfsi.o)
                0x0000000008003c78                __fixdfsi
                0x0000000008003c78                __aeabi_d2iz
 .text          0x0000000008003cc8       0x40 /home/devh/workspace/toolsf1/gcc-arm-none-eabi-10-2020-q4-major-x86_64-linux/gcc-arm-none-eabi-10-2020-q4-major/lib/gcc/arm-none-eabi/10.2.1/thumb/v7-m/nofp/libgcc.a(_arm_fixunsdfsi.o)
                0x0000000008003cc8                __fixunsdfsi
                0x0000000008003cc8                __aeabi_d2uiz
 .text          0x0000000008003d08      0x21c /home/devh/workspace/toolsf1/gcc-arm-none-eabi-10-2020-q4-major-x86_64-linux/gcc-arm-none-eabi-10-2020-q4-major/lib/gcc/arm-none-eabi/10.2.1/thumb/v7-m/nofp/libgcc.a(_arm_addsubsf3.o)
                0x0000000008003d08                __aeabi_frsub
                0x0000000008003d10                __subsf3
                0x0000000008003d10                __aeabi_fsub
                0x0000000008003d14                __aeabi_fadd
                0x0000000008003d14                __addsf3
                0x0000000008003e74                __aeabi_ui2f
                0x0000000008003e74                __floatunsisf
                0x0000000008003e7c                __aeabi_i2f
                0x0000000008003e7c                __floatsisf
                0x0000000008003e98                __floatundisf
                0x0000000008003e98                __aeabi_ul2f
                0x0000000008003ea8                __floatdisf
                0x0000000008003ea8                __aeabi_l2f
 .text          0x0000000008003f24      0x2a0 /home/devh/workspace/toolsf1/gcc-arm-none-eabi-10-2020-q4-major-x86_64-linux/gcc-arm-none-eabi-10-2020-q4-major/lib/gcc/arm-none-eabi/10.2.1/thumb/v7-m/nofp/libgcc.a(_arm_muldivsf3.o)
                0x0000000008003f24                __mulsf3
                0x0000000008003f24                __aeabi_fmul
                0x000000000800408c                __divsf3
                0x000000000800408c                __aeabi_fdiv
 .text          0x00000000080041c4       0xec /home/devh/workspace/toolsf1/gcc-arm-none-eabi-10-2020-q4-major-x86_64-linux/gcc-arm-none-eabi-10-2020-q4-major/lib/gcc/arm-none-eabi/10.2.1/thumb/v7-m/nofp/libgcc.a(_arm_cmpsf2.o)
                0x00000000080041c4                __gtsf2
                0x00000000080041c4                __gesf2
                0x00000000080041cc                __lesf2
                0x00000000080041cc                __ltsf2
                0x00000000080041d4                __nesf2
                0x00000000080041d4                __eqsf2
                0x00000000080041d4                __cmpsf2
                0x0000000008004234                __aeabi_cfrcmple
                0x000000000800423c                __aeabi_cfcmple
                0x000000000800423c                __aeabi_cfcmpeq
                0x000000000800424c                __aeabi_fcmpeq
                0x0000000008004260                __aeabi_fcmplt
                0x0000000008004274                __aeabi_fcmple
                0x0000000008004288                __aeabi_fcmpge
                0x000000000800429c                __aeabi_fcmpgt
 .text          0x00000000080042b0       0x4c /home/devh/workspace/toolsf1/gcc-arm-none-eabi-10-2020-q4-major-x86_64-linux/gcc-arm-none-eabi-10-2020-q4-major/lib/gcc/arm-none-eabi/10.2.1/thumb/v7-m/nofp/libgcc.a(_arm_fixsfsi.o)
                0x00000000080042b0                __fixsfsi
                0x00000000080042b0                __aeabi_f2iz
 .text          0x00000000080042fc       0x40 /home/devh/workspace/toolsf1/gcc-arm-none-eabi-10-2020-q4-major-x86_64-linux/gcc-arm-none-eabi-10-2020-q4-major/lib/gcc/arm-none-eabi/10.2.1/thumb/v7-m/nofp/libgcc.a(_arm_fixunssfsi.o)
                0x00000000080042fc                __aeabi_f2uiz
                0x00000000080042fc                __fixunssfsi
 .text          0x000000000800433c       0x30 /home/devh/workspace/toolsf1/gcc-arm-none-eabi-10-2020-q4-major-x86_64-linux/gcc-arm-none-eabi-10-2020-q4-major/lib/gcc/arm-none-eabi/10.2.1/thumb/v7-m/nofp/libgcc.a(_aeabi_uldivmod.o)
                0x000000000800433c                __aeabi_uldivmod
 .text          0x000000000800436c      0x2d4 /home/devh/workspace/toolsf1/gcc-arm-none-eabi-10-2020-q4-major-x86_64-linux/gcc-arm-none-eabi-10-2020-q4-major/lib/gcc/arm-none-eabi/10.2.1/thumb/v7-m/nofp/libgcc.a(_udivmoddi4.o)
                0x000000000800436c                __udivmoddi4
 .text          0x0000000008004640        0x4 /home/devh/workspace/toolsf1/gcc-arm-none-eabi-10-2020-q4-major-x86_64-linux/gcc-arm-none-eabi-10-2020-q4-major/lib/gcc/arm-none-eabi/10.2.1/thumb/v7-m/nofp/libgcc.a(_dvmd_tls.o)
                0x0000000008004640                __aeabi_ldiv0
                0x0000000008004640                __aeabi_idiv0
 *(.text*)
 .text.task_create
                0x0000000008004644       0x3c build_st_devlopment_board_v1_stm32l/task.o
                0x0000000008004644                task_create
 .text.task_polling_create
                0x0000000008004680       0x34 build_st_devlopment_board_v1_stm32l/task.o
                0x0000000008004680                task_polling_create
 .text.task_post
                0x00000000080046b4       0x84 build_st_devlopment_board_v1_stm32l/task.o
                0x00000000080046b4                task_post
 .text.task_remove_msg
                0x0000000008004738       0x9c build_st_devlopment_board_v1_stm32l/task.o
                0x0000000008004738                task_remove_msg
 .text.task_post_pure_msg
                0x00000000080047d4       0x18 build_st_devlopment_board_v1_stm32l/task.o
                0x00000000080047d4                task_post_pure_msg
 .text.task_post_common_msg
                0x00000000080047ec       0x2a build_st_devlopment_board_v1_stm32l/task.o
                0x00000000080047ec                task_post_common_msg
 *fill*         0x0000000008004816        0x2 
 .text.task_entry_interrupt
                0x0000000008004818       0x1c build_st_devlopment_board_v1_stm32l/task.o
                0x0000000008004818                task_entry_interrupt
 .text.task_exit_interrupt
                0x0000000008004834       0x24 build_st_devlopment_board_v1_stm32l/task.o
                0x0000000008004834                task_exit_interrupt
 .text.task_init
                0x0000000008004858       0x40 build_st_devlopment_board_v1_stm32l/task.o
                0x0000000008004858                task_init
 .text.task_polling_run
                0x0000000008004898       0x34 build_st_devlopment_board_v1_stm32l/task.o
                0x0000000008004898                task_polling_run
 .text.task_run
                0x00000000080048cc      0x138 build_st_devlopment_board_v1_stm32l/task.o
                0x00000000080048cc                task_run
 .text.get_current_task_id
                0x0000000008004a04        0xc build_st_devlopment_board_v1_stm32l/task.o
                0x0000000008004a04                get_current_task_id
 .text.get_current_task_info
                0x0000000008004a10        0x8 build_st_devlopment_board_v1_stm32l/task.o
                0x0000000008004a10                get_current_task_info
 .text.get_current_active_object
                0x0000000008004a18        0x8 build_st_devlopment_board_v1_stm32l/task.o
                0x0000000008004a18                get_current_active_object
 .text.timer_remove_msg
                0x0000000008004a20       0x58 build_st_devlopment_board_v1_stm32l/timer.o
 .text.task_timer_tick
                0x0000000008004a78       0x7c build_st_devlopment_board_v1_stm32l/timer.o
                0x0000000008004a78                task_timer_tick
 .text.timer_init
                0x0000000008004af4       0x5c build_st_devlopment_board_v1_stm32l/timer.o
                0x0000000008004af4                timer_init
 .text.timer_tick
                0x0000000008004b50       0x38 build_st_devlopment_board_v1_stm32l/timer.o
                0x0000000008004b50                timer_tick
 .text.timer_set
                0x0000000008004b88       0x7c build_st_devlopment_board_v1_stm32l/timer.o
                0x0000000008004b88                timer_set
 .text.timer_remove_attr
                0x0000000008004c04       0x18 build_st_devlopment_board_v1_stm32l/timer.o
                0x0000000008004c04                timer_remove_attr
 .text.msg_init
                0x0000000008004c1c       0xcc build_st_devlopment_board_v1_stm32l/message.o
                0x0000000008004c1c                msg_init
 .text.msg_inc_ref_count
                0x0000000008004ce8       0x2c build_st_devlopment_board_v1_stm32l/message.o
                0x0000000008004ce8                msg_inc_ref_count
 .text.msg_dec_ref_count
                0x0000000008004d14       0x28 build_st_devlopment_board_v1_stm32l/message.o
                0x0000000008004d14                msg_dec_ref_count
 .text.msg_free
                0x0000000008004d3c       0x74 build_st_devlopment_board_v1_stm32l/message.o
                0x0000000008004d3c                msg_free
 .text.ak_malloc
                0x0000000008004db0       0x50 build_st_devlopment_board_v1_stm32l/message.o
                0x0000000008004db0                ak_malloc
 .text.ak_free  0x0000000008004e00        0x4 build_st_devlopment_board_v1_stm32l/message.o
                0x0000000008004e00                ak_free
 .text.get_pure_msg
                0x0000000008004e04       0x40 build_st_devlopment_board_v1_stm32l/message.o
                0x0000000008004e04                get_pure_msg
 .text.get_common_msg
                0x0000000008004e44       0x44 build_st_devlopment_board_v1_stm32l/message.o
                0x0000000008004e44                get_common_msg
 .text.set_data_common_msg
                0x0000000008004e88       0x4c build_st_devlopment_board_v1_stm32l/message.o
                0x0000000008004e88                set_data_common_msg
 .text.get_data_common_msg
                0x0000000008004ed4       0x28 build_st_devlopment_board_v1_stm32l/message.o
                0x0000000008004ed4                get_data_common_msg
 .text.get_data_len_common_msg
                0x0000000008004efc       0x28 build_st_devlopment_board_v1_stm32l/message.o
                0x0000000008004efc                get_data_len_common_msg
 .text.get_dynamic_msg
                0x0000000008004f24       0x44 build_st_devlopment_board_v1_stm32l/message.o
                0x0000000008004f24                get_dynamic_msg
 .text.set_data_dynamic_msg
                0x0000000008004f68       0x3c build_st_devlopment_board_v1_stm32l/message.o
                0x0000000008004f68                set_data_dynamic_msg
 .text.get_data_dynamic_msg
                0x0000000008004fa4       0x28 build_st_devlopment_board_v1_stm32l/message.o
                0x0000000008004fa4                get_data_dynamic_msg
 .text.get_data_len_dynamic_msg
                0x0000000008004fcc        0x4 build_st_devlopment_board_v1_stm32l/message.o
                0x0000000008004fcc                get_data_len_dynamic_msg
 .text.log_queue_init
                0x0000000008004fd0       0x2e build_st_devlopment_board_v1_stm32l/log_queue.o
                0x0000000008004fd0                log_queue_init
 .text.log_queue_len
                0x0000000008004ffe        0x4 build_st_devlopment_board_v1_stm32l/log_queue.o
                0x0000000008004ffe                log_queue_len
 .text.log_queue_put
                0x0000000008005002       0x5c build_st_devlopment_board_v1_stm32l/log_queue.o
                0x0000000008005002                log_queue_put
 .text.log_queue_get
                0x000000000800505e       0x30 build_st_devlopment_board_v1_stm32l/log_queue.o
                0x000000000800505e                log_queue_get
 .text.ring_buffer_char_init
                0x000000000800508e        0xc build_st_devlopment_board_v1_stm32l/ring_buffer.o
                0x000000000800508e                ring_buffer_char_init
 .text.ring_buffer_char_is_empty
                0x000000000800509a        0xa build_st_devlopment_board_v1_stm32l/ring_buffer.o
                0x000000000800509a                ring_buffer_char_is_empty
 .text.ring_buffer_char_put
                0x00000000080050a4       0x36 build_st_devlopment_board_v1_stm32l/ring_buffer.o
                0x00000000080050a4                ring_buffer_char_put
 .text.ring_buffer_char_get
                0x00000000080050da       0x26 build_st_devlopment_board_v1_stm32l/ring_buffer.o
                0x00000000080050da                ring_buffer_char_get
 .text.mem_read
                0x0000000008005100       0x18 build_st_devlopment_board_v1_stm32l/utils.o
                0x0000000008005100                mem_read
 .text.mem_write
                0x0000000008005118       0x1a build_st_devlopment_board_v1_stm32l/utils.o
                0x0000000008005118                mem_write
 *fill*         0x0000000008005132        0x6 
 .text.ilog10   0x0000000008005138       0xd8 build_st_devlopment_board_v1_stm32l/xprintf.o
 .text.i10x     0x0000000008005210       0x78 build_st_devlopment_board_v1_stm32l/xprintf.o
 .text.xfputc   0x0000000008005288       0x30 build_st_devlopment_board_v1_stm32l/xprintf.o
                0x0000000008005288                xfputc
 .text.xputc    0x00000000080052b8       0x10 build_st_devlopment_board_v1_stm32l/xprintf.o
                0x00000000080052b8                xputc
 .text.xvfprintf
                0x00000000080052c8      0x57c build_st_devlopment_board_v1_stm32l/xprintf.o
 .text.xprintf  0x0000000008005844       0x24 build_st_devlopment_board_v1_stm32l/xprintf.o
                0x0000000008005844                xprintf
 .text.cmd_line_parser
                0x0000000008005868       0x7c build_st_devlopment_board_v1_stm32l/cmd_line.o
                0x0000000008005868                cmd_line_parser
 .text.button_init
                0x00000000080058e4       0x34 build_st_devlopment_board_v1_stm32l/button.o
                0x00000000080058e4                button_init
 .text.button_enable
                0x0000000008005918        0x6 build_st_devlopment_board_v1_stm32l/button.o
                0x0000000008005918                button_enable
 .text.button_timer_polling
                0x000000000800591e       0x76 build_st_devlopment_board_v1_stm32l/button.o
                0x000000000800591e                button_timer_polling
 .text.flash_wait_to_idle
                0x0000000008005994       0x3c build_st_devlopment_board_v1_stm32l/flash.o
 .text.flash_set_write_enable.constprop.0
                0x00000000080059d0       0x1a build_st_devlopment_board_v1_stm32l/flash.o
 .text.flash_read
                0x00000000080059ea       0x4a build_st_devlopment_board_v1_stm32l/flash.o
                0x00000000080059ea                flash_read
 .text.flash_write
                0x0000000008005a34       0x60 build_st_devlopment_board_v1_stm32l/flash.o
                0x0000000008005a34                flash_write
 .text.flash_erase_sector
                0x0000000008005a94       0x48 build_st_devlopment_board_v1_stm32l/flash.o
                0x0000000008005a94                flash_erase_sector
 .text.flash_erase_block_64k
                0x0000000008005adc       0x46 build_st_devlopment_board_v1_stm32l/flash.o
                0x0000000008005adc                flash_erase_block_64k
 .text.flash_erase_full
                0x0000000008005b22       0x26 build_st_devlopment_board_v1_stm32l/flash.o
                0x0000000008005b22                flash_erase_full
 .text.led_init
                0x0000000008005b48       0x20 build_st_devlopment_board_v1_stm32l/led.o
                0x0000000008005b48                led_init
 .text.led_on   0x0000000008005b68        0xc build_st_devlopment_board_v1_stm32l/led.o
                0x0000000008005b68                led_on
 .text.led_off  0x0000000008005b74        0xc build_st_devlopment_board_v1_stm32l/led.o
                0x0000000008005b74                led_off
 .text.led_toggle
                0x0000000008005b80       0x12 build_st_devlopment_board_v1_stm32l/led.o
                0x0000000008005b80                led_toggle
 *fill*         0x0000000008005b92        0x2 
 .text.sys_dbg_func_stack_dump
                0x0000000008005b94       0x68 build_st_devlopment_board_v1_stm32l/sys_dbg.o
                0x0000000008005b94                sys_dbg_func_stack_dump
 .text.sys_dbg_cpu_dump
                0x0000000008005bfc       0x4c build_st_devlopment_board_v1_stm32l/sys_dbg.o
                0x0000000008005bfc                sys_dbg_cpu_dump
 .text.sys_dbg_stack_space_dump
                0x0000000008005c48       0x30 build_st_devlopment_board_v1_stm32l/sys_dbg.o
                0x0000000008005c48                sys_dbg_stack_space_dump
 .text.sys_dbg_fatal
                0x0000000008005c78      0x3cc build_st_devlopment_board_v1_stm32l/sys_dbg.o
                0x0000000008005c78                sys_dbg_fatal
 .text.sys_boot_init
                0x0000000008006044       0x14 build_st_devlopment_board_v1_stm32l/sys_boot.o
                0x0000000008006044                sys_boot_init
 .text.sys_boot_get
                0x0000000008006058        0xc build_st_devlopment_board_v1_stm32l/sys_boot.o
                0x0000000008006058                sys_boot_get
 .text.sys_boot_set
                0x0000000008006064       0x34 build_st_devlopment_board_v1_stm32l/sys_boot.o
                0x0000000008006064                sys_boot_set
 .text.GPIO_Init
                0x0000000008006098       0x78 build_st_devlopment_board_v1_stm32l/stm32l1xx_gpio.o
                0x0000000008006098                GPIO_Init
 .text.GPIO_ReadInputDataBit
                0x0000000008006110        0xc build_st_devlopment_board_v1_stm32l/stm32l1xx_gpio.o
                0x0000000008006110                GPIO_ReadInputDataBit
 .text.GPIO_SetBits
                0x000000000800611c        0x4 build_st_devlopment_board_v1_stm32l/stm32l1xx_gpio.o
                0x000000000800611c                GPIO_SetBits
 .text.GPIO_ResetBits
                0x0000000008006120        0x4 build_st_devlopment_board_v1_stm32l/stm32l1xx_gpio.o
                0x0000000008006120                GPIO_ResetBits
 .text.GPIO_PinAFConfig
                0x0000000008006124       0x24 build_st_devlopment_board_v1_stm32l/stm32l1xx_gpio.o
                0x0000000008006124                GPIO_PinAFConfig
 .text.RCC_HSICmd
                0x0000000008006148        0xc build_st_devlopment_board_v1_stm32l/stm32l1xx_rcc.o
                0x0000000008006148                RCC_HSICmd
 .text.RCC_GetClocksFreq
                0x0000000008006154       0x9c build_st_devlopment_board_v1_stm32l/stm32l1xx_rcc.o
                0x0000000008006154                RCC_GetClocksFreq
 .text.RCC_AHBPeriphClockCmd
                0x00000000080061f0       0x18 build_st_devlopment_board_v1_stm32l/stm32l1xx_rcc.o
                0x00000000080061f0                RCC_AHBPeriphClockCmd
 .text.RCC_APB2PeriphClockCmd
                0x0000000008006208       0x18 build_st_devlopment_board_v1_stm32l/stm32l1xx_rcc.o
                0x0000000008006208                RCC_APB2PeriphClockCmd
 .text.RCC_APB1PeriphClockCmd
                0x0000000008006220       0x18 build_st_devlopment_board_v1_stm32l/stm32l1xx_rcc.o
                0x0000000008006220                RCC_APB1PeriphClockCmd
 .text.RCC_APB2PeriphResetCmd
                0x0000000008006238       0x18 build_st_devlopment_board_v1_stm32l/stm32l1xx_rcc.o
                0x0000000008006238                RCC_APB2PeriphResetCmd
 .text.RCC_APB1PeriphResetCmd
                0x0000000008006250       0x18 build_st_devlopment_board_v1_stm32l/stm32l1xx_rcc.o
                0x0000000008006250                RCC_APB1PeriphResetCmd
 .text.RCC_GetFlagStatus
                0x0000000008006268       0x20 build_st_devlopment_board_v1_stm32l/stm32l1xx_rcc.o
                0x0000000008006268                RCC_GetFlagStatus
 .text.USART_Init
                0x0000000008006288       0xa4 build_st_devlopment_board_v1_stm32l/stm32l1xx_usart.o
                0x0000000008006288                USART_Init
 .text.USART_Cmd
                0x000000000800632c       0x18 build_st_devlopment_board_v1_stm32l/stm32l1xx_usart.o
                0x000000000800632c                USART_Cmd
 .text.USART_SendData
                0x0000000008006344        0x8 build_st_devlopment_board_v1_stm32l/stm32l1xx_usart.o
                0x0000000008006344                USART_SendData
 .text.USART_ReceiveData
                0x000000000800634c        0x8 build_st_devlopment_board_v1_stm32l/stm32l1xx_usart.o
                0x000000000800634c                USART_ReceiveData
 .text.USART_ITConfig
                0x0000000008006354       0x30 build_st_devlopment_board_v1_stm32l/stm32l1xx_usart.o
                0x0000000008006354                USART_ITConfig
 .text.USART_GetFlagStatus
                0x0000000008006384        0xc build_st_devlopment_board_v1_stm32l/stm32l1xx_usart.o
                0x0000000008006384                USART_GetFlagStatus
 .text.USART_GetITStatus
                0x0000000008006390       0x3e build_st_devlopment_board_v1_stm32l/stm32l1xx_usart.o
                0x0000000008006390                USART_GetITStatus
 .text.USART_ClearITPendingBit
                0x00000000080063ce        0xe build_st_devlopment_board_v1_stm32l/stm32l1xx_usart.o
                0x00000000080063ce                USART_ClearITPendingBit
 .text.SPI_I2S_DeInit
                0x00000000080063dc       0x64 build_st_devlopment_board_v1_stm32l/stm32l1xx_spi.o
                0x00000000080063dc                SPI_I2S_DeInit
 .text.SPI_Init
                0x0000000008006440       0x3e build_st_devlopment_board_v1_stm32l/stm32l1xx_spi.o
                0x0000000008006440                SPI_Init
 .text.SPI_Cmd  0x000000000800647e       0x18 build_st_devlopment_board_v1_stm32l/stm32l1xx_spi.o
                0x000000000800647e                SPI_Cmd
 .text.SPI_I2S_ReceiveData
                0x0000000008006496        0x6 build_st_devlopment_board_v1_stm32l/stm32l1xx_spi.o
                0x0000000008006496                SPI_I2S_ReceiveData
 .text.SPI_I2S_SendData
                0x000000000800649c        0x4 build_st_devlopment_board_v1_stm32l/stm32l1xx_spi.o
                0x000000000800649c                SPI_I2S_SendData
 .text.SPI_I2S_GetFlagStatus
                0x00000000080064a0        0xc build_st_devlopment_board_v1_stm32l/stm32l1xx_spi.o
                0x00000000080064a0                SPI_I2S_GetFlagStatus
 .text.NVIC_PriorityGroupConfig
                0x00000000080064ac       0x14 build_st_devlopment_board_v1_stm32l/misc.o
                0x00000000080064ac                NVIC_PriorityGroupConfig
 .text.NVIC_Init
                0x00000000080064c0       0x58 build_st_devlopment_board_v1_stm32l/misc.o
                0x00000000080064c0                NVIC_Init
 .text.EXTI_GetFlagStatus
                0x0000000008006518       0x14 build_st_devlopment_board_v1_stm32l/stm32l1xx_exti.o
                0x0000000008006518                EXTI_GetFlagStatus
 .text.EXTI_GetITStatus
                0x000000000800652c        0x4 build_st_devlopment_board_v1_stm32l/stm32l1xx_exti.o
                0x000000000800652c                EXTI_GetITStatus
 .text.EXTI_ClearITPendingBit
                0x0000000008006530        0xc build_st_devlopment_board_v1_stm32l/stm32l1xx_exti.o
                0x0000000008006530                EXTI_ClearITPendingBit
 .text.TIM_TimeBaseInit
                0x000000000800653c       0x58 build_st_devlopment_board_v1_stm32l/stm32l1xx_tim.o
                0x000000000800653c                TIM_TimeBaseInit
 .text.TIM_Cmd  0x0000000008006594       0x18 build_st_devlopment_board_v1_stm32l/stm32l1xx_tim.o
                0x0000000008006594                TIM_Cmd
 .text.TIM_ITConfig
                0x00000000080065ac       0x12 build_st_devlopment_board_v1_stm32l/stm32l1xx_tim.o
                0x00000000080065ac                TIM_ITConfig
 .text.TIM_GetITStatus
                0x00000000080065be       0x16 build_st_devlopment_board_v1_stm32l/stm32l1xx_tim.o
                0x00000000080065be                TIM_GetITStatus
 .text.TIM_ClearITPendingBit
                0x00000000080065d4        0x8 build_st_devlopment_board_v1_stm32l/stm32l1xx_tim.o
                0x00000000080065d4                TIM_ClearITPendingBit
 .text.ADC_TempSensorVrefintCmd
                0x00000000080065dc       0x18 build_st_devlopment_board_v1_stm32l/stm32l1xx_adc.o
                0x00000000080065dc                ADC_TempSensorVrefintCmd
 .text.ADC_RegularChannelConfig
                0x00000000080065f4      0x104 build_st_devlopment_board_v1_stm32l/stm32l1xx_adc.o
                0x00000000080065f4                ADC_RegularChannelConfig
 .text.ADC_SoftwareStartConv
                0x00000000080066f8        0xa build_st_devlopment_board_v1_stm32l/stm32l1xx_adc.o
                0x00000000080066f8                ADC_SoftwareStartConv
 .text.ADC_GetConversionValue
                0x0000000008006702        0x6 build_st_devlopment_board_v1_stm32l/stm32l1xx_adc.o
                0x0000000008006702                ADC_GetConversionValue
 .text.ADC_GetFlagStatus
                0x0000000008006708        0xc build_st_devlopment_board_v1_stm32l/stm32l1xx_adc.o
                0x0000000008006708                ADC_GetFlagStatus
 .text.PWR_UltraLowPowerCmd
                0x0000000008006714        0xc build_st_devlopment_board_v1_stm32l/stm32l1xx_pwr.o
                0x0000000008006714                PWR_UltraLowPowerCmd
 .text.PWR_EnterSTOPMode
                0x0000000008006720       0x34 build_st_devlopment_board_v1_stm32l/stm32l1xx_pwr.o
                0x0000000008006720                PWR_EnterSTOPMode
 .text.FLASH_Lock
                0x0000000008006754       0x10 build_st_devlopment_board_v1_stm32l/stm32l1xx_flash.o
                0x0000000008006754                FLASH_Lock
 .text.DATA_EEPROM_Unlock
                0x0000000008006764       0x20 build_st_devlopment_board_v1_stm32l/stm32l1xx_flash.o
                0x0000000008006764                DATA_EEPROM_Unlock
 .text.FLASH_Unlock
                0x0000000008006784       0x2c build_st_devlopment_board_v1_stm32l/stm32l1xx_flash.o
                0x0000000008006784                FLASH_Unlock
 .text.DATA_EEPROM_Lock
                0x00000000080067b0       0x10 build_st_devlopment_board_v1_stm32l/stm32l1xx_flash.o
                0x00000000080067b0                DATA_EEPROM_Lock
 .text.FLASH_OB_Unlock
                0x00000000080067c0       0x2c build_st_devlopment_board_v1_stm32l/stm32l1xx_flash.o
                0x00000000080067c0                FLASH_OB_Unlock
 .text.FLASH_OB_Launch
                0x00000000080067ec       0x10 build_st_devlopment_board_v1_stm32l/stm32l1xx_flash.o
                0x00000000080067ec                FLASH_OB_Launch
 .text.FLASH_OB_GetBOR
                0x00000000080067fc       0x10 build_st_devlopment_board_v1_stm32l/stm32l1xx_flash.o
                0x00000000080067fc                FLASH_OB_GetBOR
 .text.FLASH_ClearFlag
                0x000000000800680c        0xc build_st_devlopment_board_v1_stm32l/stm32l1xx_flash.o
                0x000000000800680c                FLASH_ClearFlag
 .text.FLASH_GetStatus
                0x0000000008006818       0x28 build_st_devlopment_board_v1_stm32l/stm32l1xx_flash.o
                0x0000000008006818                FLASH_GetStatus
 .text.FLASH_WaitForLastOperation
                0x0000000008006840       0x3c build_st_devlopment_board_v1_stm32l/stm32l1xx_flash.o
                0x0000000008006840                FLASH_WaitForLastOperation
 .text.FLASH_ErasePage
                0x000000000800687c       0x44 build_st_devlopment_board_v1_stm32l/stm32l1xx_flash.o
                0x000000000800687c                FLASH_ErasePage
 .text.FLASH_FastProgramWord
                0x00000000080068c0       0x22 build_st_devlopment_board_v1_stm32l/stm32l1xx_flash.o
                0x00000000080068c0                FLASH_FastProgramWord
 .text.DATA_EEPROM_EraseWord
                0x00000000080068e2       0x16 build_st_devlopment_board_v1_stm32l/stm32l1xx_flash.o
                0x00000000080068e2                DATA_EEPROM_EraseWord
 .text.DATA_EEPROM_FastProgramWord
                0x00000000080068f8       0x30 build_st_devlopment_board_v1_stm32l/stm32l1xx_flash.o
                0x00000000080068f8                DATA_EEPROM_FastProgramWord
 .text.DATA_EEPROM_ProgramByte
                0x0000000008006928       0x4c build_st_devlopment_board_v1_stm32l/stm32l1xx_flash.o
                0x0000000008006928                DATA_EEPROM_ProgramByte
 .text.FLASH_OB_BORConfig
                0x0000000008006974       0x3c build_st_devlopment_board_v1_stm32l/stm32l1xx_flash.o
                0x0000000008006974                FLASH_OB_BORConfig
 .text.IWDG_WriteAccessCmd
                0x00000000080069b0        0xc build_st_devlopment_board_v1_stm32l/stm32l1xx_iwdg.o
                0x00000000080069b0                IWDG_WriteAccessCmd
 .text.IWDG_SetPrescaler
                0x00000000080069bc        0xc build_st_devlopment_board_v1_stm32l/stm32l1xx_iwdg.o
                0x00000000080069bc                IWDG_SetPrescaler
 .text.IWDG_SetReload
                0x00000000080069c8        0xc build_st_devlopment_board_v1_stm32l/stm32l1xx_iwdg.o
                0x00000000080069c8                IWDG_SetReload
 .text.IWDG_ReloadCounter
                0x00000000080069d4       0x10 build_st_devlopment_board_v1_stm32l/stm32l1xx_iwdg.o
                0x00000000080069d4                IWDG_ReloadCounter
 .text.IWDG_Enable
                0x00000000080069e4       0x10 build_st_devlopment_board_v1_stm32l/stm32l1xx_iwdg.o
                0x00000000080069e4                IWDG_Enable
 .text.I2C_SendData
                0x00000000080069f4        0x4 build_st_devlopment_board_v1_stm32l/stm32l1xx_i2c.o
                0x00000000080069f4                I2C_SendData
 .text.I2C_CheckEvent
                0x00000000080069f8       0x18 build_st_devlopment_board_v1_stm32l/stm32l1xx_i2c.o
                0x00000000080069f8                I2C_CheckEvent
 .text.disable_interrupts
                0x0000000008006a10       0x10 build_st_devlopment_board_v1_stm32l/platform.o
                0x0000000008006a10                disable_interrupts
 .text.entry_critical
                0x0000000008006a20       0x14 build_st_devlopment_board_v1_stm32l/platform.o
                0x0000000008006a20                entry_critical
 .text.exit_critical
                0x0000000008006a34       0x30 build_st_devlopment_board_v1_stm32l/platform.o
                0x0000000008006a34                exit_critical
 .text.svc_handler
                0x0000000008006a64       0x12 build_st_devlopment_board_v1_stm32l/system.o
                0x0000000008006a64                svc_handler
 *fill*         0x0000000008006a76        0x2 
 .text.pendsv_handler
                0x0000000008006a78       0x34 build_st_devlopment_board_v1_stm32l/system.o
                0x0000000008006a78                pendsv_handler
 .text.default_handler
                0x0000000008006aac       0x1c build_st_devlopment_board_v1_stm32l/system.o
                0x0000000008006aac                default_handler
                0x0000000008006aac                dg_monitor_handler
 .text.nmi_handler
                0x0000000008006ac8       0x1c build_st_devlopment_board_v1_stm32l/system.o
                0x0000000008006ac8                nmi_handler
 .text.hard_fault_handler
                0x0000000008006ae4       0x1c build_st_devlopment_board_v1_stm32l/system.o
                0x0000000008006ae4                hard_fault_handler
 .text.mem_manage_handler
                0x0000000008006b00       0x1c build_st_devlopment_board_v1_stm32l/system.o
                0x0000000008006b00                mem_manage_handler
 .text.bus_fault_handler
                0x0000000008006b1c       0x1c build_st_devlopment_board_v1_stm32l/system.o
                0x0000000008006b1c                bus_fault_handler
 .text.usage_fault_handler
                0x0000000008006b38       0x1c build_st_devlopment_board_v1_stm32l/system.o
                0x0000000008006b38                usage_fault_handler
 .text.systick_handler
                0x0000000008006b54       0x40 build_st_devlopment_board_v1_stm32l/system.o
                0x0000000008006b54                systick_handler
 .text.usb_lp_irq
                0x0000000008006b94        0xe build_st_devlopment_board_v1_stm32l/system.o
                0x0000000008006b94                usb_lp_irq
 *fill*         0x0000000008006ba2        0x2 
 .text.uart1_irq
                0x0000000008006ba4       0x64 build_st_devlopment_board_v1_stm32l/system.o
                0x0000000008006ba4                uart1_irq
 .text.exti_line1_irq
                0x0000000008006c08       0x1c build_st_devlopment_board_v1_stm32l/system.o
                0x0000000008006c08                exti_line1_irq
 .text.timer7_irq
                0x0000000008006c24       0x24 build_st_devlopment_board_v1_stm32l/system.o
                0x0000000008006c24                timer7_irq
 .text.sys_ctrl_delay
                0x0000000008006c48        0xc build_st_devlopment_board_v1_stm32l/system.o
                0x0000000008006c48                sys_ctrl_delay
 .text.sys_ctrl_millis
                0x0000000008006c54       0x1c build_st_devlopment_board_v1_stm32l/system.o
                0x0000000008006c54                sys_ctrl_millis
 .text._init    0x0000000008006c70        0x2 build_st_devlopment_board_v1_stm32l/system.o
                0x0000000008006c70                _init
 .text._fini    0x0000000008006c72        0x2 build_st_devlopment_board_v1_stm32l/system.o
                0x0000000008006c72                _fini
 .text.sys_stack_count_init
                0x0000000008006c74       0x3c build_st_devlopment_board_v1_stm32l/system.o
                0x0000000008006c74                sys_stack_count_init
 .text.reset_handler
                0x0000000008006cb0       0xc8 build_st_devlopment_board_v1_stm32l/system.o
                0x0000000008006cb0                reset_handler
 .text.sys_stack_usage
                0x0000000008006d78       0x20 build_st_devlopment_board_v1_stm32l/system.o
                0x0000000008006d78                sys_stack_usage
 .text.sys_stack_get_size
                0x0000000008006d98        0xc build_st_devlopment_board_v1_stm32l/system.o
                0x0000000008006d98                sys_stack_get_size
 .text.svc_exe  0x0000000008006da4       0x1e build_st_devlopment_board_v1_stm32l/system.o
                0x0000000008006da4                svc_exe
 *fill*         0x0000000008006dc2        0x2 
 .text.sys_ctrl_shell_put_char_block
                0x0000000008006dc4       0x2c build_st_devlopment_board_v1_stm32l/sys_cfg.o
                0x0000000008006dc4                sys_ctrl_shell_put_char_block
 .text.sys_ctrl_shell_put_char
                0x0000000008006df0       0x38 build_st_devlopment_board_v1_stm32l/sys_cfg.o
                0x0000000008006df0                sys_ctrl_shell_put_char
 .text.sys_cfg_clock
                0x0000000008006e28       0x22 build_st_devlopment_board_v1_stm32l/sys_cfg.o
                0x0000000008006e28                sys_cfg_clock
 *fill*         0x0000000008006e4a        0x2 
 .text.sys_cfg_tick
                0x0000000008006e4c       0x50 build_st_devlopment_board_v1_stm32l/sys_cfg.o
                0x0000000008006e4c                sys_cfg_tick
 .text.sys_cfg_svc
                0x0000000008006e9c       0x30 build_st_devlopment_board_v1_stm32l/sys_cfg.o
                0x0000000008006e9c                sys_cfg_svc
 .text.sys_cfg_pendsv
                0x0000000008006ecc       0x34 build_st_devlopment_board_v1_stm32l/sys_cfg.o
                0x0000000008006ecc                sys_cfg_pendsv
 .text.sys_cfg_update_info
                0x0000000008006f00      0x108 build_st_devlopment_board_v1_stm32l/sys_cfg.o
                0x0000000008006f00                sys_cfg_update_info
 .text.sys_ctrl_shell_sw_to_block
                0x0000000008007008       0x48 build_st_devlopment_board_v1_stm32l/sys_cfg.o
                0x0000000008007008                sys_ctrl_shell_sw_to_block
 .text.sys_cfg_console
                0x0000000008007050       0xd8 build_st_devlopment_board_v1_stm32l/sys_cfg.o
                0x0000000008007050                sys_cfg_console
 .text.sys_ctrl_shell_sw_to_nonblock
                0x0000000008007128       0x2c build_st_devlopment_board_v1_stm32l/sys_cfg.o
                0x0000000008007128                sys_ctrl_shell_sw_to_nonblock
 .text.sys_ctrl_shell_get_char
                0x0000000008007154       0x34 build_st_devlopment_board_v1_stm32l/sys_cfg.o
                0x0000000008007154                sys_ctrl_shell_get_char
 .text.sys_ctrl_reset
                0x0000000008007188       0x20 build_st_devlopment_board_v1_stm32l/sys_cfg.o
                0x0000000008007188                sys_ctrl_reset
 .text.sys_ctrl_delay_us
                0x00000000080071a8       0x58 build_st_devlopment_board_v1_stm32l/sys_cfg.o
                0x00000000080071a8                sys_ctrl_delay_us
 .text.sys_ctrl_delay_ms
                0x0000000008007200       0x1e build_st_devlopment_board_v1_stm32l/sys_cfg.o
                0x0000000008007200                sys_ctrl_delay_ms
 *fill*         0x000000000800721e        0x2 
 .text.sys_ctr_stop_mcu
                0x0000000008007220       0xa8 build_st_devlopment_board_v1_stm32l/sys_cfg.o
                0x0000000008007220                sys_ctr_stop_mcu
 .text.sys_ctrl_independent_watchdog_init
                0x00000000080072c8       0x24 build_st_devlopment_board_v1_stm32l/sys_cfg.o
                0x00000000080072c8                sys_ctrl_independent_watchdog_init
 .text.sys_ctrl_independent_watchdog_reset
                0x00000000080072ec       0x12 build_st_devlopment_board_v1_stm32l/sys_cfg.o
                0x00000000080072ec                sys_ctrl_independent_watchdog_reset
 *fill*         0x00000000080072fe        0x2 
 .text.sys_ctrl_soft_watchdog_init
                0x0000000008007300       0x68 build_st_devlopment_board_v1_stm32l/sys_cfg.o
                0x0000000008007300                sys_ctrl_soft_watchdog_init
 .text.sys_ctrl_soft_watchdog_reset
                0x0000000008007368       0x18 build_st_devlopment_board_v1_stm32l/sys_cfg.o
                0x0000000008007368                sys_ctrl_soft_watchdog_reset
 .text.sys_ctrl_soft_watchdog_increase_counter
                0x0000000008007380       0x40 build_st_devlopment_board_v1_stm32l/sys_cfg.o
                0x0000000008007380                sys_ctrl_soft_watchdog_increase_counter
 .text.sys_ctrl_get_firmware_info
                0x00000000080073c0       0x40 build_st_devlopment_board_v1_stm32l/sys_cfg.o
                0x00000000080073c0                sys_ctrl_get_firmware_info
 .text.task_irq_io_entry_trigger
                0x0000000008007400        0x2 build_st_devlopment_board_v1_stm32l/sys_cfg.o
                0x0000000008007400                task_irq_io_entry_trigger
 .text.task_irq_io_exit_trigger
                0x0000000008007402        0x2 build_st_devlopment_board_v1_stm32l/sys_cfg.o
                0x0000000008007402                task_irq_io_exit_trigger
 .text.io_button_mode_init
                0x0000000008007404       0x28 build_st_devlopment_board_v1_stm32l/io_cfg.o
                0x0000000008007404                io_button_mode_init
 .text.io_button_up_init
                0x000000000800742c       0x28 build_st_devlopment_board_v1_stm32l/io_cfg.o
                0x000000000800742c                io_button_up_init
 .text.io_button_down_init
                0x0000000008007454       0x28 build_st_devlopment_board_v1_stm32l/io_cfg.o
                0x0000000008007454                io_button_down_init
 .text.io_button_mode_read
                0x000000000800747c        0xc build_st_devlopment_board_v1_stm32l/io_cfg.o
                0x000000000800747c                io_button_mode_read
 .text.io_button_up_read
                0x0000000008007488        0xc build_st_devlopment_board_v1_stm32l/io_cfg.o
                0x0000000008007488                io_button_up_read
 .text.io_button_down_read
                0x0000000008007494        0xc build_st_devlopment_board_v1_stm32l/io_cfg.o
                0x0000000008007494                io_button_down_read
 .text.led_life_init
                0x00000000080074a0       0x28 build_st_devlopment_board_v1_stm32l/io_cfg.o
                0x00000000080074a0                led_life_init
 .text.led_life_on
                0x00000000080074c8        0xc build_st_devlopment_board_v1_stm32l/io_cfg.o
                0x00000000080074c8                led_life_on
 .text.led_life_off
                0x00000000080074d4        0xc build_st_devlopment_board_v1_stm32l/io_cfg.o
                0x00000000080074d4                led_life_off
 .text.flash_io_ctrl_init
                0x00000000080074e0       0x28 build_st_devlopment_board_v1_stm32l/io_cfg.o
                0x00000000080074e0                flash_io_ctrl_init
 .text.flash_cs_low
                0x0000000008007508        0xc build_st_devlopment_board_v1_stm32l/io_cfg.o
                0x0000000008007508                flash_cs_low
 .text.flash_cs_high
                0x0000000008007514        0xc build_st_devlopment_board_v1_stm32l/io_cfg.o
                0x0000000008007514                flash_cs_high
 .text.flash_transfer
                0x0000000008007520       0x98 build_st_devlopment_board_v1_stm32l/io_cfg.o
                0x0000000008007520                flash_transfer
 .text.sht1x_clk_input_mode
                0x00000000080075b8       0x28 build_st_devlopment_board_v1_stm32l/io_cfg.o
                0x00000000080075b8                sht1x_clk_input_mode
 .text.sht1x_clk_output_mode
                0x00000000080075e0       0x28 build_st_devlopment_board_v1_stm32l/io_cfg.o
                0x00000000080075e0                sht1x_clk_output_mode
 .text.sht1x_clk_digital_write_low
                0x0000000008007608       0x10 build_st_devlopment_board_v1_stm32l/io_cfg.o
                0x0000000008007608                sht1x_clk_digital_write_low
 .text.sht1x_clk_digital_write_high
                0x0000000008007618       0x10 build_st_devlopment_board_v1_stm32l/io_cfg.o
                0x0000000008007618                sht1x_clk_digital_write_high
 .text.sht1x_data_input_mode
                0x0000000008007628       0x28 build_st_devlopment_board_v1_stm32l/io_cfg.o
                0x0000000008007628                sht1x_data_input_mode
 .text.sht1x_data_output_mode
                0x0000000008007650       0x28 build_st_devlopment_board_v1_stm32l/io_cfg.o
                0x0000000008007650                sht1x_data_output_mode
 .text.sht1x_data_digital_write_low
                0x0000000008007678       0x10 build_st_devlopment_board_v1_stm32l/io_cfg.o
                0x0000000008007678                sht1x_data_digital_write_low
 .text.sht1x_data_digital_write_high
                0x0000000008007688       0x10 build_st_devlopment_board_v1_stm32l/io_cfg.o
                0x0000000008007688                sht1x_data_digital_write_high
 .text.ds1302_ce_input_mode
                0x0000000008007698       0x28 build_st_devlopment_board_v1_stm32l/io_cfg.o
                0x0000000008007698                ds1302_ce_input_mode
 .text.ds1302_ce_output_mode
                0x00000000080076c0       0x28 build_st_devlopment_board_v1_stm32l/io_cfg.o
                0x00000000080076c0                ds1302_ce_output_mode
 .text.ds1302_ce_digital_write_low
                0x00000000080076e8        0xc build_st_devlopment_board_v1_stm32l/io_cfg.o
                0x00000000080076e8                ds1302_ce_digital_write_low
 .text.ds1302_ce_digital_write_high
                0x00000000080076f4        0xc build_st_devlopment_board_v1_stm32l/io_cfg.o
                0x00000000080076f4                ds1302_ce_digital_write_high
 .text.ds1302_clk_input_mode
                0x0000000008007700       0x24 build_st_devlopment_board_v1_stm32l/io_cfg.o
                0x0000000008007700                ds1302_clk_input_mode
 .text.ds1302_clk_output_mode
                0x0000000008007724       0x28 build_st_devlopment_board_v1_stm32l/io_cfg.o
                0x0000000008007724                ds1302_clk_output_mode
 .text.ds1302_clk_digital_write_low
                0x000000000800774c       0x10 build_st_devlopment_board_v1_stm32l/io_cfg.o
                0x000000000800774c                ds1302_clk_digital_write_low
 .text.ds1302_clk_digital_write_high
                0x000000000800775c       0x10 build_st_devlopment_board_v1_stm32l/io_cfg.o
                0x000000000800775c                ds1302_clk_digital_write_high
 .text.ds1302_data_input_mode
                0x000000000800776c       0x28 build_st_devlopment_board_v1_stm32l/io_cfg.o
                0x000000000800776c                ds1302_data_input_mode
 .text.ds1302_data_output_mode
                0x0000000008007794       0x28 build_st_devlopment_board_v1_stm32l/io_cfg.o
                0x0000000008007794                ds1302_data_output_mode
 .text.ds1302_data_digital_write_low
                0x00000000080077bc        0xc build_st_devlopment_board_v1_stm32l/io_cfg.o
                0x00000000080077bc                ds1302_data_digital_write_low
 .text.ds1302_data_digital_write_high
                0x00000000080077c8        0xc build_st_devlopment_board_v1_stm32l/io_cfg.o
                0x00000000080077c8                ds1302_data_digital_write_high
 *fill*         0x00000000080077d4        0x4 
 .text.sys_ctr_get_vbat_voltage
                0x00000000080077d8       0x90 build_st_devlopment_board_v1_stm32l/io_cfg.o
                0x00000000080077d8                sys_ctr_get_vbat_voltage
 .text.sys_ctr_get_mcu_temperature
                0x0000000008007868       0x6c build_st_devlopment_board_v1_stm32l/io_cfg.o
                0x0000000008007868                sys_ctr_get_mcu_temperature
 .text.ssd1306_clk_input_mode
                0x00000000080078d4       0x28 build_st_devlopment_board_v1_stm32l/io_cfg.o
                0x00000000080078d4                ssd1306_clk_input_mode
 .text.ssd1306_clk_output_mode
                0x00000000080078fc       0x28 build_st_devlopment_board_v1_stm32l/io_cfg.o
                0x00000000080078fc                ssd1306_clk_output_mode
 .text.ssd1306_clk_digital_write_low
                0x0000000008007924       0x10 build_st_devlopment_board_v1_stm32l/io_cfg.o
                0x0000000008007924                ssd1306_clk_digital_write_low
 .text.ssd1306_clk_digital_write_high
                0x0000000008007934       0x10 build_st_devlopment_board_v1_stm32l/io_cfg.o
                0x0000000008007934                ssd1306_clk_digital_write_high
 .text.ssd1306_data_input_mode
                0x0000000008007944       0x28 build_st_devlopment_board_v1_stm32l/io_cfg.o
                0x0000000008007944                ssd1306_data_input_mode
 .text.ssd1306_data_output_mode
                0x000000000800796c       0x28 build_st_devlopment_board_v1_stm32l/io_cfg.o
                0x000000000800796c                ssd1306_data_output_mode
 .text.ssd1306_data_digital_write_low
                0x0000000008007994       0x10 build_st_devlopment_board_v1_stm32l/io_cfg.o
                0x0000000008007994                ssd1306_data_digital_write_low
 .text.ssd1306_data_digital_write_high
                0x00000000080079a4       0x10 build_st_devlopment_board_v1_stm32l/io_cfg.o
                0x00000000080079a4                ssd1306_data_digital_write_high
 .text.ssd1306_res_input_mode
                0x00000000080079b4       0x28 build_st_devlopment_board_v1_stm32l/io_cfg.o
                0x00000000080079b4                ssd1306_res_input_mode
 .text.ssd1306_res_output_mode
                0x00000000080079dc       0x28 build_st_devlopment_board_v1_stm32l/io_cfg.o
                0x00000000080079dc                ssd1306_res_output_mode
 .text.ssd1306_res_digital_write_low
                0x0000000008007a04       0x10 build_st_devlopment_board_v1_stm32l/io_cfg.o
                0x0000000008007a04                ssd1306_res_digital_write_low
 .text.ssd1306_res_digital_write_high
                0x0000000008007a14       0x10 build_st_devlopment_board_v1_stm32l/io_cfg.o
                0x0000000008007a14                ssd1306_res_digital_write_high
 .text.io_eeprom_read
                0x0000000008007a24       0x34 build_st_devlopment_board_v1_stm32l/io_cfg.o
                0x0000000008007a24                io_eeprom_read
 .text.io_eeprom_erase
                0x0000000008007a58       0x4c build_st_devlopment_board_v1_stm32l/io_cfg.o
                0x0000000008007a58                io_eeprom_erase
 .text.internal_flash_unlock
                0x0000000008007aa4       0x12 build_st_devlopment_board_v1_stm32l/io_cfg.o
                0x0000000008007aa4                internal_flash_unlock
 .text.internal_flash_lock
                0x0000000008007ab6        0x4 build_st_devlopment_board_v1_stm32l/io_cfg.o
                0x0000000008007ab6                internal_flash_lock
 .text.internal_flash_erase_pages_cal
                0x0000000008007aba       0x24 build_st_devlopment_board_v1_stm32l/io_cfg.o
                0x0000000008007aba                internal_flash_erase_pages_cal
 .text.internal_flash_write_cal
                0x0000000008007ade       0x48 build_st_devlopment_board_v1_stm32l/io_cfg.o
                0x0000000008007ade                internal_flash_write_cal
 *fill*         0x0000000008007b26        0x2 
 .text.io_uart2_cfg
                0x0000000008007b28       0xbc build_st_devlopment_board_v1_stm32l/io_cfg.o
                0x0000000008007b28                io_uart2_cfg
 .text.SystemInit
                0x0000000008007be4      0x114 build_st_devlopment_board_v1_stm32l/system_stm32l1xx.o
                0x0000000008007be4                SystemInit
 .text.SystemCoreClockUpdate
                0x0000000008007cf8       0x88 build_st_devlopment_board_v1_stm32l/system_stm32l1xx.o
                0x0000000008007cf8                SystemCoreClockUpdate
 .text._Z11task_systemP8ak_msg_t
                0x0000000008007d80       0x44 build_st_devlopment_board_v1_stm32l/task_system.o
                0x0000000008007d80                task_system(ak_msg_t*)
 .text.main_app
                0x0000000008007dc4      0x1b4 build_st_devlopment_board_v1_stm32l/app.o
                0x0000000008007dc4                main_app
 .text._Z19task_polling_zigbeev
                0x0000000008007f78        0x2 build_st_devlopment_board_v1_stm32l/app.o
                0x0000000008007f78                task_polling_zigbee()
 *fill*         0x0000000008007f7a        0x2 
 .text._Z20task_polling_consolev
                0x0000000008007f7c       0xc8 build_st_devlopment_board_v1_stm32l/app.o
                0x0000000008007f7c                task_polling_console()
 .text.sys_irq_timer_10ms
                0x0000000008008044       0x24 build_st_devlopment_board_v1_stm32l/app.o
                0x0000000008008044                sys_irq_timer_10ms
 .text.sys_irq_usb_recv
                0x0000000008008068        0x2 build_st_devlopment_board_v1_stm32l/app.o
                0x0000000008008068                sys_irq_usb_recv
 *fill*         0x000000000800806a        0x2 
 .text._Z17btn_mode_callbackPv
                0x000000000800806c       0x3c build_st_devlopment_board_v1_stm32l/app_bsp.o
                0x000000000800806c                btn_mode_callback(void*)
 .text._Z15btn_up_callbackPv
                0x00000000080080a8       0x3c build_st_devlopment_board_v1_stm32l/app_bsp.o
                0x00000000080080a8                btn_up_callback(void*)
 .text._Z17btn_down_callbackPv
                0x00000000080080e4       0x3c build_st_devlopment_board_v1_stm32l/app_bsp.o
                0x00000000080080e4                btn_down_callback(void*)
 .text._ZL19str_parser_get_attrh
                0x0000000008008120       0x1c build_st_devlopment_board_v1_stm32l/shell.o
 .text._Z9shell_sttPh
                0x000000000800813c        0x4 build_st_devlopment_board_v1_stm32l/shell.o
                0x000000000800813c                shell_stt(unsigned char*)
 .text._Z9shell_psvPh
                0x0000000008008140       0x14 build_st_devlopment_board_v1_stm32l/shell.o
                0x0000000008008140                shell_psv(unsigned char*)
 .text._Z11shell_resetPh
                0x0000000008008154       0x10 build_st_devlopment_board_v1_stm32l/shell.o
                0x0000000008008154                shell_reset(unsigned char*)
 .text._Z10shell_helpPh
                0x0000000008008164       0x30 build_st_devlopment_board_v1_stm32l/shell.o
                0x0000000008008164                shell_help(unsigned char*)
 .text._Z9shell_verPh
                0x0000000008008194      0x118 build_st_devlopment_board_v1_stm32l/shell.o
                0x0000000008008194                shell_ver(unsigned char*)
 .text._Z12shell_rebootPh
                0x00000000080082ac       0x10 build_st_devlopment_board_v1_stm32l/shell.o
                0x00000000080082ac                shell_reboot(unsigned char*)
 .text._ZL10str_parserPc
                0x00000000080082bc       0x60 build_st_devlopment_board_v1_stm32l/shell.o
 .text._Z11shell_fatalPh
                0x000000000800831c      0x2f0 build_st_devlopment_board_v1_stm32l/shell.o
                0x000000000800831c                shell_fatal(unsigned char*)
 .text._Z9shell_epsPh
                0x000000000800860c       0xd0 build_st_devlopment_board_v1_stm32l/shell.o
                0x000000000800860c                shell_eps(unsigned char*)
 .text._Z11shell_flashPh
                0x00000000080086dc      0x16c build_st_devlopment_board_v1_stm32l/shell.o
                0x00000000080086dc                shell_flash(unsigned char*)
 .text._Z9shell_ramPh
                0x0000000008008848      0x20c build_st_devlopment_board_v1_stm32l/shell.o
                0x0000000008008848                shell_ram(unsigned char*)
 .text._Z10shell_bootPh
                0x0000000008008a54       0xdc build_st_devlopment_board_v1_stm32l/shell.o
                0x0000000008008a54                shell_boot(unsigned char*)
 .text._Z9shell_fwuPh
                0x0000000008008b30       0x34 build_st_devlopment_board_v1_stm32l/shell.o
                0x0000000008008b30                shell_fwu(unsigned char*)
 .text._Z9shell_dbgPh
                0x0000000008008b64       0x38 build_st_devlopment_board_v1_stm32l/shell.o
                0x0000000008008b64                shell_dbg(unsigned char*)
 .text._ZN17table_string_func8set_realE6Stringi.isra.0
                0x0000000008008b9c       0x2e build_st_devlopment_board_v1_stm32l/shell.o
 *fill*         0x0000000008008bca        0x2 
 .text._Z9shell_accPh
                0x0000000008008bcc       0xb4 build_st_devlopment_board_v1_stm32l/shell.o
                0x0000000008008bcc                shell_acc(unsigned char*)
 .text._Z9shell_epiPh
                0x0000000008008c80        0x4 build_st_devlopment_board_v1_stm32l/shell.o
                0x0000000008008c80                shell_epi(unsigned char*)
 .text._Z9shell_lcdPh
                0x0000000008008c84      0x15c build_st_devlopment_board_v1_stm32l/shell.o
                0x0000000008008c84                shell_lcd(unsigned char*)
 .text.sys_irq_shell
                0x0000000008008de0       0x2c build_st_devlopment_board_v1_stm32l/task_shell.o
                0x0000000008008de0                sys_irq_shell
 .text._Z10task_shellP8ak_msg_t
                0x0000000008008e0c       0x7c build_st_devlopment_board_v1_stm32l/task_shell.o
                0x0000000008008e0c                task_shell(ak_msg_t*)
 .text._Z9task_lifeP8ak_msg_t
                0x0000000008008e88       0x20 build_st_devlopment_board_v1_stm32l/task_life.o
                0x0000000008008e88                task_life(ak_msg_t*)
 .text._Z7task_fwP8ak_msg_t
                0x0000000008008ea8      0x490 build_st_devlopment_board_v1_stm32l/task_fw.o
                0x0000000008008ea8                task_fw(ak_msg_t*)
 .text._ZN22ArduinoJson6120_00000111VariantSlot4nextEv
                0x0000000008009338        0xe build_st_devlopment_board_v1_stm32l/task_display.o
                0x0000000008009338                ArduinoJson6120_000001::VariantSlot::next()
 .text._ZNK22ArduinoJson6120_00000114CollectionData7getSlotINS_21ConstRamStringAdapterEEEPNS_11VariantSlotET_.isra.0
                0x0000000008009346       0x28 build_st_devlopment_board_v1_stm32l/task_display.o
 .text._ZN22ArduinoJson6120_00000119DynamicStringWriterI6StringE5writeEPKhj
                0x000000000800936e       0x28 build_st_devlopment_board_v1_stm32l/task_display.o
                0x000000000800936e                ArduinoJson6120_000001::DynamicStringWriter<String>::write(unsigned char const*, unsigned int)
 .text._Z12task_displayP8ak_msg_t
                0x0000000008009396        0x4 build_st_devlopment_board_v1_stm32l/task_display.o
                0x0000000008009396                task_display(ak_msg_t*)
 .text._ZNK22ArduinoJson6120_00000111VariantData9getMemberINS_21ConstRamStringAdapterEEEPS0_T_
                0x000000000800939a       0x12 build_st_devlopment_board_v1_stm32l/task_display.o
                0x000000000800939a                ArduinoJson6120_000001::VariantData* ArduinoJson6120_000001::VariantData::getMember<ArduinoJson6120_000001::ConstRamStringAdapter>(ArduinoJson6120_000001::ConstRamStringAdapter) const
 .text._ZN22ArduinoJson6120_0000019objectGetINS_21ConstRamStringAdapterEEEPNS_11VariantDataEPKNS_14CollectionDataET_
                0x00000000080093ac        0xa build_st_devlopment_board_v1_stm32l/task_display.o
                0x00000000080093ac                ArduinoJson6120_000001::VariantData* ArduinoJson6120_000001::objectGet<ArduinoJson6120_000001::ConstRamStringAdapter>(ArduinoJson6120_000001::CollectionData const*, ArduinoJson6120_000001::ConstRamStringAdapter)
 *fill*         0x00000000080093b6        0x2 
 .text._ZN22ArduinoJson6120_00000111parseNumberIfjEENS_12ParsedNumberIT_T0_EEPKc
                0x00000000080093b8      0x1a4 build_st_devlopment_board_v1_stm32l/task_display.o
                0x00000000080093b8                ArduinoJson6120_000001::ParsedNumber<float, unsigned int> ArduinoJson6120_000001::parseNumber<float, unsigned int>(char const*)
 .text._ZN22ArduinoJson6120_0000019variantAsIiEENS_9enable_ifIXsrNS_11is_integralIT_EE5valueES3_E4typeEPKNS_11VariantDataE
                0x000000000800955c       0x7c build_st_devlopment_board_v1_stm32l/task_display.o
                0x000000000800955c                ArduinoJson6120_000001::enable_if<ArduinoJson6120_000001::is_integral<int>::value, int>::type ArduinoJson6120_000001::variantAs<int>(ArduinoJson6120_000001::VariantData const*)
 .text._ZN22ArduinoJson6120_00000113TextFormatterINS_19DynamicStringWriterI6StringEEE8writeRawEPKc
                0x00000000080095d8       0x1e build_st_devlopment_board_v1_stm32l/task_display.o
                0x00000000080095d8                ArduinoJson6120_000001::TextFormatter<ArduinoJson6120_000001::DynamicStringWriter<String> >::writeRaw(char const*)
 .text._ZN22ArduinoJson6120_00000113TextFormatterINS_19DynamicStringWriterI6StringEEE8writeRawEc
                0x00000000080095f6       0x14 build_st_devlopment_board_v1_stm32l/task_display.o
                0x00000000080095f6                ArduinoJson6120_000001::TextFormatter<ArduinoJson6120_000001::DynamicStringWriter<String> >::writeRaw(char)
 *fill*         0x000000000800960a        0x2 
 .text._ZN22ArduinoJson6120_00000113TextFormatterINS_19DynamicStringWriterI6StringEEE11writeStringEPKc
                0x000000000800960c       0x54 build_st_devlopment_board_v1_stm32l/task_display.o
                0x000000000800960c                ArduinoJson6120_000001::TextFormatter<ArduinoJson6120_000001::DynamicStringWriter<String> >::writeString(char const*)
 .text._ZN22ArduinoJson6120_00000110FloatPartsIfEC2Ef
                0x0000000008009660      0x16c build_st_devlopment_board_v1_stm32l/task_display.o
                0x0000000008009660                ArduinoJson6120_000001::FloatParts<float>::FloatParts(float)
                0x0000000008009660                ArduinoJson6120_000001::FloatParts<float>::FloatParts(float)
 .text._ZN22ArduinoJson6120_00000113TextFormatterINS_19DynamicStringWriterI6StringEEE8writeRawEPKcS6_
                0x00000000080097cc       0x14 build_st_devlopment_board_v1_stm32l/task_display.o
                0x00000000080097cc                ArduinoJson6120_000001::TextFormatter<ArduinoJson6120_000001::DynamicStringWriter<String> >::writeRaw(char const*, char const*)
 .text._ZN22ArduinoJson6120_00000113TextFormatterINS_19DynamicStringWriterI6StringEEE20writePositiveIntegerImEEvT_
                0x00000000080097e0       0x2c build_st_devlopment_board_v1_stm32l/task_display.o
                0x00000000080097e0                void ArduinoJson6120_000001::TextFormatter<ArduinoJson6120_000001::DynamicStringWriter<String> >::writePositiveInteger<unsigned long>(unsigned long)
 .text._ZN22ArduinoJson6120_00000113TextFormatterINS_19DynamicStringWriterI6StringEEE10writeFloatIfEEvT_
                0x000000000800980c      0x118 build_st_devlopment_board_v1_stm32l/task_display.o
                0x000000000800980c                void ArduinoJson6120_000001::TextFormatter<ArduinoJson6120_000001::DynamicStringWriter<String> >::writeFloat<float>(float)
 .text._ZNK22ArduinoJson6120_00000111VariantData6acceptINS_14JsonSerializerINS_19DynamicStringWriterI6StringEEEEEEvRT_
                0x0000000008009924      0x104 build_st_devlopment_board_v1_stm32l/task_display.o
                0x0000000008009924                void ArduinoJson6120_000001::VariantData::accept<ArduinoJson6120_000001::JsonSerializer<ArduinoJson6120_000001::DynamicStringWriter<String> > >(ArduinoJson6120_000001::JsonSerializer<ArduinoJson6120_000001::DynamicStringWriter<String> >&) const
 .text.startup._GLOBAL__sub_I_scr_mng_app
                0x0000000008009a28       0x5c build_st_devlopment_board_v1_stm32l/task_display.o
 .text.exit._GLOBAL__sub_D_scr_mng_app
                0x0000000008009a84       0x48 build_st_devlopment_board_v1_stm32l/task_display.o
 .text._Z14ActuatorActionc
                0x0000000008009acc       0x3c build_st_devlopment_board_v1_stm32l/menu_options_list.o
                0x0000000008009acc                ActuatorAction(char)
 .text._Z10set_actionh
                0x0000000008009b08       0x28 build_st_devlopment_board_v1_stm32l/menu_options_list.o
                0x0000000008009b08                set_action(unsigned char)
 .text._Z11action_menuv
                0x0000000008009b30       0x4c build_st_devlopment_board_v1_stm32l/menu_options_list.o
                0x0000000008009b30                action_menu()
 .text._Z11MenuDisplayP12LinkerMENU_th
                0x0000000008009b7c       0x78 build_st_devlopment_board_v1_stm32l/menu_options_list.o
                0x0000000008009b7c                MenuDisplay(LinkerMENU_t*, unsigned char)
 .text._Z18view_scr_idle_menuv
                0x0000000008009bf4       0x14 build_st_devlopment_board_v1_stm32l/menu_display.o
                0x0000000008009bf4                view_scr_idle_menu()
 .text._Z20scr_idle_handle_menuP8ak_msg_t
                0x0000000008009c08       0xa4 build_st_devlopment_board_v1_stm32l/menu_display.o
                0x0000000008009c08                scr_idle_handle_menu(ak_msg_t*)
 .text._ZN8ball_acc6movingEv
                0x0000000008009cac       0xe8 build_st_devlopment_board_v1_stm32l/menu_display.o
                0x0000000008009cac                ball_acc::moving()
 .text._ZNSt6vectorI8ball_accSaIS0_EE17_M_realloc_insertIJRKS0_EEEvN9__gnu_cxx17__normal_iteratorIPS0_S2_EEDpOT_
                0x0000000008009d94      0x11c build_st_devlopment_board_v1_stm32l/menu_display.o
                0x0000000008009d94                void std::vector<ball_acc, std::allocator<ball_acc> >::_M_realloc_insert<ball_acc const&>(__gnu_cxx::__normal_iterator<ball_acc*, std::vector<ball_acc, std::allocator<ball_acc> > >, ball_acc const&)
 .text._ZNSt6vectorI10space_tankSaIS0_EE17_M_realloc_insertIJRKS0_EEEvN9__gnu_cxx17__normal_iteratorIPS0_S2_EEDpOT_
                0x0000000008009eb0      0x114 build_st_devlopment_board_v1_stm32l/menu_display.o
                0x0000000008009eb0                void std::vector<space_tank, std::allocator<space_tank> >::_M_realloc_insert<space_tank const&>(__gnu_cxx::__normal_iterator<space_tank*, std::vector<space_tank, std::allocator<space_tank> > >, space_tank const&)
 .text._Z19scr_acc_handle_menuP8ak_msg_t
                0x0000000008009fc4      0x1c0 build_st_devlopment_board_v1_stm32l/menu_display.o
                0x0000000008009fc4                scr_acc_handle_menu(ak_msg_t*)
 .text.startup._GLOBAL__sub_I_speed_ball
                0x000000000800a184       0x1c build_st_devlopment_board_v1_stm32l/menu_display.o
 .text.exit._GLOBAL__sub_D_speed_ball
                0x000000000800a1a0       0x24 build_st_devlopment_board_v1_stm32l/menu_display.o
 .text._Z19view_scr_start_waitv
                0x000000000800a1c4       0xfc build_st_devlopment_board_v1_stm32l/menu_display.o
                0x000000000800a1c4                view_scr_start_wait()
 .text._Z17view_scr_acc_menuv
                0x000000000800a2c0       0x64 build_st_devlopment_board_v1_stm32l/menu_display.o
                0x000000000800a2c0                view_scr_acc_menu()
 .text._Z23scr_startup_handle_waitP8ak_msg_t
                0x000000000800a324       0x48 build_st_devlopment_board_v1_stm32l/menu_display.o
                0x000000000800a324                scr_startup_handle_wait(ak_msg_t*)
 .text._Z7task_ifP8ak_msg_t
                0x000000000800a36c       0xe4 build_st_devlopment_board_v1_stm32l/task_if.o
                0x000000000800a36c                task_if(ak_msg_t*)
 .text._Z12task_rf24_ifP8ak_msg_t
                0x000000000800a450        0x2 build_st_devlopment_board_v1_stm32l/task_rf24_if.o
                0x000000000800a450                task_rf24_if(ak_msg_t*)
 .text._Z12task_uart_ifP8ak_msg_t
                0x000000000800a452        0x2 build_st_devlopment_board_v1_stm32l/task_uart_if.o
                0x000000000800a452                task_uart_if(ak_msg_t*)
 .text._Z8task_dbgP8ak_msg_t
                0x000000000800a454      0x1fc build_st_devlopment_board_v1_stm32l/task_dbg.o
                0x000000000800a454                task_dbg(ak_msg_t*)
 .text._ZNK22ArduinoJson6120_00000120DeserializationError14safeBoolHelperEv
                0x000000000800a650        0x2 build_st_devlopment_board_v1_stm32l/task_aircond_scene.o
                0x000000000800a650                ArduinoJson6120_000001::DeserializationError::safeBoolHelper() const
 .text._ZL7sIPMSt1i
                0x000000000800a652        0x2 build_st_devlopment_board_v1_stm32l/task_aircond_scene.o
 .text._ZN17table_string_func8set_realE6Stringi.isra.0
                0x000000000800a654       0x2e build_st_devlopment_board_v1_stm32l/task_aircond_scene.o
 .text._ZN17table_string_funcclE6Stringi.isra.0
                0x000000000800a682       0x26 build_st_devlopment_board_v1_stm32l/task_aircond_scene.o
 .text._ZNK22ArduinoJson6120_00000120DeserializationErrorcvMS0_KFvvEEv.isra.0
                0x000000000800a6a8       0x18 build_st_devlopment_board_v1_stm32l/task_aircond_scene.o
 .text._ZNK22ArduinoJson6120_00000121ConstRamStringAdapter7compareEPKc.isra.0
                0x000000000800a6c0       0x20 build_st_devlopment_board_v1_stm32l/task_aircond_scene.o
 .text._ZL7sIPMSt2i
                0x000000000800a6e0        0x2 build_st_devlopment_board_v1_stm32l/task_aircond_scene.o
 .text._ZL6rIPMS0i
                0x000000000800a6e2        0x2 build_st_devlopment_board_v1_stm32l/task_aircond_scene.o
 .text._ZL6rIPMS1i
                0x000000000800a6e4        0x2 build_st_devlopment_board_v1_stm32l/task_aircond_scene.o
 .text._ZL6rIPMS2i
                0x000000000800a6e6        0x2 build_st_devlopment_board_v1_stm32l/task_aircond_scene.o
 .text._ZL6rIPMS3i
                0x000000000800a6e8        0x2 build_st_devlopment_board_v1_stm32l/task_aircond_scene.o
 .text._ZL6rEACC0i
                0x000000000800a6ea        0x2 build_st_devlopment_board_v1_stm32l/task_aircond_scene.o
 .text._ZL6rEACC1i
                0x000000000800a6ec        0x2 build_st_devlopment_board_v1_stm32l/task_aircond_scene.o
 .text._ZL6rEACC2i
                0x000000000800a6ee        0x2 build_st_devlopment_board_v1_stm32l/task_aircond_scene.o
 .text._ZL6rEACC3i
                0x000000000800a6f0        0x2 build_st_devlopment_board_v1_stm32l/task_aircond_scene.o
 .text._ZN22ArduinoJson6120_00000123variantSetSignedIntegerIiEEbPNS_11VariantDataET_.isra.0
                0x000000000800a6f2       0x20 build_st_devlopment_board_v1_stm32l/task_aircond_scene.o
 .text._ZNK22ArduinoJson6120_00000114CollectionData3getINS_21ConstRamStringAdapterEEEPNS_11VariantDataET_.isra.0
                0x000000000800a712       0x1e build_st_devlopment_board_v1_stm32l/task_aircond_scene.o
 .text._ZN22ArduinoJson6120_00000113ArrayIteratorppEv.isra.0
                0x000000000800a730        0xe build_st_devlopment_board_v1_stm32l/task_aircond_scene.o
 .text._ZNK22ArduinoJson6120_00000114VariantRefBaseINS_11VariantDataEE4sizeEv.isra.0
                0x000000000800a73e       0x20 build_st_devlopment_board_v1_stm32l/task_aircond_scene.o
 .text._ZN22ArduinoJson6120_00000111VariantData7asArrayEv
                0x000000000800a75e        0xc build_st_devlopment_board_v1_stm32l/task_aircond_scene.o
                0x000000000800a75e                ArduinoJson6120_000001::VariantData::asArray()
 .text._ZNK22ArduinoJson6120_00000111VariantData10getElementEj
                0x000000000800a76a       0x20 build_st_devlopment_board_v1_stm32l/task_aircond_scene.o
                0x000000000800a76a                ArduinoJson6120_000001::VariantData::getElement(unsigned int) const
 .text._ZN22ArduinoJson6120_00000115variantAsObjectEPNS_11VariantDataE
                0x000000000800a78a        0xe build_st_devlopment_board_v1_stm32l/task_aircond_scene.o
                0x000000000800a78a                ArduinoJson6120_000001::variantAsObject(ArduinoJson6120_000001::VariantData*)
 .text._ZN22ArduinoJson6120_00000114CollectionData7addSlotEPNS_10MemoryPoolE
                0x000000000800a798       0x38 build_st_devlopment_board_v1_stm32l/task_aircond_scene.o
                0x000000000800a798                ArduinoJson6120_000001::CollectionData::addSlot(ArduinoJson6120_000001::MemoryPool*)
 .text._ZN22ArduinoJson6120_00000113StringBuilder6appendEc
                0x000000000800a7d0       0x1c build_st_devlopment_board_v1_stm32l/task_aircond_scene.o
                0x000000000800a7d0                ArduinoJson6120_000001::StringBuilder::append(char)
 .text._ZN22ArduinoJson6120_00000113StringBuilder8completeEv
                0x000000000800a7ec       0x20 build_st_devlopment_board_v1_stm32l/task_aircond_scene.o
                0x000000000800a7ec                ArduinoJson6120_000001::StringBuilder::complete()
 .text._ZN22ArduinoJson6120_00000116JsonDeserializerINS_23UnsafeCharPointerReaderENS_12StringCopierEE7currentEv
                0x000000000800a80c       0x16 build_st_devlopment_board_v1_stm32l/task_aircond_scene.o
                0x000000000800a80c                ArduinoJson6120_000001::JsonDeserializer<ArduinoJson6120_000001::UnsafeCharPointerReader, ArduinoJson6120_000001::StringCopier>::current()
 .text._ZN22ArduinoJson6120_00000116JsonDeserializerINS_23UnsafeCharPointerReaderENS_12StringCopierEE21skipSpacesAndCommentsEv
                0x000000000800a822       0x7a build_st_devlopment_board_v1_stm32l/task_aircond_scene.o
                0x000000000800a822                ArduinoJson6120_000001::JsonDeserializer<ArduinoJson6120_000001::UnsafeCharPointerReader, ArduinoJson6120_000001::StringCopier>::skipSpacesAndComments()
 .text._ZN22ArduinoJson6120_00000118VariantComparisonsINS_11MemberProxyIRKNS_9ObjectRefEPKcEEE7compareIS6_EEiS7_RKT_.isra.0
                0x000000000800a89c       0x5e build_st_devlopment_board_v1_stm32l/task_aircond_scene.o
 .text._ZN22ArduinoJson6120_00000117objectGetOrCreateINS_21ConstRamStringAdapterEEEPNS_11VariantDataEPNS_14CollectionDataET_PNS_10MemoryPoolE
                0x000000000800a8fa       0x2e build_st_devlopment_board_v1_stm32l/task_aircond_scene.o
                0x000000000800a8fa                ArduinoJson6120_000001::VariantData* ArduinoJson6120_000001::objectGetOrCreate<ArduinoJson6120_000001::ConstRamStringAdapter>(ArduinoJson6120_000001::CollectionData*, ArduinoJson6120_000001::ConstRamStringAdapter, ArduinoJson6120_000001::MemoryPool*)
 .text._ZZ18task_aircond_sceneP8ak_msg_tENKUlPKcE3_clES2_
                0x000000000800a928       0x54 build_st_devlopment_board_v1_stm32l/task_aircond_scene.o
 .text._ZN22ArduinoJson6120_00000116JsonDeserializerINS_23UnsafeCharPointerReaderENS_12StringCopierEE17parseQuotedStringERPKc
                0x000000000800a97c       0x94 build_st_devlopment_board_v1_stm32l/task_aircond_scene.o
                0x000000000800a97c                ArduinoJson6120_000001::JsonDeserializer<ArduinoJson6120_000001::UnsafeCharPointerReader, ArduinoJson6120_000001::StringCopier>::parseQuotedString(char const*&)
 .text._ZN22ArduinoJson6120_00000116JsonDeserializerINS_23UnsafeCharPointerReaderENS_12StringCopierEE22canBeInNonQuotedStringEc
                0x000000000800aa10       0x2e build_st_devlopment_board_v1_stm32l/task_aircond_scene.o
                0x000000000800aa10                ArduinoJson6120_000001::JsonDeserializer<ArduinoJson6120_000001::UnsafeCharPointerReader, ArduinoJson6120_000001::StringCopier>::canBeInNonQuotedString(char)
 .text._ZN22ArduinoJson6120_00000116JsonDeserializerINS_23UnsafeCharPointerReaderENS_12StringCopierEE8parseKeyERPKc
                0x000000000800aa3e       0x78 build_st_devlopment_board_v1_stm32l/task_aircond_scene.o
                0x000000000800aa3e                ArduinoJson6120_000001::JsonDeserializer<ArduinoJson6120_000001::UnsafeCharPointerReader, ArduinoJson6120_000001::StringCopier>::parseKey(char const*&)
 *fill*         0x000000000800aab6        0x2 
 .text._ZN22ArduinoJson6120_00000111FloatTraitsIfLj4EE10make_floatIiEEffT_
                0x000000000800aab8       0x48 build_st_devlopment_board_v1_stm32l/task_aircond_scene.o
                0x000000000800aab8                float ArduinoJson6120_000001::FloatTraits<float, 4u>::make_float<int>(float, int)
 .text._ZN22ArduinoJson6120_00000111parseNumberIfmEENS_12ParsedNumberIT_T0_EEPKc
                0x000000000800ab00      0x164 build_st_devlopment_board_v1_stm32l/task_aircond_scene.o
                0x000000000800ab00                ArduinoJson6120_000001::ParsedNumber<float, unsigned long> ArduinoJson6120_000001::parseNumber<float, unsigned long>(char const*)
 .text._ZN22ArduinoJson6120_00000116JsonDeserializerINS_23UnsafeCharPointerReaderENS_12StringCopierEE17parseNumericValueERNS_11VariantDataE
                0x000000000800ac64       0xd4 build_st_devlopment_board_v1_stm32l/task_aircond_scene.o
                0x000000000800ac64                ArduinoJson6120_000001::JsonDeserializer<ArduinoJson6120_000001::UnsafeCharPointerReader, ArduinoJson6120_000001::StringCopier>::parseNumericValue(ArduinoJson6120_000001::VariantData&)
 .text._ZN22ArduinoJson6120_00000116JsonDeserializerINS_23UnsafeCharPointerReaderENS_12StringCopierEE12parseVariantERNS_11VariantDataE
                0x000000000800ad38       0xb0 build_st_devlopment_board_v1_stm32l/task_aircond_scene.o
                0x000000000800ad38                ArduinoJson6120_000001::JsonDeserializer<ArduinoJson6120_000001::UnsafeCharPointerReader, ArduinoJson6120_000001::StringCopier>::parseVariant(ArduinoJson6120_000001::VariantData&)
 .text._ZN22ArduinoJson6120_00000111deserializeINS_16JsonDeserializerEKcEENS_20DeserializationErrorERNS_12JsonDocumentEPT0_NS_12NestingLimitE
                0x000000000800ade8       0x70 build_st_devlopment_board_v1_stm32l/task_aircond_scene.o
                0x000000000800ade8                ArduinoJson6120_000001::DeserializationError ArduinoJson6120_000001::deserialize<ArduinoJson6120_000001::JsonDeserializer, char const>(ArduinoJson6120_000001::JsonDocument&, char const*, ArduinoJson6120_000001::NestingLimit)
 .text._ZN22ArduinoJson6120_00000116JsonDeserializerINS_23UnsafeCharPointerReaderENS_12StringCopierEE10parseArrayERNS_14CollectionDataE
                0x000000000800ae58       0xbe build_st_devlopment_board_v1_stm32l/task_aircond_scene.o
                0x000000000800ae58                ArduinoJson6120_000001::JsonDeserializer<ArduinoJson6120_000001::UnsafeCharPointerReader, ArduinoJson6120_000001::StringCopier>::parseArray(ArduinoJson6120_000001::CollectionData&)
 .text._ZN22ArduinoJson6120_00000116JsonDeserializerINS_23UnsafeCharPointerReaderENS_12StringCopierEE11parseObjectERNS_14CollectionDataE
                0x000000000800af16      0x13e build_st_devlopment_board_v1_stm32l/task_aircond_scene.o
                0x000000000800af16                ArduinoJson6120_000001::JsonDeserializer<ArduinoJson6120_000001::UnsafeCharPointerReader, ArduinoJson6120_000001::StringCopier>::parseObject(ArduinoJson6120_000001::CollectionData&)
 .text._ZN22ArduinoJson6120_0000019variantAsI6StringEENS_9enable_ifIXsrNS_17IsWriteableStringIT_EE5valueES4_E4typeEPKNS_11VariantDataE
                0x000000000800b054       0x64 build_st_devlopment_board_v1_stm32l/task_aircond_scene.o
                0x000000000800b054                ArduinoJson6120_000001::enable_if<ArduinoJson6120_000001::IsWriteableString<String>::value, String>::type ArduinoJson6120_000001::variantAs<String>(ArduinoJson6120_000001::VariantData const*)
 .text._ZZ18task_aircond_sceneP8ak_msg_tENKUliiE0_clEii.constprop.0
                0x000000000800b0b8       0xb8 build_st_devlopment_board_v1_stm32l/task_aircond_scene.o
 .text._ZZ18task_aircond_sceneP8ak_msg_tENKUliE2_clEi.constprop.0
                0x000000000800b170       0x24 build_st_devlopment_board_v1_stm32l/task_aircond_scene.o
 .text._ZZ18task_aircond_sceneP8ak_msg_tENKUliE_clEi.isra.0
                0x000000000800b194       0x80 build_st_devlopment_board_v1_stm32l/task_aircond_scene.o
 .text._Z18task_aircond_sceneP8ak_msg_t
                0x000000000800b214      0x640 build_st_devlopment_board_v1_stm32l/task_aircond_scene.o
                0x000000000800b214                task_aircond_scene(ak_msg_t*)
 .text.startup._GLOBAL__sub_I_relay_pop_indoor_strtbl
                0x000000000800b854      0x160 build_st_devlopment_board_v1_stm32l/task_aircond_scene.o
 .text.exit._GLOBAL__sub_D_relay_pop_indoor_strtbl
                0x000000000800b9b4       0x28 build_st_devlopment_board_v1_stm32l/task_aircond_scene.o
 .text._ZL19view_render_dynamicPv
                0x000000000800b9dc        0xa build_st_devlopment_board_v1_stm32l/view_render.o
 *fill*         0x000000000800b9e6        0x2 
 .text._Z22view_render_display_onv
                0x000000000800b9e8        0xc build_st_devlopment_board_v1_stm32l/view_render.o
                0x000000000800b9e8                view_render_display_on()
 .text.startup._GLOBAL__sub_I_view_render
                0x000000000800b9f4        0xc build_st_devlopment_board_v1_stm32l/view_render.o
 .text.exit._GLOBAL__sub_D_view_render
                0x000000000800ba00        0xc build_st_devlopment_board_v1_stm32l/view_render.o
 .text._Z18view_render_screenP13view_screen_t
                0x000000000800ba0c       0x68 build_st_devlopment_board_v1_stm32l/view_render.o
                0x000000000800ba0c                view_render_screen(view_screen_t*)
 .text._ZL21view_render_rectanglePv
                0x000000000800ba74       0xe8 build_st_devlopment_board_v1_stm32l/view_render.o
 .text._Z12scr_mng_ctorP9scr_mng_tPFvP8ak_msg_tEP13view_screen_t
                0x000000000800bb5c       0x20 build_st_devlopment_board_v1_stm32l/screen_manager.o
                0x000000000800bb5c                scr_mng_ctor(scr_mng_t*, void (*)(ak_msg_t*), view_screen_t*)
 .text._Z16scr_mng_dispatchP8ak_msg_t
                0x000000000800bb7c       0x48 build_st_devlopment_board_v1_stm32l/screen_manager.o
                0x000000000800bb7c                scr_mng_dispatch(ak_msg_t*)
 .text._Z12scr_mng_tranPFvP8ak_msg_tEP13view_screen_t
                0x000000000800bbc4       0x44 build_st_devlopment_board_v1_stm32l/screen_manager.o
                0x000000000800bbc4                scr_mng_tran(void (*)(ak_msg_t*), view_screen_t*)
 .text._ZN12Adafruit_GFX8drawLineEsssst
                0x000000000800bc08       0xbe build_st_devlopment_board_v1_stm32l/Adafruit_GFX.o
                0x000000000800bc08                Adafruit_GFX::drawLine(short, short, short, short, unsigned short)
 .text._ZN12Adafruit_GFX8drawRectEsssst
                0x000000000800bcc6       0x68 build_st_devlopment_board_v1_stm32l/Adafruit_GFX.o
                0x000000000800bcc6                Adafruit_GFX::drawRect(short, short, short, short, unsigned short)
 .text._ZN12Adafruit_GFX13drawFastVLineEssst
                0x000000000800bd2e       0x1c build_st_devlopment_board_v1_stm32l/Adafruit_GFX.o
                0x000000000800bd2e                Adafruit_GFX::drawFastVLine(short, short, short, unsigned short)
 .text._ZN12Adafruit_GFX13drawFastHLineEssst
                0x000000000800bd4a       0x1a build_st_devlopment_board_v1_stm32l/Adafruit_GFX.o
                0x000000000800bd4a                Adafruit_GFX::drawFastHLine(short, short, short, unsigned short)
 .text._ZN12Adafruit_GFX8fillRectEsssst
                0x000000000800bd64       0x38 build_st_devlopment_board_v1_stm32l/Adafruit_GFX.o
                0x000000000800bd64                Adafruit_GFX::fillRect(short, short, short, short, unsigned short)
 .text._ZN12Adafruit_GFX10fillScreenEt
                0x000000000800bd9c       0x1c build_st_devlopment_board_v1_stm32l/Adafruit_GFX.o
                0x000000000800bd9c                Adafruit_GFX::fillScreen(unsigned short)
 .text._ZN12Adafruit_GFXC2Ess
                0x000000000800bdb8       0x28 build_st_devlopment_board_v1_stm32l/Adafruit_GFX.o
                0x000000000800bdb8                Adafruit_GFX::Adafruit_GFX(short, short)
                0x000000000800bdb8                Adafruit_GFX::Adafruit_GFX(short, short)
 .text._ZN12Adafruit_GFX10drawCircleEssst
                0x000000000800bde0      0x172 build_st_devlopment_board_v1_stm32l/Adafruit_GFX.o
                0x000000000800bde0                Adafruit_GFX::drawCircle(short, short, short, unsigned short)
 *fill*         0x000000000800bf52        0x2 
 .text._ZN12Adafruit_GFX8drawCharEsshtth
                0x000000000800bf54      0x108 build_st_devlopment_board_v1_stm32l/Adafruit_GFX.o
                0x000000000800bf54                Adafruit_GFX::drawChar(short, short, unsigned char, unsigned short, unsigned short, unsigned char)
 .text._ZN12Adafruit_GFX5writeEh
                0x000000000800c05c       0x64 build_st_devlopment_board_v1_stm32l/Adafruit_GFX.o
                0x000000000800c05c                Adafruit_GFX::write(unsigned char)
 .text._ZN12Adafruit_GFX9setCursorEss
                0x000000000800c0c0        0x6 build_st_devlopment_board_v1_stm32l/Adafruit_GFX.o
                0x000000000800c0c0                Adafruit_GFX::setCursor(short, short)
 .text._ZN12Adafruit_GFX11setTextSizeEh
                0x000000000800c0c6        0xa build_st_devlopment_board_v1_stm32l/Adafruit_GFX.o
                0x000000000800c0c6                Adafruit_GFX::setTextSize(unsigned char)
 .text._ZN12Adafruit_GFX12setTextColorEt
                0x000000000800c0d0        0x6 build_st_devlopment_board_v1_stm32l/Adafruit_GFX.o
                0x000000000800c0d0                Adafruit_GFX::setTextColor(unsigned short)
 .text._ZN12Adafruit_GFX12setTextColorEtt
                0x000000000800c0d6        0x6 build_st_devlopment_board_v1_stm32l/Adafruit_GFX.o
                0x000000000800c0d6                Adafruit_GFX::setTextColor(unsigned short, unsigned short)
 .text._ZN12Adafruit_GFX5widthEv
                0x000000000800c0dc        0x6 build_st_devlopment_board_v1_stm32l/Adafruit_GFX.o
                0x000000000800c0dc                Adafruit_GFX::width()
 .text._ZN12Adafruit_GFX6heightEv
                0x000000000800c0e2        0x6 build_st_devlopment_board_v1_stm32l/Adafruit_GFX.o
                0x000000000800c0e2                Adafruit_GFX::height()
 .text._ZN19Adafruit_ssd1306syp9updateRowEii
                0x000000000800c0e8       0x1e build_st_devlopment_board_v1_stm32l/Adafruit_ssd1306syp.o
                0x000000000800c0e8                Adafruit_ssd1306syp::updateRow(int, int)
 .text._ZN19Adafruit_ssd1306syp9drawPixelEsst
                0x000000000800c106       0x52 build_st_devlopment_board_v1_stm32l/Adafruit_ssd1306syp.o
                0x000000000800c106                Adafruit_ssd1306syp::drawPixel(short, short, unsigned short)
 .text._ZN19Adafruit_ssd1306sypC2Ev
                0x000000000800c158       0x24 build_st_devlopment_board_v1_stm32l/Adafruit_ssd1306syp.o
                0x000000000800c158                Adafruit_ssd1306syp::Adafruit_ssd1306syp()
                0x000000000800c158                Adafruit_ssd1306syp::Adafruit_ssd1306syp()
 .text._ZN19Adafruit_ssd1306sypD2Ev
                0x000000000800c17c        0x2 build_st_devlopment_board_v1_stm32l/Adafruit_ssd1306syp.o
                0x000000000800c17c                Adafruit_ssd1306syp::~Adafruit_ssd1306syp()
                0x000000000800c17c                Adafruit_ssd1306syp::~Adafruit_ssd1306syp()
 .text._ZN19Adafruit_ssd1306syp5clearEb
                0x000000000800c17e       0x22 build_st_devlopment_board_v1_stm32l/Adafruit_ssd1306syp.o
                0x000000000800c17e                Adafruit_ssd1306syp::clear(bool)
 .text._ZN19Adafruit_ssd1306syp9writeByteEh
                0x000000000800c1a0       0x54 build_st_devlopment_board_v1_stm32l/Adafruit_ssd1306syp.o
                0x000000000800c1a0                Adafruit_ssd1306syp::writeByte(unsigned char)
 .text._ZN19Adafruit_ssd1306syp8startIICEv
                0x000000000800c1f4       0x2c build_st_devlopment_board_v1_stm32l/Adafruit_ssd1306syp.o
                0x000000000800c1f4                Adafruit_ssd1306syp::startIIC()
 .text._ZN19Adafruit_ssd1306syp7stopIICEv
                0x000000000800c220       0x2c build_st_devlopment_board_v1_stm32l/Adafruit_ssd1306syp.o
                0x000000000800c220                Adafruit_ssd1306syp::stopIIC()
 .text._ZN19Adafruit_ssd1306syp12writeCommandEh
                0x000000000800c24c       0x2c build_st_devlopment_board_v1_stm32l/Adafruit_ssd1306syp.o
                0x000000000800c24c                Adafruit_ssd1306syp::writeCommand(unsigned char)
 .text._ZN19Adafruit_ssd1306syp10initializeEv
                0x000000000800c278       0xf4 build_st_devlopment_board_v1_stm32l/Adafruit_ssd1306syp.o
                0x000000000800c278                Adafruit_ssd1306syp::initialize()
 .text._ZN19Adafruit_ssd1306syp10display_onEv
                0x000000000800c36c        0x6 build_st_devlopment_board_v1_stm32l/Adafruit_ssd1306syp.o
                0x000000000800c36c                Adafruit_ssd1306syp::display_on()
 .text._ZN19Adafruit_ssd1306syp11display_offEv
                0x000000000800c372        0x6 build_st_devlopment_board_v1_stm32l/Adafruit_ssd1306syp.o
                0x000000000800c372                Adafruit_ssd1306syp::display_off()
 .text._ZN19Adafruit_ssd1306syp17startDataSequenceEv
                0x000000000800c378       0x1c build_st_devlopment_board_v1_stm32l/Adafruit_ssd1306syp.o
                0x000000000800c378                Adafruit_ssd1306syp::startDataSequence()
 .text._ZN19Adafruit_ssd1306syp6updateEv
                0x000000000800c394       0x70 build_st_devlopment_board_v1_stm32l/Adafruit_ssd1306syp.o
                0x000000000800c394                Adafruit_ssd1306syp::update()
 .text._ZN19Adafruit_ssd1306syp9updateRowEi
                0x000000000800c404       0x6c build_st_devlopment_board_v1_stm32l/Adafruit_ssd1306syp.o
                0x000000000800c404                Adafruit_ssd1306syp::updateRow(int)
 .text.eeprom_read
                0x000000000800c470        0x4 build_st_devlopment_board_v1_stm32l/eeprom.o
                0x000000000800c470                eeprom_read
 .text.eeprom_erase
                0x000000000800c474        0x4 build_st_devlopment_board_v1_stm32l/eeprom.o
                0x000000000800c474                eeprom_erase
 .text._Z7pinModehh
                0x000000000800c478      0x118 build_st_devlopment_board_v1_stm32l/wiring_digital.o
                0x000000000800c478                pinMode(unsigned char, unsigned char)
 .text._Z12digitalWritehh
                0x000000000800c590       0xf8 build_st_devlopment_board_v1_stm32l/wiring_digital.o
                0x000000000800c590                digitalWrite(unsigned char, unsigned char)
 .text._ZN5Print5writeEPKhj
                0x000000000800c688       0x22 build_st_devlopment_board_v1_stm32l/Print.o
                0x000000000800c688                Print::write(unsigned char const*, unsigned int)
 .text._ZN5Print5writeEPKc