sources/platform/stm32l/sys_cfg.c:229:6:sys_ctrl_shell_put_char_block	8	static
sources/platform/stm32l/sys_cfg.c:211:6:sys_ctrl_shell_put_char	16	static
sources/platform/stm32l/sys_cfg.c:42:6:sys_cfg_clock	8	static
sources/platform/stm32l/sys_cfg.c:53:6:sys_cfg_tick	24	static
sources/platform/stm32l/sys_cfg.c:129:6:sys_cfg_svc	16	static
sources/platform/stm32l/sys_cfg.c:140:6:sys_cfg_pendsv	16	static
sources/platform/stm32l/sys_cfg.c:151:6:sys_cfg_update_info	48	static
sources/platform/stm32l/sys_cfg.c:240:6:sys_ctrl_shell_sw_to_block	8	static
sources/platform/stm32l/sys_cfg.c:73:6:sys_cfg_console	48	static
sources/platform/stm32l/sys_cfg.c:253:6:sys_ctrl_shell_sw_to_nonblock	8	static
sources/platform/stm32l/sys_cfg.c:260:9:sys_ctrl_shell_get_char	16	static
sources/platform/stm32l/sys_cfg.c:271:6:sys_ctrl_reset	0	static
sources/platform/stm32l/sys_cfg.c:275:6:sys_ctrl_delay_us	32	static
sources/platform/stm32l/sys_cfg.c:298:6:sys_ctrl_delay_ms	16	static
sources/platform/stm32l/sys_cfg.c:326:6:sys_ctr_sleep_wait_for_irq	0	static
sources/platform/stm32l/sys_cfg.c:330:6:sys_ctr_stop_mcu	16	static
sources/platform/stm32l/sys_cfg.c:384:10:sys_ctr_get_exception_number	8	static
sources/platform/stm32l/sys_cfg.c:389:6:sys_ctr_restart_app	0	static
sources/platform/stm32l/sys_cfg.c:395:6:sys_cfg_restore_app	16	static
sources/platform/stm32l/sys_cfg.c:417:6:sys_ctrl_independent_watchdog_init	8	static
sources/platform/stm32l/sys_cfg.c:425:6:sys_ctrl_independent_watchdog_reset	8	static
sources/platform/stm32l/sys_cfg.c:434:6:sys_ctrl_soft_watchdog_init	32	static
sources/platform/stm32l/sys_cfg.c:458:6:sys_ctrl_soft_watchdog_reset	8	static
sources/platform/stm32l/sys_cfg.c:464:6:sys_ctrl_soft_watchdog_enable	8	static
sources/platform/stm32l/sys_cfg.c:470:6:sys_ctrl_soft_watchdog_disable	8	static
sources/platform/stm32l/sys_cfg.c:476:6:sys_ctrl_soft_watchdog_increase_counter	8	static
sources/platform/stm32l/sys_cfg.c:484:6:sys_ctrl_get_firmware_info	12	static
sources/platform/stm32l/sys_cfg.c:502:6:task_irq_io_entry_trigger	0	static
sources/platform/stm32l/sys_cfg.c:508:6:task_irq_io_exit_trigger	0	static
