sources/platform/stm32l/system.c:400:30:svc_handler	0	static
sources/platform/stm32l/system.c:410:30:pendsv_handler	0	static
sources/platform/stm32l/system.c:227:6:default_handler	8	static
sources/platform/stm32l/system.c:317:6:nmi_handler	8	static
sources/platform/stm32l/system.c:321:6:hard_fault_handler	8	static
sources/platform/stm32l/system.c:325:6:mem_manage_handler	8	static
sources/platform/stm32l/system.c:329:6:bus_fault_handler	8	static
sources/platform/stm32l/system.c:333:6:usage_fault_handler	8	static
sources/platform/stm32l/system.c:347:6:systick_handler	8	static
sources/platform/stm32l/system.c:535:6:usb_lp_irq	8	static
sources/platform/stm32l/system.c:455:6:uart1_irq	8	static
sources/platform/stm32l/system.c:482:6:exti_line1_irq	8	static
sources/platform/stm32l/system.c:517:6:timer7_irq	8	static
sources/platform/stm32l/system.c:184:1:sys_ctrl_delay	0	static
sources/platform/stm32l/system.c:194:10:sys_ctrl_micros	8	static
sources/platform/stm32l/system.c:208:10:sys_ctrl_millis	16	static
sources/platform/stm32l/system.c:216:6:_init	0	static
sources/platform/stm32l/system.c:220:6:_fini	0	static
sources/platform/stm32l/system.c:287:10:sys_stack_count_init	16	static
sources/platform/stm32l/system.c:231:6:reset_handler	16	static
sources/platform/stm32l/system.c:302:10:sys_stack_usage	0	static
sources/platform/stm32l/system.c:310:10:sys_stack_get_size	0	static
sources/platform/stm32l/system.c:376:6:svc_exe	16	static
sources/platform/stm32l/system.c:476:6:uart2_irq	8	static
sources/platform/stm32l/system.c:495:6:exti_line15_irq	8	static
sources/platform/stm32l/system.c:506:6:timer6_irq	8	static
sources/platform/stm32l/system.c:524:6:timer4_irq	8	static
