sources/ak/src/task.c:57:16:task_irq_io_entry_trigger	0	static
sources/ak/src/task.c:64:16:task_irq_io_exit_trigger	0	static
sources/ak/src/task.c:70:6:task_create	8	static
sources/ak/src/task.c:84:6:task_polling_create	8	static
sources/ak/src/task.c:98:6:task_post	16	static
sources/ak/src/task.c:137:9:task_remove_msg	32	static
sources/ak/src/task.c:195:6:task_post_pure_msg	16	static
sources/ak/src/task.c:201:6:task_post_common_msg	24	static
sources/ak/src/task.c:208:6:task_post_dynamic_msg	24	static
sources/ak/src/task.c:215:6:task_entry_interrupt	8	static
sources/ak/src/task.c:233:6:task_exit_interrupt	8	static
sources/ak/src/task.c:243:5:task_init	8	static
sources/ak/src/task.c:297:6:task_polling_set_ability	16	static
sources/ak/src/task.c:321:6:task_polling_run	8	static
sources/ak/src/task.c:268:5:task_run	16	static
sources/ak/src/task.c:441:11:task_self	0	static
sources/ak/src/task.c:445:11:get_current_task_id	0	static
sources/ak/src/task.c:449:9:get_current_task_info	0	static
sources/ak/src/task.c:453:11:get_current_active_object	0	static
