./sources/libraries/ArduinoJson/src/ArduinoJson/Deserialization/DeserializationError.hpp:18:8:void ArduinoJson6120_000001::DeserializationError::safeBoolHelper() const	0	static
sources/app/task_aircond_scene.cpp:312:5:int sIPMSt1(int)	0	static
sources/app/task_aircond_scene.h:101:6:int table_string_func::set_real(String, int)	24	static
sources/app/task_aircond_scene.h:76:6:int table_string_func::operator()(String, int)	24	static
./sources/libraries/ArduinoJson/src/ArduinoJson/Deserialization/DeserializationError.hpp:58:3:ArduinoJson6120_000001::DeserializationError::operator ArduinoJson6120_000001::DeserializationError::bool_type() const	0	static
./sources/libraries/ArduinoJson/src/ArduinoJson/Strings/ConstRamStringAdapter.hpp:18:10:int8_t ArduinoJson6120_000001::ConstRamStringAdapter::compare(const char*) const	8	static
sources/app/task_aircond_scene.cpp:316:5:int sIPMSt2(int)	0	static
sources/app/task_aircond_scene.cpp:320:5:int rIPMS0(int)	0	static
sources/app/task_aircond_scene.cpp:324:5:int rIPMS1(int)	0	static
sources/app/task_aircond_scene.cpp:328:5:int rIPMS2(int)	0	static
sources/app/task_aircond_scene.cpp:332:5:int rIPMS3(int)	0	static
sources/app/task_aircond_scene.cpp:336:5:int rEACC0(int)	0	static
sources/app/task_aircond_scene.cpp:340:5:int rEACC1(int)	0	static
sources/app/task_aircond_scene.cpp:344:5:int rEACC2(int)	0	static
sources/app/task_aircond_scene.cpp:348:5:int rEACC3(int)	0	static
./sources/libraries/ArduinoJson/src/ArduinoJson/Variant/VariantFunctions.hpp:102:13:bool ArduinoJson6120_000001::variantSetSignedInteger(ArduinoJson6120_000001::VariantData*, T) [with T = int]	0	static
./sources/libraries/ArduinoJson/src/ArduinoJson/Variant/VariantSlot.hpp:43:16:ArduinoJson6120_000001::VariantSlot* ArduinoJson6120_000001::VariantSlot::next()	0	static
./sources/libraries/ArduinoJson/src/ArduinoJson/Collection/CollectionImpl.hpp:116:21:ArduinoJson6120_000001::VariantData* ArduinoJson6120_000001::CollectionData::get(TAdaptedString) const [with TAdaptedString = ArduinoJson6120_000001::ConstRamStringAdapter]	16	static
./sources/libraries/ArduinoJson/src/ArduinoJson/Array/ArrayIterator.hpp:49:18:ArduinoJson6120_000001::ArrayIterator& ArduinoJson6120_000001::ArrayIterator::operator++()	8	static
./sources/libraries/ArduinoJson/src/ArduinoJson/Variant/VariantRef.hpp:111:10:size_t ArduinoJson6120_000001::VariantRefBase<TData>::size() const [with TData = ArduinoJson6120_000001::VariantData]	8	static
./sources/libraries/ArduinoJson/src/ArduinoJson/Variant/VariantData.hpp:70:19:ArduinoJson6120_000001::CollectionData* ArduinoJson6120_000001::VariantData::asArray()	0	static
./sources/libraries/ArduinoJson/src/ArduinoJson/Variant/VariantData.hpp:337:16:ArduinoJson6120_000001::VariantData* ArduinoJson6120_000001::VariantData::getElement(size_t) const	0	static
./sources/libraries/ArduinoJson/src/ArduinoJson/Serialization/DynamicStringWriter.hpp:42:10:size_t ArduinoJson6120_000001::DynamicStringWriter<String>::write(const uint8_t*, size_t)	16	static
./sources/libraries/ArduinoJson/src/ArduinoJson/Variant/VariantFunctions.hpp:27:24:ArduinoJson6120_000001::CollectionData* ArduinoJson6120_000001::variantAsObject(ArduinoJson6120_000001::VariantData*)	0	static
./sources/libraries/ArduinoJson/src/ArduinoJson/Collection/CollectionImpl.hpp:12:21:ArduinoJson6120_000001::VariantSlot* ArduinoJson6120_000001::CollectionData::addSlot(ArduinoJson6120_000001::MemoryPool*)	8	static
./sources/libraries/ArduinoJson/src/ArduinoJson/Memory/StringBuilder.hpp:25:8:void ArduinoJson6120_000001::StringBuilder::append(char)	8	static
./sources/libraries/ArduinoJson/src/ArduinoJson/Memory/StringBuilder.hpp:36:9:char* ArduinoJson6120_000001::StringBuilder::complete()	16	static
./sources/libraries/ArduinoJson/src/ArduinoJson/Variant/VariantData.hpp:342:16:ArduinoJson6120_000001::VariantData* ArduinoJson6120_000001::VariantData::getMember(TAdaptedString) const [with TAdaptedString = ArduinoJson6120_000001::ConstRamStringAdapter]	0	static
./sources/libraries/ArduinoJson/src/ArduinoJson/Json/JsonDeserializer.hpp:44:8:char ArduinoJson6120_000001::JsonDeserializer<TReader, TStringStorage>::current() [with TReader = ArduinoJson6120_000001::UnsafeCharPointerReader; TStringStorage = ArduinoJson6120_000001::StringCopier]	0	static
./sources/libraries/ArduinoJson/src/ArduinoJson/Json/JsonDeserializer.hpp:332:24:ArduinoJson6120_000001::DeserializationError ArduinoJson6120_000001::JsonDeserializer<TReader, TStringStorage>::skipSpacesAndComments() [with TReader = ArduinoJson6120_000001::UnsafeCharPointerReader; TStringStorage = ArduinoJson6120_000001::StringCopier]	16	static
./sources/libraries/ArduinoJson/src/ArduinoJson/Object/ObjectFunctions.hpp:26:21:ArduinoJson6120_000001::VariantData* ArduinoJson6120_000001::objectGet(const ArduinoJson6120_000001::CollectionData*, TAdaptedString) [with TAdaptedString = ArduinoJson6120_000001::ConstRamStringAdapter]	0	static
./sources/libraries/ArduinoJson/src/ArduinoJson/Operators/VariantComparisons.hpp:116:14:static int ArduinoJson6120_000001::VariantComparisons<TVariant>::compare(TVariant, const T&) [with T = const char*; TVariant = ArduinoJson6120_000001::MemberProxy<const ArduinoJson6120_000001::ObjectRef&, const char*>]	16	static
./sources/libraries/ArduinoJson/src/ArduinoJson/Object/ObjectFunctions.hpp:38:21:ArduinoJson6120_000001::VariantData* ArduinoJson6120_000001::objectGetOrCreate(ArduinoJson6120_000001::CollectionData*, TAdaptedString, ArduinoJson6120_000001::MemoryPool*) [with TAdaptedString = ArduinoJson6120_000001::ConstRamStringAdapter]	16	static
sources/app/task_aircond_scene.cpp:111:43:task_aircond_scene(ak_msg_t*)::<lambda(const char*)>	24	static
./sources/libraries/ArduinoJson/src/ArduinoJson/Json/JsonDeserializer.hpp:190:24:ArduinoJson6120_000001::DeserializationError ArduinoJson6120_000001::JsonDeserializer<TReader, TStringStorage>::parseQuotedString(const char*&) [with TReader = ArduinoJson6120_000001::UnsafeCharPointerReader; TStringStorage = ArduinoJson6120_000001::StringCopier]	40	static
./sources/libraries/ArduinoJson/src/ArduinoJson/Json/JsonDeserializer.hpp:317:22:static bool ArduinoJson6120_000001::JsonDeserializer<TReader, TStringStorage>::canBeInNonQuotedString(char) [with TReader = ArduinoJson6120_000001::UnsafeCharPointerReader; TStringStorage = ArduinoJson6120_000001::StringCopier]	0	static
./sources/libraries/ArduinoJson/src/ArduinoJson/Json/JsonDeserializer.hpp:174:24:ArduinoJson6120_000001::DeserializationError ArduinoJson6120_000001::JsonDeserializer<TReader, TStringStorage>::parseKey(const char*&) [with TReader = ArduinoJson6120_000001::UnsafeCharPointerReader; TStringStorage = ArduinoJson6120_000001::StringCopier]	40	static
./sources/libraries/ArduinoJson/src/ArduinoJson/Numbers/FloatTraits.hpp:126:12:static T ArduinoJson6120_000001::FloatTraits<T, 4>::make_float(T, TExponent) [with TExponent = int; T = float]	16	static
./sources/libraries/ArduinoJson/src/ArduinoJson/Numbers/parseNumber.hpp:55:36:ArduinoJson6120_000001::ParsedNumber<TFloat, TUInt> ArduinoJson6120_000001::parseNumber(const char*) [with TFloat = float; TUInt = long unsigned int]	24	static
./sources/libraries/ArduinoJson/src/ArduinoJson/Json/JsonDeserializer.hpp:252:24:ArduinoJson6120_000001::DeserializationError ArduinoJson6120_000001::JsonDeserializer<TReader, TStringStorage>::parseNumericValue(ArduinoJson6120_000001::VariantData&) [with TReader = ArduinoJson6120_000001::UnsafeCharPointerReader; TStringStorage = ArduinoJson6120_000001::StringCopier]	112	static
./sources/libraries/ArduinoJson/src/ArduinoJson/Json/JsonDeserializer.hpp:63:24:ArduinoJson6120_000001::DeserializationError ArduinoJson6120_000001::JsonDeserializer<TReader, TStringStorage>::parseVariant(ArduinoJson6120_000001::VariantData&) [with TReader = ArduinoJson6120_000001::UnsafeCharPointerReader; TStringStorage = ArduinoJson6120_000001::StringCopier]	40	static
./sources/libraries/ArduinoJson/src/ArduinoJson/Deserialization/deserialize.hpp:43:22:ArduinoJson6120_000001::DeserializationError ArduinoJson6120_000001::deserialize(ArduinoJson6120_000001::JsonDocument&, TChar*, ArduinoJson6120_000001::NestingLimit) [with TDeserializer = ArduinoJson6120_000001::JsonDeserializer; TChar = const char]	32	static
./sources/libraries/ArduinoJson/src/ArduinoJson/Json/JsonDeserializer.hpp:83:24:ArduinoJson6120_000001::DeserializationError ArduinoJson6120_000001::JsonDeserializer<TReader, TStringStorage>::parseArray(ArduinoJson6120_000001::CollectionData&) [with TReader = ArduinoJson6120_000001::UnsafeCharPointerReader; TStringStorage = ArduinoJson6120_000001::StringCopier]	40	static
./sources/libraries/ArduinoJson/src/ArduinoJson/Json/JsonDeserializer.hpp:118:24:ArduinoJson6120_000001::DeserializationError ArduinoJson6120_000001::JsonDeserializer<TReader, TStringStorage>::parseObject(ArduinoJson6120_000001::CollectionData&) [with TReader = ArduinoJson6120_000001::UnsafeCharPointerReader; TStringStorage = ArduinoJson6120_000001::StringCopier]	80	static
./sources/libraries/ArduinoJson/src/ArduinoJson/Numbers/parseNumber.hpp:55:36:ArduinoJson6120_000001::ParsedNumber<TFloat, TUInt> ArduinoJson6120_000001::parseNumber(const char*) [with TFloat = float; TUInt = unsigned int]	24	static
./sources/libraries/ArduinoJson/src/ArduinoJson/Variant/VariantAs.hpp:55:59:typename ArduinoJson6120_000001::enable_if<ArduinoJson6120_000001::is_integral<T>::value, T>::type ArduinoJson6120_000001::variantAs(const ArduinoJson6120_000001::VariantData*) [with T = int]	24	static
./sources/libraries/ArduinoJson/src/ArduinoJson/Json/TextFormatter.hpp:128:8:void ArduinoJson6120_000001::TextFormatter<TWriter>::writeRaw(const char*) [with TWriter = ArduinoJson6120_000001::DynamicStringWriter<String>]	16	static
./sources/libraries/ArduinoJson/src/ArduinoJson/Json/TextFormatter.hpp:145:8:void ArduinoJson6120_000001::TextFormatter<TWriter>::writeRaw(char) [with TWriter = ArduinoJson6120_000001::DynamicStringWriter<String>]	8	static
./sources/libraries/ArduinoJson/src/ArduinoJson/Json/TextFormatter.hpp:34:8:void ArduinoJson6120_000001::TextFormatter<TWriter>::writeString(const char*) [with TWriter = ArduinoJson6120_000001::DynamicStringWriter<String>]	16	static
./sources/libraries/ArduinoJson/src/ArduinoJson/Numbers/FloatParts.hpp:20:3:ArduinoJson6120_000001::FloatParts<TFloat>::FloatParts(TFloat) [with TFloat = float]	32	static
./sources/libraries/ArduinoJson/src/ArduinoJson/Json/TextFormatter.hpp:136:8:void ArduinoJson6120_000001::TextFormatter<TWriter>::writeRaw(const char*, const char*) [with TWriter = ArduinoJson6120_000001::DynamicStringWriter<String>]	8	static
./sources/libraries/ArduinoJson/src/ArduinoJson/Json/TextFormatter.hpp:96:8:void ArduinoJson6120_000001::TextFormatter<TWriter>::writePositiveInteger(T) [with T = long unsigned int; TWriter = ArduinoJson6120_000001::DynamicStringWriter<String>]	40	static
./sources/libraries/ArduinoJson/src/ArduinoJson/Json/TextFormatter.hpp:55:8:void ArduinoJson6120_000001::TextFormatter<TWriter>::writeFloat(T) [with T = float; TWriter = ArduinoJson6120_000001::DynamicStringWriter<String>]	56	static
./sources/libraries/ArduinoJson/src/ArduinoJson/Variant/VariantData.hpp:27:8:void ArduinoJson6120_000001::VariantData::accept(Visitor&) const [with Visitor = ArduinoJson6120_000001::JsonSerializer<ArduinoJson6120_000001::DynamicStringWriter<String> >]	16	static
./sources/libraries/ArduinoJson/src/ArduinoJson/Variant/VariantAsImpl.hpp:32:65:typename ArduinoJson6120_000001::enable_if<ArduinoJson6120_000001::IsWriteableString< <template-parameter-1-1> >::value, T>::type ArduinoJson6120_000001::variantAs(const ArduinoJson6120_000001::VariantData*) [with T = String]	40	static
sources/app/task_aircond_scene.cpp:93:47:task_aircond_scene(ak_msg_t*)::<lambda(int, int)>	64	static
sources/app/task_aircond_scene.cpp:106:55:task_aircond_scene(ak_msg_t*)::<lambda(int)>	8	static
sources/app/task_aircond_scene.cpp:85:51:task_aircond_scene(ak_msg_t*)::<lambda(int)>	56	static
sources/app/task_aircond_scene.cpp:52:6:void task_aircond_scene(ak_msg_t*)	104	static
sources/app/task_aircond_scene.cpp:350:1:cpp)	264	static
sources/app/task_aircond_scene.cpp:350:1:cpp)	16	static
