Archive member included to satisfy reference by file (symbol)

/home/devh/Documents/Learn_Arm/STM32F4/basic/Bai_pwm_dma/gcc_arm/gcc-arm-none-eabi-5_4-2016q3/arm-none-eabi/lib/armv7-m/libc.a(lib_a-malloc.o)
                              build_arm_cortex_m4_base_application_stm32f4/message.o (malloc)
/home/devh/Documents/Learn_Arm/STM32F4/basic/Bai_pwm_dma/gcc_arm/gcc-arm-none-eabi-5_4-2016q3/arm-none-eabi/lib/armv7-m/libc.a(lib_a-mallocr.o)
                              /home/devh/Documents/Learn_Arm/STM32F4/basic/Bai_pwm_dma/gcc_arm/gcc-arm-none-eabi-5_4-2016q3/arm-none-eabi/lib/armv7-m/libc.a(lib_a-malloc.o) (_malloc_r)
/home/devh/Documents/Learn_Arm/STM32F4/basic/Bai_pwm_dma/gcc_arm/gcc-arm-none-eabi-5_4-2016q3/arm-none-eabi/lib/armv7-m/libc.a(lib_a-memcmp.o)
                              build_arm_cortex_m4_base_application_stm32f4/task_fw.o (memcmp)
/home/devh/Documents/Learn_Arm/STM32F4/basic/Bai_pwm_dma/gcc_arm/gcc-arm-none-eabi-5_4-2016q3/arm-none-eabi/lib/armv7-m/libc.a(lib_a-memcpy.o)
                              build_arm_cortex_m4_base_application_stm32f4/message.o (memcpy)
/home/devh/Documents/Learn_Arm/STM32F4/basic/Bai_pwm_dma/gcc_arm/gcc-arm-none-eabi-5_4-2016q3/arm-none-eabi/lib/armv7-m/libc.a(lib_a-memset.o)
                              build_arm_cortex_m4_base_application_stm32f4/utils.o (memset)
/home/devh/Documents/Learn_Arm/STM32F4/basic/Bai_pwm_dma/gcc_arm/gcc-arm-none-eabi-5_4-2016q3/arm-none-eabi/lib/armv7-m/libc.a(lib_a-mlock.o)
                              /home/devh/Documents/Learn_Arm/STM32F4/basic/Bai_pwm_dma/gcc_arm/gcc-arm-none-eabi-5_4-2016q3/arm-none-eabi/lib/armv7-m/libc.a(lib_a-mallocr.o) (__malloc_lock)
/home/devh/Documents/Learn_Arm/STM32F4/basic/Bai_pwm_dma/gcc_arm/gcc-arm-none-eabi-5_4-2016q3/arm-none-eabi/lib/armv7-m/libc.a(lib_a-rand.o)
                              build_arm_cortex_m4_base_application_stm32f4/nrf_mac.o (rand)
/home/devh/Documents/Learn_Arm/STM32F4/basic/Bai_pwm_dma/gcc_arm/gcc-arm-none-eabi-5_4-2016q3/arm-none-eabi/lib/armv7-m/libc.a(lib_a-sbrkr.o)
                              /home/devh/Documents/Learn_Arm/STM32F4/basic/Bai_pwm_dma/gcc_arm/gcc-arm-none-eabi-5_4-2016q3/arm-none-eabi/lib/armv7-m/libc.a(lib_a-mallocr.o) (_sbrk_r)
/home/devh/Documents/Learn_Arm/STM32F4/basic/Bai_pwm_dma/gcc_arm/gcc-arm-none-eabi-5_4-2016q3/arm-none-eabi/lib/armv7-m/libc.a(lib_a-sprintf.o)
                              build_arm_cortex_m4_base_application_stm32f4/tm_stm32f4_fatfs.o (sprintf)
/home/devh/Documents/Learn_Arm/STM32F4/basic/Bai_pwm_dma/gcc_arm/gcc-arm-none-eabi-5_4-2016q3/arm-none-eabi/lib/armv7-m/libc.a(lib_a-strcmp.o)
                              build_arm_cortex_m4_base_application_stm32f4/cmd_line.o (strcmp)
/home/devh/Documents/Learn_Arm/STM32F4/basic/Bai_pwm_dma/gcc_arm/gcc-arm-none-eabi-5_4-2016q3/arm-none-eabi/lib/armv7-m/libc.a(lib_a-strcpy.o)
                              build_arm_cortex_m4_base_application_stm32f4/tm_stm32f4_fatfs.o (strcpy)
/home/devh/Documents/Learn_Arm/STM32F4/basic/Bai_pwm_dma/gcc_arm/gcc-arm-none-eabi-5_4-2016q3/arm-none-eabi/lib/armv7-m/libc.a(lib_a-strlen-stub.o)
                              build_arm_cortex_m4_base_application_stm32f4/tm_stm32f4_fatfs.o (strlen)
/home/devh/Documents/Learn_Arm/STM32F4/basic/Bai_pwm_dma/gcc_arm/gcc-arm-none-eabi-5_4-2016q3/arm-none-eabi/lib/armv7-m/libc.a(lib_a-strtol.o)
                              build_arm_cortex_m4_base_application_stm32f4/shell.o (strtol)
/home/devh/Documents/Learn_Arm/STM32F4/basic/Bai_pwm_dma/gcc_arm/gcc-arm-none-eabi-5_4-2016q3/arm-none-eabi/lib/armv7-m/libc.a(lib_a-svfprintf.o)
                              /home/devh/Documents/Learn_Arm/STM32F4/basic/Bai_pwm_dma/gcc_arm/gcc-arm-none-eabi-5_4-2016q3/arm-none-eabi/lib/armv7-m/libc.a(lib_a-sprintf.o) (_svfprintf_r)
/home/devh/Documents/Learn_Arm/STM32F4/basic/Bai_pwm_dma/gcc_arm/gcc-arm-none-eabi-5_4-2016q3/arm-none-eabi/lib/armv7-m/libc.a(lib_a-dtoa.o)
                              /home/devh/Documents/Learn_Arm/STM32F4/basic/Bai_pwm_dma/gcc_arm/gcc-arm-none-eabi-5_4-2016q3/arm-none-eabi/lib/armv7-m/libc.a(lib_a-svfprintf.o) (_dtoa_r)
/home/devh/Documents/Learn_Arm/STM32F4/basic/Bai_pwm_dma/gcc_arm/gcc-arm-none-eabi-5_4-2016q3/arm-none-eabi/lib/armv7-m/libc.a(lib_a-freer.o)
                              /home/devh/Documents/Learn_Arm/STM32F4/basic/Bai_pwm_dma/gcc_arm/gcc-arm-none-eabi-5_4-2016q3/arm-none-eabi/lib/armv7-m/libc.a(lib_a-malloc.o) (_free_r)
/home/devh/Documents/Learn_Arm/STM32F4/basic/Bai_pwm_dma/gcc_arm/gcc-arm-none-eabi-5_4-2016q3/arm-none-eabi/lib/armv7-m/libc.a(lib_a-impure.o)
                              /home/devh/Documents/Learn_Arm/STM32F4/basic/Bai_pwm_dma/gcc_arm/gcc-arm-none-eabi-5_4-2016q3/arm-none-eabi/lib/armv7-m/libc.a(lib_a-malloc.o) (_impure_ptr)
/home/devh/Documents/Learn_Arm/STM32F4/basic/Bai_pwm_dma/gcc_arm/gcc-arm-none-eabi-5_4-2016q3/arm-none-eabi/lib/armv7-m/libc.a(lib_a-locale.o)
[...]
Memory Configuration

Name             Origin             Length             Attributes
FLASH            0x08000000         0x00100000         xr
SRAM             0x20000000         0x00020000         xrw
CCMRAM           0x10000000         0x00010000         xrw
*default*        0x00000000         0xffffffff

Linker script and memory map

                0x00002800                HEAP_SIZE = 0x2800

.start_flash    0x08000000        0x0
                0x08000000                _start_flash = .

.isr_vector     0x08000000      0x188
                0x08000000                _isr_vector = .
 *(.isr_vector)
 .isr_vector    0x08000000      0x188 build_arm_cortex_m4_base_application_stm32f4/system.o
                0x08000000                isr_vector
                0x08000188                . = ALIGN (0x4)

.text           0x08000188    0x12d60
                0x08000188                . = ALIGN (0x4)
 *(.text)
 .text          0x08000188       0xec /home/devh/Documents/Learn_Arm/STM32F4/basic/Bai_pwm_dma/gcc_arm/gcc-arm-none-eabi-5_4-2016q3/arm-none-eabi/lib/armv7-m/libc.a(lib_a-memcpy.o)
                0x08000188                memcpy
 .text          0x08000274      0x1bc /home/devh/Documents/Learn_Arm/STM32F4/basic/Bai_pwm_dma/gcc_arm/gcc-arm-none-eabi-5_4-2016q3/arm-none-eabi/lib/armv7-m/libc.a(lib_a-strcmp.o)
                0x08000274                strcmp
 .text          0x08000430      0x370 /home/devh/Documents/Learn_Arm/STM32F4/basic/Bai_pwm_dma/gcc_arm/gcc-arm-none-eabi-5_4-2016q3/lib/gcc/arm-none-eabi/5.4.1/armv7-m/libgcc.a(_arm_addsubdf3.o)
                0x08000430                __aeabi_drsub
                0x08000438                __aeabi_dsub
                0x08000438                __subdf3
                0x0800043c                __adddf3
                0x0800043c                __aeabi_dadd
                0x080006b4                __aeabi_ui2d
                0x080006b4                __floatunsidf
                0x080006d4                __floatsidf
                0x080006d4                __aeabi_i2d
                0x080006f8                __extendsfdf2
                0x080006f8                __aeabi_f2d
                0x08000734                __aeabi_ul2d
                0x08000734                __floatundidf
                0x08000744                __floatdidf
                0x08000744                __aeabi_l2d
 .text          0x080007a0      0x424 /home/devh/Documents/Learn_Arm/STM32F4/basic/Bai_pwm_dma/gcc_arm/gcc-arm-none-eabi-5_4-2016q3/lib/gcc/arm-none-eabi/5.4.1/armv7-m/libgcc.a(_arm_muldivdf3.o)
                0x080007a0                __aeabi_dmul
                0x080007a0                __muldf3
                0x080009f4                __aeabi_ddiv
                0x080009f4                __divdf3
 .text          0x08000bc4      0x110 /home/devh/Documents/Learn_Arm/STM32F4/basic/Bai_pwm_dma/gcc_arm/gcc-arm-none-eabi-5_4-2016q3/lib/gcc/arm-none-eabi/5.4.1/armv7-m/libgcc.a(_arm_cmpdf2.o)
                0x08000bc4                __gtdf2
                0x08000bc4                __gedf2
                0x08000bcc                __ltdf2
                0x08000bcc                __ledf2
                0x08000bd4                __cmpdf2
                0x08000bd4                __eqdf2
                0x08000bd4                __nedf2
                0x08000c50                __aeabi_cdrcmple
                0x08000c60                __aeabi_cdcmple
                0x08000c60                __aeabi_cdcmpeq
                0x08000c70                __aeabi_dcmpeq
                0x08000c84                __aeabi_dcmplt
                0x08000c98                __aeabi_dcmple
                0x08000cac                __aeabi_dcmpge
                0x08000cc0                __aeabi_dcmpgt
 .text          0x08000cd4       0x40 /home/devh/Documents/Learn_Arm/STM32F4/basic/Bai_pwm_dma/gcc_arm/gcc-arm-none-eabi-5_4-2016q3/lib/gcc/arm-none-eabi/5.4.1/armv7-m/libgcc.a(_arm_fixunsdfsi.o)
                0x08000cd4                __fixunsdfsi
                0x08000cd4                __aeabi_d2uiz
 .text          0x08000d14       0xa0 /home/devh/Documents/Learn_Arm/STM32F4/basic/Bai_pwm_dma/gcc_arm/gcc-arm-none-eabi-5_4-2016q3/lib/gcc/arm-none-eabi/5.4.1/armv7-m/libgcc.a(_arm_truncdfsf2.o)
                0x08000d14                __aeabi_d2f
                0x08000d14                __truncdfsf2
 .text          0x08000db4      0x21c /home/devh/Documents/Learn_Arm/STM32F4/basic/Bai_pwm_dma/gcc_arm/gcc-arm-none-eabi-5_4-2016q3/lib/gcc/arm-none-eabi/5.4.1/armv7-m/libgcc.a(_arm_addsubsf3.o)
                0x08000db4                __aeabi_frsub
                0x08000dbc                __subsf3
                0x08000dbc                __aeabi_fsub
                0x08000dc0                __aeabi_fadd
                0x08000dc0                __addsf3
                0x08000f20                __aeabi_ui2f
                0x08000f20                __floatunsisf
                0x08000f28                __aeabi_i2f
                0x08000f28                __floatsisf
                0x08000f44                __floatundisf
                0x08000f44                __aeabi_ul2f
                0x08000f54                __floatdisf
                0x08000f54                __aeabi_l2f
 .text          0x08000fd0      0x2a0 /home/devh/Documents/Learn_Arm/STM32F4/basic/Bai_pwm_dma/gcc_arm/gcc-arm-none-eabi-5_4-2016q3/lib/gcc/arm-none-eabi/5.4.1/armv7-m/libgcc.a(_arm_muldivsf3.o)
                0x08000fd0                __mulsf3
                0x08000fd0                __aeabi_fmul
                0x08001138                __divsf3
                0x08001138                __aeabi_fdiv
 .text          0x08001270       0xec /home/devh/Documents/Learn_Arm/STM32F4/basic/Bai_pwm_dma/gcc_arm/gcc-arm-none-eabi-5_4-2016q3/lib/gcc/arm-none-eabi/5.4.1/armv7-m/libgcc.a(_arm_cmpsf2.o)
                0x08001270                __gtsf2
                0x08001270                __gesf2
                0x08001278                __lesf2
                0x08001278                __ltsf2
                0x08001280                __nesf2
                0x08001280                __eqsf2
                0x08001280                __cmpsf2
                0x080012e0                __aeabi_cfrcmple
                0x080012e8                __aeabi_cfcmple
                0x080012e8                __aeabi_cfcmpeq
                0x080012f8                __aeabi_fcmpeq
                0x0800130c                __aeabi_fcmplt
                0x08001320                __aeabi_fcmple
                0x08001334                __aeabi_fcmpge
                0x08001348                __aeabi_fcmpgt
 .text          0x0800135c       0x4c /home/devh/Documents/Learn_Arm/STM32F4/basic/Bai_pwm_dma/gcc_arm/gcc-arm-none-eabi-5_4-2016q3/lib/gcc/arm-none-eabi/5.4.1/armv7-m/libgcc.a(_arm_fixsfsi.o)
                0x0800135c                __fixsfsi
                0x0800135c                __aeabi_f2iz
 .text          0x080013a8       0x40 /home/devh/Documents/Learn_Arm/STM32F4/basic/Bai_pwm_dma/gcc_arm/gcc-arm-none-eabi-5_4-2016q3/lib/gcc/arm-none-eabi/5.4.1/armv7-m/libgcc.a(_arm_fixunssfsi.o)
                0x080013a8                __aeabi_f2uiz
                0x080013a8                __fixunssfsi
 *(.text*)
 .text.msg_init
                0x080013e8      0x1dc build_arm_cortex_m4_base_application_stm32f4/message.o
                0x080013e8                msg_init
 .text.msg_free
                0x080015c4       0xac build_arm_cortex_m4_base_application_stm32f4/message.o
                0x080015c4                msg_free
 .text.msg_inc_ref_count
                0x08001670       0x28 build_arm_cortex_m4_base_application_stm32f4/message.o
                0x08001670                msg_inc_ref_count
 .text.get_common_msg
                0x08001698       0x74 build_arm_cortex_m4_base_application_stm32f4/message.o
                0x08001698                get_common_msg
 .text.set_data_common_msg
                0x0800170c       0x54 build_arm_cortex_m4_base_application_stm32f4/message.o
                0x0800170c                set_data_common_msg
 .text.get_data_common_msg
                0x08001760       0x34 build_arm_cortex_m4_base_application_stm32f4/message.o
                0x08001760                get_data_common_msg
 .text.get_data_len_common_msg
                0x08001794       0x20 build_arm_cortex_m4_base_application_stm32f4/message.o
                0x08001794                get_data_len_common_msg
 .text.get_pure_msg
                0x080017b4       0x74 build_arm_cortex_m4_base_application_stm32f4/message.o
                0x080017b4                get_pure_msg
 .text.get_dynamic_msg
                0x08001828       0x6c build_arm_cortex_m4_base_application_stm32f4/message.o
                0x08001828                get_dynamic_msg
 .text.set_data_dynamic_msg
                0x08001894       0xe8 build_arm_cortex_m4_base_application_stm32f4/message.o
                0x08001894                set_data_dynamic_msg
 .text.get_data_dynamic_msg
                0x0800197c       0x8c build_arm_cortex_m4_base_application_stm32f4/message.o
                0x0800197c                get_data_dynamic_msg
 .text.get_data_len_dynamic_msg
                0x08001a08        0x4 build_arm_cortex_m4_base_application_stm32f4/message.o
                0x08001a08                get_data_len_dynamic_msg
 .text.fsm_dispatch
                0x08001a0c        0x8 build_arm_cortex_m4_base_application_stm32f4/fsm.o
                0x08001a0c                fsm_dispatch
 .text.task_create
                0x08001a14       0x40 build_arm_cortex_m4_base_application_stm32f4/task.o
                0x08001a14                task_create
 .text.task_post
                0x08001a54       0x90 build_arm_cortex_m4_base_application_stm32f4/task.o
                0x08001a54                task_post
 .text.task_remove_msg
                0x08001ae4       0x9c build_arm_cortex_m4_base_application_stm32f4/task.o
                0x08001ae4                task_remove_msg
 .text.task_post_pure_msg
                0x08001b80       0x98 build_arm_cortex_m4_base_application_stm32f4/task.o
                0x08001b80                task_post_pure_msg
 .text.task_post_common_msg
                0x08001c18       0xa4 build_arm_cortex_m4_base_application_stm32f4/task.o
                0x08001c18                task_post_common_msg
 .text.task_entry_interrupt
                0x08001cbc       0x1c build_arm_cortex_m4_base_application_stm32f4/task.o
                0x08001cbc                task_entry_interrupt
 .text.task_exit_interrupt
                0x08001cd8       0x24 build_arm_cortex_m4_base_application_stm32f4/task.o
                0x08001cd8                task_exit_interrupt
 .text.task_init
                0x08001cfc       0x70 build_arm_cortex_m4_base_application_stm32f4/task.o
                0x08001cfc                task_init
 .text.task_run
                0x08001d6c      0x124 build_arm_cortex_m4_base_application_stm32f4/task.o
                0x08001d6c                task_run
 .text.get_current_task_id
                0x08001e90        0xc build_arm_cortex_m4_base_application_stm32f4/task.o
                0x08001e90                get_current_task_id
 .text.get_current_task_info
                0x08001e9c        0x8 build_arm_cortex_m4_base_application_stm32f4/task.o
                0x08001e9c                get_current_task_info
 .text.get_current_active_object
                0x08001ea4        0x8 build_arm_cortex_m4_base_application_stm32f4/task.o
                0x08001ea4                get_current_active_object
 .text.task_timer_tick
                0x08001eac      0x108 build_arm_cortex_m4_base_application_stm32f4/timer.o
                0x08001eac                task_timer_tick
 .text.timer_init
                0x08001fb4       0xa8 build_arm_cortex_m4_base_application_stm32f4/timer.o
                0x08001fb4                timer_init
 .text.timer_tick
                0x0800205c       0x40 build_arm_cortex_m4_base_application_stm32f4/timer.o
                0x0800205c                timer_tick
 .text.timer_set
                0x0800209c       0xa8 build_arm_cortex_m4_base_application_stm32f4/timer.o
                0x0800209c                timer_set
 .text.timer_remove_attr
                0x08002144       0x70 build_arm_cortex_m4_base_application_stm32f4/timer.o
                0x08002144                timer_remove_attr
 .text.mem_set  0x080021b4       0x10 build_arm_cortex_m4_base_application_stm32f4/utils.o
                0x080021b4                mem_set
 .text.mem_cpy  0x080021c4       0x98 build_arm_cortex_m4_base_application_stm32f4/utils.o
                0x080021c4                mem_cpy
 .text.str_cpy  0x0800225c       0x38 build_arm_cortex_m4_base_application_stm32f4/utils.o
                0x0800225c                str_cpy
 .text.xputc    0x08002294       0x30 build_arm_cortex_m4_base_application_stm32f4/xprintf.o
                0x08002294                xputc
 .text.sxputc   0x080022c4       0x10 build_arm_cortex_m4_base_application_stm32f4/xprintf.o
                0x080022c4                sxputc
 .text.xstream  0x080022d4      0x36c build_arm_cortex_m4_base_application_stm32f4/xprintf.o
                0x080022d4                xstream
 .text.xprintf  0x08002640       0x28 build_arm_cortex_m4_base_application_stm32f4/xprintf.o
                0x08002640                xprintf
 .text.set_dymc_output_type
                0x08002668       0x18 build_arm_cortex_m4_base_application_stm32f4/xprintf.o
                0x08002668                set_dymc_output_type
 .text.xdymcprintf
                0x08002680       0x74 build_arm_cortex_m4_base_application_stm32f4/xprintf.o
                0x08002680                xdymcprintf
 .text.cmd_line_parser
                0x080026f4       0x94 build_arm_cortex_m4_base_application_stm32f4/cmd_line.o
                0x080026f4                cmd_line_parser
 .text.fifo_init
                0x08002788       0x38 build_arm_cortex_m4_base_application_stm32f4/fifo.o
                0x08002788                fifo_init
 .text.fifo_availble
                0x080027c0        0x4 build_arm_cortex_m4_base_application_stm32f4/fifo.o
                0x080027c0                fifo_availble
 .text.fifo_is_full
                0x080027c4       0x10 build_arm_cortex_m4_base_application_stm32f4/fifo.o
                0x080027c4                fifo_is_full
 .text.fifo_put
                0x080027d4       0x58 build_arm_cortex_m4_base_application_stm32f4/fifo.o
                0x080027d4                fifo_put
 .text.fifo_get
                0x0800282c       0x60 build_arm_cortex_m4_base_application_stm32f4/fifo.o
                0x0800282c                fifo_get
 .text.led_init
                0x0800288c       0x20 build_arm_cortex_m4_base_application_stm32f4/led.o
                0x0800288c                led_init
 .text.led_toggle
                0x080028ac       0x20 build_arm_cortex_m4_base_application_stm32f4/led.o
                0x080028ac                led_toggle
 .text.flash_read
                0x080028cc       0x80 build_arm_cortex_m4_base_application_stm32f4/flash.o
                0x080028cc                flash_read
 .text.flash_write
                0x0800294c       0xe0 build_arm_cortex_m4_base_application_stm32f4/flash.o
                0x0800294c                flash_write
 .text.flash_erase_sector
                0x08002a2c       0xc0 build_arm_cortex_m4_base_application_stm32f4/flash.o
                0x08002a2c                flash_erase_sector
 .text.flash_erase_block_64k
                0x08002aec       0xbc build_arm_cortex_m4_base_application_stm32f4/flash.o
                0x08002aec                flash_erase_block_64k
 .text.flash_erase_full
                0x08002ba8       0x9c build_arm_cortex_m4_base_application_stm32f4/flash.o
                0x08002ba8                flash_erase_full
 .text.TM_FATFS_DriveSize
                0x08002c44       0x38 build_arm_cortex_m4_base_application_stm32f4/tm_stm32f4_fatfs.o
                0x08002c44                TM_FATFS_DriveSize
 .text.TM_FATFS_CheckCardDetectPin
                0x08002c7c        0x4 build_arm_cortex_m4_base_application_stm32f4/tm_stm32f4_fatfs.o
                0x08002c7c                TM_FATFS_CheckCardDetectPin
 .text.sys_dbg_fatal
                0x08002c80       0xbc build_arm_cortex_m4_base_application_stm32f4/sys_dbg.o
                0x08002c80                sys_dbg_fatal
 .text.sys_dbg_func_stack_dump
                0x08002d3c       0x68 build_arm_cortex_m4_base_application_stm32f4/sys_dbg.o
                0x08002d3c                sys_dbg_func_stack_dump
 .text.sys_dbg_cpu_dump
                0x08002da4       0x4c build_arm_cortex_m4_base_application_stm32f4/sys_dbg.o
                0x08002da4                sys_dbg_cpu_dump
 .text.sys_dbg_stack_space_dump
                0x08002df0       0x30 build_arm_cortex_m4_base_application_stm32f4/sys_dbg.o
                0x08002df0                sys_dbg_stack_space_dump
 .text.sys_boot_get
                0x08002e20        0x4 build_arm_cortex_m4_base_application_stm32f4/sys_boot.o
                0x08002e20                sys_boot_get
 .text.sys_boot_set
                0x08002e24        0x4 build_arm_cortex_m4_base_application_stm32f4/sys_boot.o
                0x08002e24                sys_boot_set
 .text.sys_svc_restart_app
                0x08002e28        0x4 build_arm_cortex_m4_base_application_stm32f4/sys_svc.o
                0x08002e28                sys_svc_restart_app
 .text.hal_nrf_rw
                0x08002e2c        0x4 build_arm_cortex_m4_base_application_stm32f4/hal_nrf_hw.o
                0x08002e2c                hal_nrf_rw
 .text.hal_nrf_set_irq_mode
                0x08002e30       0x78 build_arm_cortex_m4_base_application_stm32f4/hal_nrf_l01.o
                0x08002e30                hal_nrf_set_irq_mode
 .text.hal_nrf_get_clear_irq_flags
                0x08002ea8       0x20 build_arm_cortex_m4_base_application_stm32f4/hal_nrf_l01.o
                0x08002ea8                hal_nrf_get_clear_irq_flags
 .text.hal_nrf_set_crc_mode
                0x08002ec8       0x3c build_arm_cortex_m4_base_application_stm32f4/hal_nrf_l01.o
                0x08002ec8                hal_nrf_set_crc_mode
 .text.hal_nrf_open_pipe
                0x08002f04      0x100 build_arm_cortex_m4_base_application_stm32f4/hal_nrf_l01.o
                0x08002f04                hal_nrf_open_pipe
 .text.hal_nrf_close_pipe
                0x08003004       0xa4 build_arm_cortex_m4_base_application_stm32f4/hal_nrf_l01.o
                0x08003004                hal_nrf_close_pipe
 .text.hal_nrf_set_address
                0x080030a8       0x90 build_arm_cortex_m4_base_application_stm32f4/hal_nrf_l01.o
                0x080030a8                hal_nrf_set_address
 .text.hal_nrf_set_auto_retr
                0x08003138       0x30 build_arm_cortex_m4_base_application_stm32f4/hal_nrf_l01.o
                0x08003138                hal_nrf_set_auto_retr
 .text.hal_nrf_set_address_width
                0x08003168       0x20 build_arm_cortex_m4_base_application_stm32f4/hal_nrf_l01.o
                0x08003168                hal_nrf_set_address_width
 .text.hal_nrf_set_rx_pload_width
                0x08003188       0x58 build_arm_cortex_m4_base_application_stm32f4/hal_nrf_l01.o
                0x08003188                hal_nrf_set_rx_pload_width
 .text.hal_nrf_set_operation_mode
                0x080031e0       0x68 build_arm_cortex_m4_base_application_stm32f4/hal_nrf_l01.o
                0x080031e0                hal_nrf_set_operation_mode
 .text.hal_nrf_set_power_mode
                0x08003248       0x68 build_arm_cortex_m4_base_application_stm32f4/hal_nrf_l01.o
                0x08003248                hal_nrf_set_power_mode
 .text.hal_nrf_set_rf_channel
                0x080032b0       0x1c build_arm_cortex_m4_base_application_stm32f4/hal_nrf_l01.o
                0x080032b0                hal_nrf_set_rf_channel
 .text.hal_nrf_set_output_power
                0x080032cc       0x3c build_arm_cortex_m4_base_application_stm32f4/hal_nrf_l01.o
                0x080032cc                hal_nrf_set_output_power
 .text.hal_nrf_set_datarate
                0x08003308       0x68 build_arm_cortex_m4_base_application_stm32f4/hal_nrf_l01.o
                0x08003308                hal_nrf_set_datarate
 .text.hal_nrf_write_tx_pload
                0x08003370       0x30 build_arm_cortex_m4_base_application_stm32f4/hal_nrf_l01.o
                0x08003370                hal_nrf_write_tx_pload
 .text.hal_nrf_flush_rx
                0x080033a0       0x14 build_arm_cortex_m4_base_application_stm32f4/hal_nrf_l01.o
                0x080033a0                hal_nrf_flush_rx
 .text.hal_nrf_flush_tx
                0x080033b4       0x14 build_arm_cortex_m4_base_application_stm32f4/hal_nrf_l01.o
                0x080033b4                hal_nrf_flush_tx
 .text.hal_nrf_set_lna_gain
                0x080033c8       0x68 build_arm_cortex_m4_base_application_stm32f4/hal_nrf_l01.o
                0x080033c8                hal_nrf_set_lna_gain
 .text.NVIC_PriorityGroupConfig
                0x08003430       0x14 build_arm_cortex_m4_base_application_stm32f4/misc.o
                0x08003430                NVIC_PriorityGroupConfig
 .text.NVIC_Init
                0x08003444       0x70 build_arm_cortex_m4_base_application_stm32f4/misc.o
                0x08003444                NVIC_Init
 .text.DMA_DeInit
                0x080034b4      0x128 build_arm_cortex_m4_base_application_stm32f4/stm32f4xx_dma.o
                0x080034b4                DMA_DeInit
 .text.DMA_Init
                0x080035dc       0x58 build_arm_cortex_m4_base_application_stm32f4/stm32f4xx_dma.o
                0x080035dc                DMA_Init
 .text.DMA_Cmd  0x08003634       0x14 build_arm_cortex_m4_base_application_stm32f4/stm32f4xx_dma.o
                0x08003634                DMA_Cmd
 .text.DMA_FlowControllerConfig
                0x08003648       0x14 build_arm_cortex_m4_base_application_stm32f4/stm32f4xx_dma.o
                0x08003648                DMA_FlowControllerConfig
 .text.DMA_ClearFlag
                0x0800365c       0x34 build_arm_cortex_m4_base_application_stm32f4/stm32f4xx_dma.o
                0x0800365c                DMA_ClearFlag
 .text.DMA_ITConfig
                0x08003690       0x40 build_arm_cortex_m4_base_application_stm32f4/stm32f4xx_dma.o
                0x08003690                DMA_ITConfig
 .text.EXTI_Init
                0x080036d0       0x7c build_arm_cortex_m4_base_application_stm32f4/stm32f4xx_exti.o
                0x080036d0                EXTI_Init
 .text.FLASH_Unlock
                0x0800374c       0x20 build_arm_cortex_m4_base_application_stm32f4/stm32f4xx_flash.o
                0x0800374c                FLASH_Unlock
 .text.FLASH_Lock
                0x0800376c       0x10 build_arm_cortex_m4_base_application_stm32f4/stm32f4xx_flash.o
                0x0800376c                FLASH_Lock
 .text.FLASH_ClearFlag
                0x0800377c        0xc build_arm_cortex_m4_base_application_stm32f4/stm32f4xx_flash.o
                0x0800377c                FLASH_ClearFlag
 .text.GPIO_Init
                0x08003788       0xa4 build_arm_cortex_m4_base_application_stm32f4/stm32f4xx_gpio.o
                0x08003788                GPIO_Init
 .text.GPIO_SetBits
                0x0800382c        0x4 build_arm_cortex_m4_base_application_stm32f4/stm32f4xx_gpio.o
                0x0800382c                GPIO_SetBits
 .text.GPIO_ResetBits
                0x08003830        0x4 build_arm_cortex_m4_base_application_stm32f4/stm32f4xx_gpio.o
                0x08003830                GPIO_ResetBits
 .text.GPIO_PinAFConfig
                0x08003834       0x28 build_arm_cortex_m4_base_application_stm32f4/stm32f4xx_gpio.o
                0x08003834                GPIO_PinAFConfig
 .text.I2C_Init
                0x0800385c       0xe8 build_arm_cortex_m4_base_application_stm32f4/stm32f4xx_i2c.o
                0x0800385c                I2C_Init
 .text.I2C_Cmd  0x08003944       0x1c build_arm_cortex_m4_base_application_stm32f4/stm32f4xx_i2c.o
                0x08003944                I2C_Cmd
 .text.IWDG_ReloadCounter
                0x08003960       0x10 build_arm_cortex_m4_base_application_stm32f4/stm32f4xx_iwdg.o
                0x08003960                IWDG_ReloadCounter
 .text.RCC_HSICmd
                0x08003970        0xc build_arm_cortex_m4_base_application_stm32f4/stm32f4xx_rcc.o
                0x08003970                RCC_HSICmd
 .text.RCC_GetClocksFreq
                0x0800397c       0x98 build_arm_cortex_m4_base_application_stm32f4/stm32f4xx_rcc.o
                0x0800397c                RCC_GetClocksFreq
 .text.RCC_AHB1PeriphClockCmd
                0x08003a14       0x1c build_arm_cortex_m4_base_application_stm32f4/stm32f4xx_rcc.o
                0x08003a14                RCC_AHB1PeriphClockCmd
 .text.RCC_APB1PeriphClockCmd
                0x08003a30       0x1c build_arm_cortex_m4_base_application_stm32f4/stm32f4xx_rcc.o
                0x08003a30                RCC_APB1PeriphClockCmd
 .text.RCC_APB2PeriphClockCmd
                0x08003a4c       0x1c build_arm_cortex_m4_base_application_stm32f4/stm32f4xx_rcc.o
                0x08003a4c                RCC_APB2PeriphClockCmd
 .text.RCC_APB1PeriphResetCmd
                0x08003a68       0x1c build_arm_cortex_m4_base_application_stm32f4/stm32f4xx_rcc.o
                0x08003a68                RCC_APB1PeriphResetCmd
 .text.RCC_APB2PeriphResetCmd
                0x08003a84       0x1c build_arm_cortex_m4_base_application_stm32f4/stm32f4xx_rcc.o
                0x08003a84                RCC_APB2PeriphResetCmd
 .text.RCC_GetFlagStatus
                0x08003aa0       0x34 build_arm_cortex_m4_base_application_stm32f4/stm32f4xx_rcc.o
                0x08003aa0                RCC_GetFlagStatus
 .text.SDIO_DeInit
                0x08003ad4       0x1c build_arm_cortex_m4_base_application_stm32f4/stm32f4xx_sdio.o
                0x08003ad4                SDIO_DeInit
 .text.SDIO_Init
                0x08003af0       0x38 build_arm_cortex_m4_base_application_stm32f4/stm32f4xx_sdio.o
                0x08003af0                SDIO_Init
 .text.SDIO_ClockCmd
                0x08003b28        0xc build_arm_cortex_m4_base_application_stm32f4/stm32f4xx_sdio.o
                0x08003b28                SDIO_ClockCmd
 .text.SDIO_SetPowerState
                0x08003b34        0xc build_arm_cortex_m4_base_application_stm32f4/stm32f4xx_sdio.o
                0x08003b34                SDIO_SetPowerState
 .text.SDIO_GetPowerState
                0x08003b40       0x10 build_arm_cortex_m4_base_application_stm32f4/stm32f4xx_sdio.o
                0x08003b40                SDIO_GetPowerState
 .text.SDIO_SendCommand
                0x08003b50       0x30 build_arm_cortex_m4_base_application_stm32f4/stm32f4xx_sdio.o
                0x08003b50                SDIO_SendCommand
 .text.SDIO_GetCommandResponse
                0x08003b80        0xc build_arm_cortex_m4_base_application_stm32f4/stm32f4xx_sdio.o
                0x08003b80                SDIO_GetCommandResponse
 .text.SDIO_GetResponse
                0x08003b8c       0x18 build_arm_cortex_m4_base_application_stm32f4/stm32f4xx_sdio.o
                0x08003b8c                SDIO_GetResponse
 .text.SDIO_DataConfig
                0x08003ba4       0x2c build_arm_cortex_m4_base_application_stm32f4/stm32f4xx_sdio.o
                0x08003ba4                SDIO_DataConfig
 .text.SDIO_ReadData
                0x08003bd0        0xc build_arm_cortex_m4_base_application_stm32f4/stm32f4xx_sdio.o
                0x08003bd0                SDIO_ReadData
 .text.SDIO_DMACmd
                0x08003bdc        0xc build_arm_cortex_m4_base_application_stm32f4/stm32f4xx_sdio.o
                0x08003bdc                SDIO_DMACmd
 .text.SDIO_GetFlagStatus
                0x08003be8       0x14 build_arm_cortex_m4_base_application_stm32f4/stm32f4xx_sdio.o
                0x08003be8                SDIO_GetFlagStatus
 .text.SPI_I2S_DeInit
                0x08003bfc       0xd0 build_arm_cortex_m4_base_application_stm32f4/stm32f4xx_spi.o
                0x08003bfc                SPI_I2S_DeInit
 .text.SPI_Init
                0x08003ccc       0x40 build_arm_cortex_m4_base_application_stm32f4/stm32f4xx_spi.o
                0x08003ccc                SPI_Init
 .text.SPI_Cmd  0x08003d0c       0x1c build_arm_cortex_m4_base_application_stm32f4/stm32f4xx_spi.o
                0x08003d0c                SPI_Cmd
 .text.SPI_I2S_ReceiveData
                0x08003d28        0x8 build_arm_cortex_m4_base_application_stm32f4/stm32f4xx_spi.o
                0x08003d28                SPI_I2S_ReceiveData
 .text.SPI_I2S_SendData
                0x08003d30        0x4 build_arm_cortex_m4_base_application_stm32f4/stm32f4xx_spi.o
                0x08003d30                SPI_I2S_SendData
 .text.SPI_I2S_GetFlagStatus
                0x08003d34        0xc build_arm_cortex_m4_base_application_stm32f4/stm32f4xx_spi.o
                0x08003d34                SPI_I2S_GetFlagStatus
 .text.SYSCFG_EXTILineConfig
                0x08003d40       0x2c build_arm_cortex_m4_base_application_stm32f4/stm32f4xx_syscfg.o
                0x08003d40                SYSCFG_EXTILineConfig
 .text.TIM_DeInit
                0x08003d6c      0x1b8 build_arm_cortex_m4_base_application_stm32f4/stm32f4xx_tim.o
                0x08003d6c                TIM_DeInit
 .text.TIM_TimeBaseInit
                0x08003f24       0x98 build_arm_cortex_m4_base_application_stm32f4/stm32f4xx_tim.o
                0x08003f24                TIM_TimeBaseInit
 .text.TIM_TimeBaseStructInit
                0x08003fbc       0x14 build_arm_cortex_m4_base_application_stm32f4/stm32f4xx_tim.o
                0x08003fbc                TIM_TimeBaseStructInit
 .text.TIM_SetCounter
                0x08003fd0        0x4 build_arm_cortex_m4_base_application_stm32f4/stm32f4xx_tim.o
                0x08003fd0                TIM_SetCounter
 .text.TIM_ARRPreloadConfig
                0x08003fd4       0x1c build_arm_cortex_m4_base_application_stm32f4/stm32f4xx_tim.o
                0x08003fd4                TIM_ARRPreloadConfig
 .text.TIM_Cmd  0x08003ff0       0x1c build_arm_cortex_m4_base_application_stm32f4/stm32f4xx_tim.o
                0x08003ff0                TIM_Cmd
 .text.TIM_OC1Init
                0x0800400c       0x80 build_arm_cortex_m4_base_application_stm32f4/stm32f4xx_tim.o
                0x0800400c                TIM_OC1Init
 .text.TIM_OC2Init
                0x0800408c       0x90 build_arm_cortex_m4_base_application_stm32f4/stm32f4xx_tim.o
                0x0800408c                TIM_OC2Init
 .text.TIM_OC3Init
                0x0800411c       0x8c build_arm_cortex_m4_base_application_stm32f4/stm32f4xx_tim.o
                0x0800411c                TIM_OC3Init
 .text.TIM_OC4Init
                0x080041a8       0x74 build_arm_cortex_m4_base_application_stm32f4/stm32f4xx_tim.o
                0x080041a8                TIM_OC4Init
 .text.TIM_OC1PreloadConfig
                0x0800421c       0x10 build_arm_cortex_m4_base_application_stm32f4/stm32f4xx_tim.o
                0x0800421c                TIM_OC1PreloadConfig
 .text.TIM_OC2PreloadConfig
                0x0800422c       0x14 build_arm_cortex_m4_base_application_stm32f4/stm32f4xx_tim.o
                0x0800422c                TIM_OC2PreloadConfig
 .text.TIM_OC3PreloadConfig
                0x08004240       0x10 build_arm_cortex_m4_base_application_stm32f4/stm32f4xx_tim.o
                0x08004240                TIM_OC3PreloadConfig
 .text.TIM_OC4PreloadConfig
                0x08004250       0x14 build_arm_cortex_m4_base_application_stm32f4/stm32f4xx_tim.o
                0x08004250                TIM_OC4PreloadConfig
 .text.TIM_ICInit
                0x08004264      0x168 build_arm_cortex_m4_base_application_stm32f4/stm32f4xx_tim.o
                0x08004264                TIM_ICInit
 .text.TIM_ICStructInit
                0x080043cc       0x14 build_arm_cortex_m4_base_application_stm32f4/stm32f4xx_tim.o
                0x080043cc                TIM_ICStructInit
 .text.TIM_CtrlPWMOutputs
                0x080043e0       0x20 build_arm_cortex_m4_base_application_stm32f4/stm32f4xx_tim.o
                0x080043e0                TIM_CtrlPWMOutputs
 .text.TIM_ITConfig
                0x08004400       0x14 build_arm_cortex_m4_base_application_stm32f4/stm32f4xx_tim.o
                0x08004400                TIM_ITConfig
 .text.TIM_ClearFlag
                0x08004414        0x8 build_arm_cortex_m4_base_application_stm32f4/stm32f4xx_tim.o
                0x08004414                TIM_ClearFlag
 .text.TIM_GetITStatus
                0x0800441c       0x18 build_arm_cortex_m4_base_application_stm32f4/stm32f4xx_tim.o
                0x0800441c                TIM_GetITStatus
 .text.TIM_ClearITPendingBit
                0x08004434        0x8 build_arm_cortex_m4_base_application_stm32f4/stm32f4xx_tim.o
                0x08004434                TIM_ClearITPendingBit
 .text.TIM_EncoderInterfaceConfig
                0x0800443c       0x40 build_arm_cortex_m4_base_application_stm32f4/stm32f4xx_tim.o
                0x0800443c                TIM_EncoderInterfaceConfig
 .text.USART_Init
                0x0800447c       0xc4 build_arm_cortex_m4_base_application_stm32f4/stm32f4xx_usart.o
                0x0800447c                USART_Init
 .text.USART_Cmd
                0x08004540       0x1c build_arm_cortex_m4_base_application_stm32f4/stm32f4xx_usart.o
                0x08004540                USART_Cmd
 .text.USART_SendData
                0x0800455c        0x8 build_arm_cortex_m4_base_application_stm32f4/stm32f4xx_usart.o
                0x0800455c                USART_SendData
 .text.USART_ReceiveData
                0x08004564        0x8 build_arm_cortex_m4_base_application_stm32f4/stm32f4xx_usart.o
                0x08004564                USART_ReceiveData
 .text.USART_ITConfig
                0x0800456c       0x38 build_arm_cortex_m4_base_application_stm32f4/stm32f4xx_usart.o
                0x0800456c                USART_ITConfig
 .text.USART_GetFlagStatus
                0x080045a4        0xc build_arm_cortex_m4_base_application_stm32f4/stm32f4xx_usart.o
                0x080045a4                USART_GetFlagStatus
 .text.USART_GetITStatus
                0x080045b0       0x48 build_arm_cortex_m4_base_application_stm32f4/stm32f4xx_usart.o
                0x080045b0                USART_GetITStatus
 .text.USART_ClearITPendingBit
                0x080045f8       0x10 build_arm_cortex_m4_base_application_stm32f4/stm32f4xx_usart.o
                0x080045f8                USART_ClearITPendingBit
 .text.TM_GPIO_Init
                0x08004608      0x140 build_arm_cortex_m4_base_application_stm32f4/tm_stm32f4_gpio.o
                0x08004608                TM_GPIO_Init
 .text.TM_GPIO_InitAlternate
                0x08004748      0x25c build_arm_cortex_m4_base_application_stm32f4/tm_stm32f4_gpio.o
                0x08004748                TM_GPIO_InitAlternate
 .text.TM_GPIO_DeInit
                0x080049a4      0x1d8 build_arm_cortex_m4_base_application_stm32f4/tm_stm32f4_gpio.o
                0x080049a4                TM_GPIO_DeInit
 .text.TM_GPIO_SetPullResistor
                0x08004b7c      0x100 build_arm_cortex_m4_base_application_stm32f4/tm_stm32f4_gpio.o
                0x08004b7c                TM_GPIO_SetPullResistor
 *fill*         0x08004c7c        0x4 
 .text.TM_PWM_InitTimer
                0x08004c80      0x104 build_arm_cortex_m4_base_application_stm32f4/tm_stm32f4_pwm.o
                0x08004c80                TM_PWM_InitTimer
 .text.TM_PWM_SetChannelPercent
                0x08004d84      0x1dc build_arm_cortex_m4_base_application_stm32f4/tm_stm32f4_pwm.o
                0x08004d84                TM_PWM_SetChannelPercent
 .text.TM_PWM_INT_InitTIM1Pins
                0x08004f60      0x108 build_arm_cortex_m4_base_application_stm32f4/tm_stm32f4_pwm.o
                0x08004f60                TM_PWM_INT_InitTIM1Pins
 .text.TM_PWM_INT_InitTIM2Pins
                0x08005068      0x11c build_arm_cortex_m4_base_application_stm32f4/tm_stm32f4_pwm.o
                0x08005068                TM_PWM_INT_InitTIM2Pins
 .text.TM_PWM_INT_InitTIM3Pins
                0x08005184      0x140 build_arm_cortex_m4_base_application_stm32f4/tm_stm32f4_pwm.o
                0x08005184                TM_PWM_INT_InitTIM3Pins
 .text.TM_PWM_INT_InitTIM4Pins
                0x080052c4      0x110 build_arm_cortex_m4_base_application_stm32f4/tm_stm32f4_pwm.o
                0x080052c4                TM_PWM_INT_InitTIM4Pins
 .text.TM_PWM_INT_InitTIM5Pins
                0x080053d4      0x10c build_arm_cortex_m4_base_application_stm32f4/tm_stm32f4_pwm.o
                0x080053d4                TM_PWM_INT_InitTIM5Pins
 .text.TM_PWM_INT_InitTIM8Pins
                0x080054e0       0xfc build_arm_cortex_m4_base_application_stm32f4/tm_stm32f4_pwm.o
                0x080054e0                TM_PWM_INT_InitTIM8Pins
 .text.TM_PWM_INT_InitTIM9Pins
                0x080055dc       0x90 build_arm_cortex_m4_base_application_stm32f4/tm_stm32f4_pwm.o
                0x080055dc                TM_PWM_INT_InitTIM9Pins
 .text.TM_PWM_INT_InitTIM12Pins
                0x0800566c       0xa0 build_arm_cortex_m4_base_application_stm32f4/tm_stm32f4_pwm.o
                0x0800566c                TM_PWM_INT_InitTIM12Pins
 .text.TM_PWM_InitChannel
                0x0800570c      0x1e8 build_arm_cortex_m4_base_application_stm32f4/tm_stm32f4_pwm.o
                0x0800570c                TM_PWM_InitChannel
 .text.TM_TIMER_PROPERTIES_GetTimerProperties
                0x080058f4       0xbc build_arm_cortex_m4_base_application_stm32f4/tm_stm32f4_timer_properties.o
                0x080058f4                TM_TIMER_PROPERTIES_GetTimerProperties
 .text.TM_TIMER_PROPERTIES_GenerateDataForWorkingFrequency
                0x080059b0       0xa4 build_arm_cortex_m4_base_application_stm32f4/tm_stm32f4_timer_properties.o
                0x080059b0                TM_TIMER_PROPERTIES_GenerateDataForWorkingFrequency
 .text.TM_TIMER_PROPERTIES_EnableClock
                0x08005a54      0x148 build_arm_cortex_m4_base_application_stm32f4/tm_stm32f4_timer_properties.o
                0x08005a54                TM_TIMER_PROPERTIES_EnableClock
 .text.TM_FATFS_SPI_FLASH_disk_status
                0x08005b9c        0x4 build_arm_cortex_m4_base_application_stm32f4/diskio.o
                0x08005b9c                TM_FATFS_SPI_FLASH_disk_status
 .text.TM_FATFS_SPI_FLASH_disk_ioctl
                0x08005ba0        0x4 build_arm_cortex_m4_base_application_stm32f4/diskio.o
                0x08005ba0                TM_FATFS_SPI_FLASH_disk_ioctl
 .text.TM_FATFS_SPI_FLASH_disk_write
                0x08005ba4        0x4 build_arm_cortex_m4_base_application_stm32f4/diskio.o
                0x08005ba4                TM_FATFS_SPI_FLASH_disk_write
 .text.TM_FATFS_SDRAM_disk_write
                0x08005ba8        0x4 build_arm_cortex_m4_base_application_stm32f4/diskio.o
                0x08005ba8                TM_FATFS_SDRAM_disk_write
 .text.TM_FATFS_USB_disk_read
                0x08005bac        0x4 build_arm_cortex_m4_base_application_stm32f4/diskio.o
                0x08005bac                TM_FATFS_USB_disk_read
 .text.TM_FATFS_SDRAM_disk_read
                0x08005bb0        0x4 build_arm_cortex_m4_base_application_stm32f4/diskio.o
                0x08005bb0                TM_FATFS_SDRAM_disk_read
 .text.TM_FATFS_SPI_FLASH_disk_read
                0x08005bb4        0x4 build_arm_cortex_m4_base_application_stm32f4/diskio.o
                0x08005bb4                TM_FATFS_SPI_FLASH_disk_read
 .text.TM_FATFS_USB_disk_write
                0x08005bb8        0x4 build_arm_cortex_m4_base_application_stm32f4/diskio.o
                0x08005bb8                TM_FATFS_USB_disk_write
 .text.TM_FATFS_USB_disk_ioctl
                0x08005bbc        0x4 build_arm_cortex_m4_base_application_stm32f4/diskio.o
                0x08005bbc                TM_FATFS_USB_disk_ioctl
 .text.TM_FATFS_SDRAM_disk_ioctl
                0x08005bc0        0x4 build_arm_cortex_m4_base_application_stm32f4/diskio.o
                0x08005bc0                TM_FATFS_SDRAM_disk_ioctl
 .text.TM_FATFS_USB_disk_initialize
                0x08005bc4        0x4 build_arm_cortex_m4_base_application_stm32f4/diskio.o
                0x08005bc4                TM_FATFS_USB_disk_initialize
 .text.TM_FATFS_SDRAM_disk_initialize
                0x08005bc8        0x4 build_arm_cortex_m4_base_application_stm32f4/diskio.o
                0x08005bc8                TM_FATFS_SDRAM_disk_initialize
 .text.TM_FATFS_SPI_FLASH_disk_initialize
                0x08005bcc        0x4 build_arm_cortex_m4_base_application_stm32f4/diskio.o
                0x08005bcc                TM_FATFS_SPI_FLASH_disk_initialize
 .text.TM_FATFS_USB_disk_status
                0x08005bd0        0x4 build_arm_cortex_m4_base_application_stm32f4/diskio.o
                0x08005bd0                TM_FATFS_USB_disk_status
 .text.TM_FATFS_SDRAM_disk_status
                0x08005bd4        0x4 build_arm_cortex_m4_base_application_stm32f4/diskio.o
                0x08005bd4                TM_FATFS_SDRAM_disk_status
 .text.disk_initialize
                0x08005bd8       0x18 build_arm_cortex_m4_base_application_stm32f4/diskio.o
                0x08005bd8                disk_initialize
 .text.disk_status
                0x08005bf0       0x18 build_arm_cortex_m4_base_application_stm32f4/diskio.o
                0x08005bf0                disk_status
 .text.disk_read
                0x08005c08       0x30 build_arm_cortex_m4_base_application_stm32f4/diskio.o
                0x08005c08                disk_read
 .text.disk_write
                0x08005c38       0x30 build_arm_cortex_m4_base_application_stm32f4/diskio.o
                0x08005c38                disk_write
 .text.disk_ioctl
                0x08005c68       0x1c build_arm_cortex_m4_base_application_stm32f4/diskio.o
                0x08005c68                disk_ioctl
 .text.get_fattime
                0x08005c84        0x8 build_arm_cortex_m4_base_application_stm32f4/diskio.o
                0x08005c84                get_fattime
 .text.get_ldnumber
                0x08005c8c       0x9c build_arm_cortex_m4_base_application_stm32f4/ff.o
 .text.unlikely.sync_window.part.1
                0x08005d28       0x48 build_arm_cortex_m4_base_application_stm32f4/ff.o
 .text.move_window
                0x08005d70       0x7c build_arm_cortex_m4_base_application_stm32f4/ff.o
 .text.find_volume
                0x08005dec      0x468 build_arm_cortex_m4_base_application_stm32f4/ff.o
 .text.sync_fs  0x08006254       0xfc build_arm_cortex_m4_base_application_stm32f4/ff.o
 .text.put_fat.part.5
                0x08006350      0x2c0 build_arm_cortex_m4_base_application_stm32f4/ff.o
 .text.remove_chain.part.7
                0x08006610      0x298 build_arm_cortex_m4_base_application_stm32f4/ff.o
 .text.get_fat.part.4
                0x080068a8      0x26c build_arm_cortex_m4_base_application_stm32f4/ff.o
 .text.dir_sdi  0x08006b14       0xa0 build_arm_cortex_m4_base_application_stm32f4/ff.o
 .text.create_chain
                0x08006bb4      0x328 build_arm_cortex_m4_base_application_stm32f4/ff.o
 .text.f_write.part.9
                0x08006edc      0x2d4 build_arm_cortex_m4_base_application_stm32f4/ff.o
 .text.dir_next.constprop.14
                0x080071b0       0x88 build_arm_cortex_m4_base_application_stm32f4/ff.o
 .text.dir_alloc
                0x08007238      0x1e0 build_arm_cortex_m4_base_application_stm32f4/ff.o
 .text.dir_find.part.6
                0x08007418      0x324 build_arm_cortex_m4_base_application_stm32f4/ff.o
 .text.dir_register
                0x0800773c      0x998 build_arm_cortex_m4_base_application_stm32f4/ff.o
 .text.follow_path
                0x080080d4      0x3b0 build_arm_cortex_m4_base_application_stm32f4/ff.o
 .text.f_mount  0x08008484       0x5c build_arm_cortex_m4_base_application_stm32f4/ff.o
                0x08008484                f_mount
 .text.f_open   0x080084e0      0x64c build_arm_cortex_m4_base_application_stm32f4/ff.o
                0x080084e0                f_open
 .text.f_close  0x08008b2c      0x154 build_arm_cortex_m4_base_application_stm32f4/ff.o
                0x08008b2c                f_close
 .text.f_getfree
                0x08008c80      0x154 build_arm_cortex_m4_base_application_stm32f4/ff.o
                0x08008c80                f_getfree
 .text.f_puts   0x08008dd4      0x174 build_arm_cortex_m4_base_application_stm32f4/ff.o
                0x08008dd4                f_puts
 .text.CmdResp1Error.part.0
                0x08008f48       0xc0 build_arm_cortex_m4_base_application_stm32f4/fatfs_sd_sdio.o
 .text.CmdResp1Error
                0x08009008       0x40 build_arm_cortex_m4_base_application_stm32f4/fatfs_sd_sdio.o
 .text.FindSCR.isra.1
                0x08009048      0x1a8 build_arm_cortex_m4_base_application_stm32f4/fatfs_sd_sdio.o
 .text.TM_FATFS_SD_SDIO_disk_status
                0x080091f0       0x5c build_arm_cortex_m4_base_application_stm32f4/fatfs_sd_sdio.o
                0x080091f0                TM_FATFS_SD_SDIO_disk_status
 .text.TM_FATFS_SD_SDIO_disk_ioctl
                0x0800924c       0x1c build_arm_cortex_m4_base_application_stm32f4/fatfs_sd_sdio.o
                0x0800924c                TM_FATFS_SD_SDIO_disk_ioctl
 .text.SD_PowerON
                0x08009268      0x290 build_arm_cortex_m4_base_application_stm32f4/fatfs_sd_sdio.o
                0x08009268                SD_PowerON
 .text.SD_InitializeCards
                0x080094f8      0x180 build_arm_cortex_m4_base_application_stm32f4/fatfs_sd_sdio.o
                0x080094f8                SD_InitializeCards
 .text.SD_Init  0x08009678      0x550 build_arm_cortex_m4_base_application_stm32f4/fatfs_sd_sdio.o
                0x08009678                SD_Init
 .text.TM_FATFS_SD_SDIO_disk_initialize
                0x08009bc8      0x120 build_arm_cortex_m4_base_application_stm32f4/fatfs_sd_sdio.o
                0x08009bc8                TM_FATFS_SD_SDIO_disk_initialize
 .text.SD_ReadMultiBlocks
                0x08009ce8      0x1bc build_arm_cortex_m4_base_application_stm32f4/fatfs_sd_sdio.o
                0x08009ce8                SD_ReadMultiBlocks
 .text.SD_WaitReadOperation
                0x08009ea4      0x104 build_arm_cortex_m4_base_application_stm32f4/fatfs_sd_sdio.o
                0x08009ea4                SD_WaitReadOperation
 .text.TM_FATFS_SD_SDIO_disk_read
                0x08009fa8      0x1b4 build_arm_cortex_m4_base_application_stm32f4/fatfs_sd_sdio.o
                0x08009fa8                TM_FATFS_SD_SDIO_disk_read
 .text.SD_WriteMultiBlocks
                0x0800a15c      0x24c build_arm_cortex_m4_base_application_stm32f4/fatfs_sd_sdio.o
                0x0800a15c                SD_WriteMultiBlocks
 .text.SD_WaitWriteOperation
                0x0800a3a8      0x108 build_arm_cortex_m4_base_application_stm32f4/fatfs_sd_sdio.o
                0x0800a3a8                SD_WaitWriteOperation
 .text.TM_FATFS_SD_SDIO_disk_write
                0x0800a4b0      0x1c4 build_arm_cortex_m4_base_application_stm32f4/fatfs_sd_sdio.o
                0x0800a4b0                TM_FATFS_SD_SDIO_disk_write
 .text.ff_memalloc
                0x0800a674        0x4 build_arm_cortex_m4_base_application_stm32f4/syscall.o
                0x0800a674                ff_memalloc
 .text.ff_memfree
                0x0800a678        0x4 build_arm_cortex_m4_base_application_stm32f4/syscall.o
                0x0800a678                ff_memfree
 .text.ff_convert
                0x0800a67c       0x48 build_arm_cortex_m4_base_application_stm32f4/unicode.o
                0x0800a67c                ff_convert
 .text.ff_wtoupper
                0x0800a6c4       0x30 build_arm_cortex_m4_base_application_stm32f4/unicode.o
                0x0800a6c4                ff_wtoupper
 .text.disable_interrupts
                0x0800a6f4       0x10 build_arm_cortex_m4_base_application_stm32f4/stm32f4.o
                0x0800a6f4                disable_interrupts
 .text.entry_critical
                0x0800a704       0x14 build_arm_cortex_m4_base_application_stm32f4/stm32f4.o
                0x0800a704                entry_critical
 .text.exit_critical
                0x0800a718       0x2c build_arm_cortex_m4_base_application_stm32f4/stm32f4.o
                0x0800a718                exit_critical
 .text.get_nest_entry_critical_counter
                0x0800a744        0xc build_arm_cortex_m4_base_application_stm32f4/stm32f4.o
                0x0800a744                get_nest_entry_critical_counter
 .text.svc_handler
                0x0800a750       0x14 build_arm_cortex_m4_base_application_stm32f4/system.o
                0x0800a750                svc_handler
 .text.pendsv_handler
                0x0800a764       0x44 build_arm_cortex_m4_base_application_stm32f4/system.o
                0x0800a764                pendsv_handler
 .text.default_handler
                0x0800a7a8       0x18 build_arm_cortex_m4_base_application_stm32f4/system.o
                0x0800a7a8                default_handler
                0x0800a7a8                dg_monitor_handler
 .text.nmi_handler
                0x0800a7c0       0x18 build_arm_cortex_m4_base_application_stm32f4/system.o
                0x0800a7c0                nmi_handler
 .text.hard_fault_handler
                0x0800a7d8       0x18 build_arm_cortex_m4_base_application_stm32f4/system.o
                0x0800a7d8                hard_fault_handler
 .text.mem_manage_handler
                0x0800a7f0       0x18 build_arm_cortex_m4_base_application_stm32f4/system.o
                0x0800a7f0                mem_manage_handler
 .text.bus_fault_handler
                0x0800a808       0x18 build_arm_cortex_m4_base_application_stm32f4/system.o
                0x0800a808                bus_fault_handler
 .text.usage_fault_handler
                0x0800a820       0x18 build_arm_cortex_m4_base_application_stm32f4/system.o
                0x0800a820                usage_fault_handler
 .text.systick_handler
                0x0800a838       0x48 build_arm_cortex_m4_base_application_stm32f4/system.o
                0x0800a838                systick_handler
 .text.shell_handler
                0x0800a880       0x2c build_arm_cortex_m4_base_application_stm32f4/system.o
                0x0800a880                shell_handler
 .text.uart2_irq
                0x0800a8ac       0x2c build_arm_cortex_m4_base_application_stm32f4/system.o
                0x0800a8ac                uart2_irq
 .text.timer4_irq
                0x0800a8d8      0x174 build_arm_cortex_m4_base_application_stm32f4/system.o
                0x0800a8d8                timer4_irq
 .text.sys_ctrl_delay
                0x0800aa4c        0x8 build_arm_cortex_m4_base_application_stm32f4/system.o
                0x0800aa4c                sys_ctrl_delay
 .text.reset_handler
                0x0800aa54       0xe0 build_arm_cortex_m4_base_application_stm32f4/system.o
                0x0800aa54                reset_handler
 .text.sys_ctrl_millis
                0x0800ab34       0x20 build_arm_cortex_m4_base_application_stm32f4/system.o
                0x0800ab34                sys_ctrl_millis
 .text._init    0x0800ab54        0x4 build_arm_cortex_m4_base_application_stm32f4/system.o
                0x0800ab54                _init
 .text.svc_exe  0x0800ab58       0x10 build_arm_cortex_m4_base_application_stm32f4/system.o
                0x0800ab58                svc_exe
 .text.xputchar
                0x0800ab68       0x2c build_arm_cortex_m4_base_application_stm32f4/sys_cfg.o
 .text.sys_cfg_clock
                0x0800ab94       0x24 build_arm_cortex_m4_base_application_stm32f4/sys_cfg.o
                0x0800ab94                sys_cfg_clock
 .text.sys_cfg_tick
                0x0800abb8       0x40 build_arm_cortex_m4_base_application_stm32f4/sys_cfg.o
                0x0800abb8                sys_cfg_tick
 .text.sys_cfg_console
                0x0800abf8       0xb8 build_arm_cortex_m4_base_application_stm32f4/sys_cfg.o
                0x0800abf8                sys_cfg_console
 .text.sys_cfg_svc
                0x0800acb0       0x1c build_arm_cortex_m4_base_application_stm32f4/sys_cfg.o
                0x0800acb0                sys_cfg_svc
 .text.sys_cfg_pendsv
                0x0800accc       0x1c build_arm_cortex_m4_base_application_stm32f4/sys_cfg.o
                0x0800accc                sys_cfg_pendsv
 .text.sys_cfg_update_info
                0x0800ace8      0x178 build_arm_cortex_m4_base_application_stm32f4/sys_cfg.o
                0x0800ace8                sys_cfg_update_info
 .text.sys_ctrl_shell_put_char
                0x0800ae60       0x2c build_arm_cortex_m4_base_application_stm32f4/sys_cfg.o
                0x0800ae60                sys_ctrl_shell_put_char
 .text.sys_ctrl_shell_get_char
                0x0800ae8c       0x40 build_arm_cortex_m4_base_application_stm32f4/sys_cfg.o
                0x0800ae8c                sys_ctrl_shell_get_char
 .text.sys_ctrl_reset
                0x0800aecc       0x24 build_arm_cortex_m4_base_application_stm32f4/sys_cfg.o
                0x0800aecc                sys_ctrl_reset
 .text.sys_ctrl_delay_us
                0x0800aef0       0x28 build_arm_cortex_m4_base_application_stm32f4/sys_cfg.o
                0x0800aef0                sys_ctrl_delay_us
 .text.sys_ctrl_delay_ms
                0x0800af18       0x34 build_arm_cortex_m4_base_application_stm32f4/sys_cfg.o
                0x0800af18                sys_ctrl_delay_ms
 .text.sys_ctr_sleep_wait_for_irq
                0x0800af4c        0x4 build_arm_cortex_m4_base_application_stm32f4/sys_cfg.o
                0x0800af4c                sys_ctr_sleep_wait_for_irq
 .text.sys_cfg_restore_app
                0x0800af50       0x38 build_arm_cortex_m4_base_application_stm32f4/sys_cfg.o
                0x0800af50                sys_cfg_restore_app
 .text.sys_ctrl_independent_watchdog_reset
                0x0800af88       0x14 build_arm_cortex_m4_base_application_stm32f4/sys_cfg.o
                0x0800af88                sys_ctrl_independent_watchdog_reset
 .text.sys_ctrl_soft_watchdog_reset
                0x0800af9c       0x18 build_arm_cortex_m4_base_application_stm32f4/sys_cfg.o
                0x0800af9c                sys_ctrl_soft_watchdog_reset
 .text.sys_ctrl_get_firmware_info
                0x0800afb4       0x44 build_arm_cortex_m4_base_application_stm32f4/sys_cfg.o
                0x0800afb4                sys_ctrl_get_firmware_info
 .text.ak_irq_io_entry_trigger
                0x0800aff8        0x4 build_arm_cortex_m4_base_application_stm32f4/sys_cfg.o
                0x0800aff8                ak_irq_io_entry_trigger
 .text.ak_irq_io_exit_trigger
                0x0800affc        0x4 build_arm_cortex_m4_base_application_stm32f4/sys_cfg.o
                0x0800affc                ak_irq_io_exit_trigger
 .text.led_life_init
                0x0800b000       0x38 build_arm_cortex_m4_base_application_stm32f4/io_cfg.o
                0x0800b000                led_life_init
 .text.led_life_on
                0x0800b038        0xc build_arm_cortex_m4_base_application_stm32f4/io_cfg.o
                0x0800b038                led_life_on
 .text.led_life_off
                0x0800b044        0xc build_arm_cortex_m4_base_application_stm32f4/io_cfg.o
                0x0800b044                led_life_off
 .text.nrf24l01_io_ctrl_init
                0x0800b050       0xc8 build_arm_cortex_m4_base_application_stm32f4/io_cfg.o
                0x0800b050                nrf24l01_io_ctrl_init
 .text.nrf24l01_spi_ctrl_init
                0x0800b118       0xd0 build_arm_cortex_m4_base_application_stm32f4/io_cfg.o
                0x0800b118                nrf24l01_spi_ctrl_init
 .text.nrf24l01_ce_low
                0x0800b1e8       0x10 build_arm_cortex_m4_base_application_stm32f4/io_cfg.o
                0x0800b1e8                nrf24l01_ce_low
 .text.nrf24l01_ce_high
                0x0800b1f8       0x10 build_arm_cortex_m4_base_application_stm32f4/io_cfg.o
                0x0800b1f8                nrf24l01_ce_high
 .text.nrf24l01_csn_low
                0x0800b208       0x10 build_arm_cortex_m4_base_application_stm32f4/io_cfg.o
                0x0800b208                nrf24l01_csn_low
 .text.nrf24l01_csn_high
                0x0800b218       0x10 build_arm_cortex_m4_base_application_stm32f4/io_cfg.o
                0x0800b218                nrf24l01_csn_high
 .text.nrf24l01_spi_rw
                0x0800b228       0x94 build_arm_cortex_m4_base_application_stm32f4/io_cfg.o
                0x0800b228                nrf24l01_spi_rw
 .text.flash_cs_low
                0x0800b2bc        0xc build_arm_cortex_m4_base_application_stm32f4/io_cfg.o
                0x0800b2bc                flash_cs_low
 .text.flash_cs_high
                0x0800b2c8        0xc build_arm_cortex_m4_base_application_stm32f4/io_cfg.o
                0x0800b2c8                flash_cs_high
 .text.flash_transfer
                0x0800b2d4       0x94 build_arm_cortex_m4_base_application_stm32f4/io_cfg.o
                0x0800b2d4                flash_transfer
 .text.sht1x_clk_input_mode
                0x0800b368       0x38 build_arm_cortex_m4_base_application_stm32f4/io_cfg.o
                0x0800b368                sht1x_clk_input_mode
 .text.sht1x_clk_output_mode
                0x0800b3a0       0x38 build_arm_cortex_m4_base_application_stm32f4/io_cfg.o
                0x0800b3a0                sht1x_clk_output_mode
 .text.sht1x_clk_digital_write_low
                0x0800b3d8       0x10 build_arm_cortex_m4_base_application_stm32f4/io_cfg.o
                0x0800b3d8                sht1x_clk_digital_write_low
 .text.sht1x_clk_digital_write_high
                0x0800b3e8       0x10 build_arm_cortex_m4_base_application_stm32f4/io_cfg.o
                0x0800b3e8                sht1x_clk_digital_write_high
 .text.sht1x_data_input_mode
                0x0800b3f8       0x38 build_arm_cortex_m4_base_application_stm32f4/io_cfg.o
                0x0800b3f8                sht1x_data_input_mode
 .text.sht1x_data_output_mode
                0x0800b430       0x38 build_arm_cortex_m4_base_application_stm32f4/io_cfg.o
                0x0800b430                sht1x_data_output_mode
 .text.sht1x_data_digital_write_low
                0x0800b468       0x10 build_arm_cortex_m4_base_application_stm32f4/io_cfg.o
                0x0800b468                sht1x_data_digital_write_low
 .text.sht1x_data_digital_write_high
                0x0800b478       0x10 build_arm_cortex_m4_base_application_stm32f4/io_cfg.o
                0x0800b478                sht1x_data_digital_write_high
 .text.ds1302_ce_input_mode
                0x0800b488       0x34 build_arm_cortex_m4_base_application_stm32f4/io_cfg.o
                0x0800b488                ds1302_ce_input_mode
 .text.ds1302_ce_output_mode
                0x0800b4bc       0x34 build_arm_cortex_m4_base_application_stm32f4/io_cfg.o
                0x0800b4bc                ds1302_ce_output_mode
 .text.ds1302_ce_digital_write_low
                0x0800b4f0        0xc build_arm_cortex_m4_base_application_stm32f4/io_cfg.o
                0x0800b4f0                ds1302_ce_digital_write_low
 .text.ds1302_ce_digital_write_high
                0x0800b4fc        0xc build_arm_cortex_m4_base_application_stm32f4/io_cfg.o
                0x0800b4fc                ds1302_ce_digital_write_high
 .text.ds1302_clk_input_mode
                0x0800b508       0x38 build_arm_cortex_m4_base_application_stm32f4/io_cfg.o
                0x0800b508                ds1302_clk_input_mode
 .text.ds1302_clk_output_mode
                0x0800b540       0x38 build_arm_cortex_m4_base_application_stm32f4/io_cfg.o
                0x0800b540                ds1302_clk_output_mode
 .text.ds1302_clk_digital_write_low
                0x0800b578       0x10 build_arm_cortex_m4_base_application_stm32f4/io_cfg.o
                0x0800b578                ds1302_clk_digital_write_low
 .text.ds1302_clk_digital_write_high
                0x0800b588       0x10 build_arm_cortex_m4_base_application_stm32f4/io_cfg.o
                0x0800b588                ds1302_clk_digital_write_high
 .text.ds1302_data_input_mode
                0x0800b598       0x34 build_arm_cortex_m4_base_application_stm32f4/io_cfg.o
                0x0800b598                ds1302_data_input_mode
 .text.ds1302_data_output_mode
                0x0800b5cc       0x34 build_arm_cortex_m4_base_application_stm32f4/io_cfg.o
                0x0800b5cc                ds1302_data_output_mode
 .text.ds1302_data_digital_write_low
                0x0800b600        0xc build_arm_cortex_m4_base_application_stm32f4/io_cfg.o
                0x0800b600                ds1302_data_digital_write_low
 .text.ds1302_data_digital_write_high
                0x0800b60c        0xc build_arm_cortex_m4_base_application_stm32f4/io_cfg.o
                0x0800b60c                ds1302_data_digital_write_high
 .text.ssd1306_clk_input_mode
                0x0800b618       0x38 build_arm_cortex_m4_base_application_stm32f4/io_cfg.o
                0x0800b618                ssd1306_clk_input_mode
 .text.ssd1306_clk_output_mode
                0x0800b650       0x38 build_arm_cortex_m4_base_application_stm32f4/io_cfg.o
                0x0800b650                ssd1306_clk_output_mode
 .text.ssd1306_clk_digital_write_low
                0x0800b688       0x10 build_arm_cortex_m4_base_application_stm32f4/io_cfg.o
                0x0800b688                ssd1306_clk_digital_write_low
 .text.ssd1306_clk_digital_write_high
                0x0800b698       0x10 build_arm_cortex_m4_base_application_stm32f4/io_cfg.o
                0x0800b698                ssd1306_clk_digital_write_high
 .text.ssd1306_data_input_mode
                0x0800b6a8       0x38 build_arm_cortex_m4_base_application_stm32f4/io_cfg.o
                0x0800b6a8                ssd1306_data_input_mode
 .text.ssd1306_data_output_mode
                0x0800b6e0       0x38 build_arm_cortex_m4_base_application_stm32f4/io_cfg.o
                0x0800b6e0                ssd1306_data_output_mode
 .text.ssd1306_data_digital_write_low
                0x0800b718       0x10 build_arm_cortex_m4_base_application_stm32f4/io_cfg.o
                0x0800b718                ssd1306_data_digital_write_low
 .text.ssd1306_data_digital_write_high
                0x0800b728       0x10 build_arm_cortex_m4_base_application_stm32f4/io_cfg.o
                0x0800b728                ssd1306_data_digital_write_high
 .text.internal_flash_unlock
                0x0800b738       0x10 build_arm_cortex_m4_base_application_stm32f4/io_cfg.o
                0x0800b738                internal_flash_unlock
 .text.internal_flash_lock
                0x0800b748        0x4 build_arm_cortex_m4_base_application_stm32f4/io_cfg.o
                0x0800b748                internal_flash_lock
 .text.internal_flash_erase_pages_cal
                0x0800b74c        0x4 build_arm_cortex_m4_base_application_stm32f4/io_cfg.o
                0x0800b74c                internal_flash_erase_pages_cal
 .text.internal_flash_write_cal
                0x0800b750       0x2c build_arm_cortex_m4_base_application_stm32f4/io_cfg.o
                0x0800b750                internal_flash_write_cal
 .text.MPU6050_I2C_Init
                0x0800b77c       0xc0 build_arm_cortex_m4_base_application_stm32f4/io_cfg.o
                0x0800b77c                MPU6050_I2C_Init
 .text.io_uart_interface_cfg
                0x0800b83c       0xcc build_arm_cortex_m4_base_application_stm32f4/io_cfg.o
                0x0800b83c                io_uart_interface_cfg
 .text.io_uart_interface_receiver
                0x0800b908       0x2c build_arm_cortex_m4_base_application_stm32f4/io_cfg.o
                0x0800b908                io_uart_interface_receiver
 .text.Encoder3_Tim5_Init
                0x0800b934       0xd0 build_arm_cortex_m4_base_application_stm32f4/io_cfg.o
                0x0800b934                Encoder3_Tim5_Init
 .text.ALL_ENCODER_INIT
                0x0800ba04        0x4 build_arm_cortex_m4_base_application_stm32f4/io_cfg.o
                0x0800ba04                ALL_ENCODER_INIT
 .text.ENCODER_Read_Release
                0x0800ba08       0x54 build_arm_cortex_m4_base_application_stm32f4/io_cfg.o
                0x0800ba08                ENCODER_Read_Release
 .text.timer4_config
                0x0800ba5c       0x94 build_arm_cortex_m4_base_application_stm32f4/io_cfg.o
                0x0800ba5c                timer4_config
 .text.ALL_GPIO_INIT
                0x0800baf0       0x34 build_arm_cortex_m4_base_application_stm32f4/io_cfg.o
                0x0800baf0                ALL_GPIO_INIT
 .text.ALL_PWM_INIT
                0x0800bb24       0x38 build_arm_cortex_m4_base_application_stm32f4/io_cfg.o
                0x0800bb24                ALL_PWM_INIT
 .text.Turn_Release
                0x0800bb5c      0x138 build_arm_cortex_m4_base_application_stm32f4/io_cfg.o
                0x0800bb5c                Turn_Release
 .text.SystemInit
                0x0800bc94       0xf4 build_arm_cortex_m4_base_application_stm32f4/system_stm32f4xx.o
                0x0800bc94                SystemInit
 .text.SystemCoreClockUpdate
                0x0800bd88       0x78 build_arm_cortex_m4_base_application_stm32f4/system_stm32f4xx.o
                0x0800bd88                SystemCoreClockUpdate
 .text.main_app
                0x0800be00       0x74 build_arm_cortex_m4_base_application_stm32f4/app.o
                0x0800be00                main_app
 .text.sys_irq_timer_10ms
                0x0800be74        0x4 build_arm_cortex_m4_base_application_stm32f4/app.o
                0x0800be74                sys_irq_timer_10ms
 .text.rf_printf
                0x0800be78        0x4 build_arm_cortex_m4_base_application_stm32f4/rf_remote_ctrl.o
                0x0800be78                rf_printf
 .text._ZL9shell_epiPh
                0x0800be7c        0x4 build_arm_cortex_m4_base_application_stm32f4/shell.o
 .text._ZL9shell_psvPh
                0x0800be80       0x14 build_arm_cortex_m4_base_application_stm32f4/shell.o
 .text._ZL10shell_helpPh
                0x0800be94       0x30 build_arm_cortex_m4_base_application_stm32f4/shell.o
 .text._ZL9shell_svcPh
                0x0800bec4       0x10 build_arm_cortex_m4_base_application_stm32f4/shell.o
 .text._ZL9shell_fwuPh
                0x0800bed4       0x34 build_arm_cortex_m4_base_application_stm32f4/shell.o
 .text._ZL12shell_rebootPh
                0x0800bf08        0xc build_arm_cortex_m4_base_application_stm32f4/shell.o
 .text._ZL11shell_resetPh
                0x0800bf14       0x10 build_arm_cortex_m4_base_application_stm32f4/shell.o
 .text._ZL9shell_epsPh
                0x0800bf24       0xe4 build_arm_cortex_m4_base_application_stm32f4/shell.o
 .text._ZL9shell_sttPh
                0x0800c008       0x34 build_arm_cortex_m4_base_application_stm32f4/shell.o
 .text._ZL11shell_fatalPh
                0x0800c03c      0x390 build_arm_cortex_m4_base_application_stm32f4/shell.o
 .text._ZL9shell_verPh
                0x0800c3cc       0x50 build_arm_cortex_m4_base_application_stm32f4/shell.o
 .text._ZL9shell_dbgPh
                0x0800c41c       0x94 build_arm_cortex_m4_base_application_stm32f4/shell.o
 .text._ZL10shell_bootPh
                0x0800c4b0       0xec build_arm_cortex_m4_base_application_stm32f4/shell.o
 .text._ZL11shell_flashPh
                0x0800c59c       0xac build_arm_cortex_m4_base_application_stm32f4/shell.o
 .text._ZL9shell_ramPh
                0x0800c648      0x30c build_arm_cortex_m4_base_application_stm32f4/shell.o
 .text._ZL9shell_lcdPh
                0x0800c954      0x10c build_arm_cortex_m4_base_application_stm32f4/shell.o
 .text.sys_irq_shell
                0x0800ca60       0x84 build_arm_cortex_m4_base_application_stm32f4/task_shell.o
                0x0800ca60                sys_irq_shell
 .text._Z10task_shellP8ak_msg_t
                0x0800cae4       0xb0 build_arm_cortex_m4_base_application_stm32f4/task_shell.o
                0x0800cae4                task_shell(ak_msg_t*)
 .text._Z9task_lifeP8ak_msg_t
                0x0800cb94       0x14 build_arm_cortex_m4_base_application_stm32f4/task_life.o
                0x0800cb94                task_life(ak_msg_t*)
 .text._Z7task_fwP8ak_msg_t
                0x0800cba8      0x3ec build_arm_cortex_m4_base_application_stm32f4/task_fw.o
                0x0800cba8                task_fw(ak_msg_t*)
 .text._Z12task_displayP8ak_msg_t
                0x0800cf94       0xd8 build_arm_cortex_m4_base_application_stm32f4/task_display.o
                0x0800cf94                task_display(ak_msg_t*)
 .text._Z7task_ifP8ak_msg_t
                0x0800d06c       0x9c build_arm_cortex_m4_base_application_stm32f4/task_if.o
                0x0800d06c                task_if(ak_msg_t*)
 .text._Z12task_rf24_ifP8ak_msg_t
                0x0800d108       0x98 build_arm_cortex_m4_base_application_stm32f4/task_rf24_if.o
                0x0800d108                task_rf24_if(ak_msg_t*)
 .text.sys_irq_uart_cpu_serial_if
                0x0800d1a0      0x2a4 build_arm_cortex_m4_base_application_stm32f4/task_uart_if.o
                0x0800d1a0                sys_irq_uart_cpu_serial_if
 .text._Z12task_uart_ifP8ak_msg_t
                0x0800d444      0x2b0 build_arm_cortex_m4_base_application_stm32f4/task_uart_if.o
                0x0800d444                task_uart_if(ak_msg_t*)
 .text._Z15rx_frame_parserh
                0x0800d6f4      0x2ac build_arm_cortex_m4_base_application_stm32f4/task_uart_if.o
                0x0800d6f4                rx_frame_parser(unsigned char)
 .text._Z8task_dbgP8ak_msg_t
                0x0800d9a0      0x12c build_arm_cortex_m4_base_application_stm32f4/task_dbg.o
                0x0800d9a0                task_dbg(ak_msg_t*)
 .text._Z16task_encoder_pidP8ak_msg_t
                0x0800dacc      0x14c build_arm_cortex_m4_base_application_stm32f4/task_encoder_pid.o
                0x0800dacc                task_encoder_pid(ak_msg_t*)
 .text.startup._GLOBAL__sub_I_view_render
                0x0800dc18        0xc build_arm_cortex_m4_base_application_stm32f4/view_render.o
 .text.exit._GLOBAL__sub_D_view_render
                0x0800dc24        0xc build_arm_cortex_m4_base_application_stm32f4/view_render.o
 .text._ZN12Adafruit_GFX8drawLineEsssst
                0x0800dc30      0x114 build_arm_cortex_m4_base_application_stm32f4/Adafruit_GFX.o
                0x0800dc30                Adafruit_GFX::drawLine(short, short, short, short, unsigned short)
 .text._ZN12Adafruit_GFX13invertDisplayEb
                0x0800dd44        0x4 build_arm_cortex_m4_base_application_stm32f4/Adafruit_GFX.o
                0x0800dd44                Adafruit_GFX::invertDisplay(bool)
 .text._ZN12Adafruit_GFX8fillRectEsssst
                0x0800dd48      0x184 build_arm_cortex_m4_base_application_stm32f4/Adafruit_GFX.o
                0x0800dd48                Adafruit_GFX::fillRect(short, short, short, short, unsigned short)
 .text._ZN12Adafruit_GFX10fillScreenEt
                0x0800decc      0x1ac build_arm_cortex_m4_base_application_stm32f4/Adafruit_GFX.o
                0x0800decc                Adafruit_GFX::fillScreen(unsigned short)
 .text._ZN12Adafruit_GFX13drawFastVLineEssst
                0x0800e078       0xfc build_arm_cortex_m4_base_application_stm32f4/Adafruit_GFX.o
                0x0800e078                Adafruit_GFX::drawFastVLine(short, short, short, unsigned short)
 .text._ZN12Adafruit_GFX13drawFastHLineEssst
                0x0800e174       0x94 build_arm_cortex_m4_base_application_stm32f4/Adafruit_GFX.o
                0x0800e174                Adafruit_GFX::drawFastHLine(short, short, short, unsigned short)
 .text._ZN12Adafruit_GFX8drawRectEsssst
                0x0800e208      0x434 build_arm_cortex_m4_base_application_stm32f4/Adafruit_GFX.o
                0x0800e208                Adafruit_GFX::drawRect(short, short, short, short, unsigned short)
 .text._ZN12Adafruit_GFXC2Ess
                0x0800e63c       0x30 build_arm_cortex_m4_base_application_stm32f4/Adafruit_GFX.o
                0x0800e63c                Adafruit_GFX::Adafruit_GFX(short, short)
                0x0800e63c                Adafruit_GFX::Adafruit_GFX(short, short)
 .text._ZN12Adafruit_GFX8drawCharEsshtth
                0x0800e66c      0x4d0 build_arm_cortex_m4_base_application_stm32f4/Adafruit_GFX.o
                0x0800e66c                Adafruit_GFX::drawChar(short, short, unsigned char, unsigned short, unsigned short, unsigned char)
 .text._ZN12Adafruit_GFX5writeEh
                0x0800eb3c       0x74 build_arm_cortex_m4_base_application_stm32f4/Adafruit_GFX.o
                0x0800eb3c                Adafruit_GFX::write(unsigned char)
 .text._ZN12Adafruit_GFX9setCursorEss
                0x0800ebb0        0x8 build_arm_cortex_m4_base_application_stm32f4/Adafruit_GFX.o
                0x0800ebb0                Adafruit_GFX::setCursor(short, short)
 .text._ZN12Adafruit_GFX11setTextSizeEh
                0x0800ebb8        0xc build_arm_cortex_m4_base_application_stm32f4/Adafruit_GFX.o
                0x0800ebb8                Adafruit_GFX::setTextSize(unsigned char)
 .text._ZN12Adafruit_GFX12setTextColorEt
                0x0800ebc4        0x8 build_arm_cortex_m4_base_application_stm32f4/Adafruit_GFX.o
                0x0800ebc4                Adafruit_GFX::setTextColor(unsigned short)
 .text._ZN12Adafruit_GFX5widthEv
                0x0800ebcc        0x8 build_arm_cortex_m4_base_application_stm32f4/Adafruit_GFX.o
                0x0800ebcc                Adafruit_GFX::width()
 .text._ZN12Adafruit_GFX6heightEv
                0x0800ebd4        0x8 build_arm_cortex_m4_base_application_stm32f4/Adafruit_GFX.o
                0x0800ebd4                Adafruit_GFX::height()
 .text._ZN19Adafruit_ssd1306syp9drawPixelEsst
                0x0800ebdc       0x7c build_arm_cortex_m4_base_application_stm32f4/Adafruit_ssd1306syp.o
                0x0800ebdc                Adafruit_ssd1306syp::drawPixel(short, short, unsigned short)
 .text._ZN19Adafruit_ssd1306syp9updateRowEii
                0x0800ec58      0x36c build_arm_cortex_m4_base_application_stm32f4/Adafruit_ssd1306syp.o
                0x0800ec58                Adafruit_ssd1306syp::updateRow(int, int)
 .text._ZN19Adafruit_ssd1306syp6updateEv
                0x0800efc4      0x4cc build_arm_cortex_m4_base_application_stm32f4/Adafruit_ssd1306syp.o
                0x0800efc4                Adafruit_ssd1306syp::update()
 .text._ZN19Adafruit_ssd1306syp9updateRowEi
                0x0800f490      0x32c build_arm_cortex_m4_base_application_stm32f4/Adafruit_ssd1306syp.o
                0x0800f490                Adafruit_ssd1306syp::updateRow(int)
 .text._ZN19Adafruit_ssd1306sypC2Ev
                0x0800f7bc       0x24 build_arm_cortex_m4_base_application_stm32f4/Adafruit_ssd1306syp.o
                0x0800f7bc                Adafruit_ssd1306syp::Adafruit_ssd1306syp()
                0x0800f7bc                Adafruit_ssd1306syp::Adafruit_ssd1306syp()
 .text._ZN19Adafruit_ssd1306sypD2Ev
                0x0800f7e0        0x4 build_arm_cortex_m4_base_application_stm32f4/Adafruit_ssd1306syp.o
                0x0800f7e0                Adafruit_ssd1306syp::~Adafruit_ssd1306syp()
                0x0800f7e0                Adafruit_ssd1306syp::~Adafruit_ssd1306syp()
 .text._ZN19Adafruit_ssd1306syp5clearEb
                0x0800f7e4       0x24 build_arm_cortex_m4_base_application_stm32f4/Adafruit_ssd1306syp.o
                0x0800f7e4                Adafruit_ssd1306syp::clear(bool)
 .text._ZN19Adafruit_ssd1306syp12writeCommandEh
                0x0800f808      0x130 build_arm_cortex_m4_base_application_stm32f4/Adafruit_ssd1306syp.o
                0x0800f808                Adafruit_ssd1306syp::writeCommand(unsigned char)
 .text._ZN19Adafruit_ssd1306syp10initializeEv
                0x0800f938      0x104 build_arm_cortex_m4_base_application_stm32f4/Adafruit_ssd1306syp.o
                0x0800f938                Adafruit_ssd1306syp::initialize()
 .text._ZN19Adafruit_ssd1306syp10display_onEv
                0x0800fa3c        0x8 build_arm_cortex_m4_base_application_stm32f4/Adafruit_ssd1306syp.o
                0x0800fa3c                Adafruit_ssd1306syp::display_on()
 .text._ZN19Adafruit_ssd1306syp11display_offEv
                0x0800fa44        0x8 build_arm_cortex_m4_base_application_stm32f4/Adafruit_ssd1306syp.o
                0x0800fa44                Adafruit_ssd1306syp::display_off()
 .text.eeprom_read
                0x0800fa4c        0x4 build_arm_cortex_m4_base_application_stm32f4/eeprom.o
                0x0800fa4c                eeprom_read
 .text.eeprom_erase
                0x0800fa50        0x4 build_arm_cortex_m4_base_application_stm32f4/eeprom.o
                0x0800fa50                eeprom_erase
 .text._Z16nrf_nwk_pdu_initv
                0x0800fa54       0x40 build_arm_cortex_m4_base_application_stm32f4/nrf_data.o
                0x0800fa54                nrf_nwk_pdu_init()
 .text._Z18nrf_nwk_pdu_mallocv
                0x0800fa94       0x34 build_arm_cortex_m4_base_application_stm32f4/nrf_data.o
                0x0800fa94                nrf_nwk_pdu_malloc()
 .text._Z16nrf_nwk_pdu_freeP13nrf_nwk_pdu_t
                0x0800fac8       0x20 build_arm_cortex_m4_base_application_stm32f4/nrf_data.o
                0x0800fac8                nrf_nwk_pdu_free(nrf_nwk_pdu_t*)
 .text._Z15nrf_nwk_pdu_getm
                0x0800fae8       0x10 build_arm_cortex_m4_base_application_stm32f4/nrf_data.o
                0x0800fae8                nrf_nwk_pdu_get(unsigned long)
 .text._Z16nrf_nwk_pdu_freem
                0x0800faf8       0x4c build_arm_cortex_m4_base_application_stm32f4/nrf_data.o
                0x0800faf8                nrf_nwk_pdu_free(unsigned long)
 .text._Z23nrf_set_static_nwk_addrt
                0x0800fb44       0x10 build_arm_cortex_m4_base_application_stm32f4/nrf_data.o
                0x0800fb44                nrf_set_static_nwk_addr(unsigned short)
 .text._Z23nrf_get_static_nwk_addrv
                0x0800fb54       0x1c build_arm_cortex_m4_base_application_stm32f4/nrf_data.o
                0x0800fb54                nrf_get_static_nwk_addr()
 .text._Z20nrf_set_des_nwk_addrt
                0x0800fb70       0x10 build_arm_cortex_m4_base_application_stm32f4/nrf_data.o
                0x0800fb70                nrf_set_des_nwk_addr(unsigned short)
 .text._Z20nrf_get_des_nwk_addrv
                0x0800fb80       0x1c build_arm_cortex_m4_base_application_stm32f4/nrf_data.o
                0x0800fb80                nrf_get_des_nwk_addr()
 .text._Z20nrf_get_des_phy_addrv
                0x0800fb9c        0x8 build_arm_cortex_m4_base_application_stm32f4/nrf_data.o
                0x0800fb9c                nrf_get_des_phy_addr()
 .text._Z20nrf_get_src_phy_addrv
                0x0800fba4        0x8 build_arm_cortex_m4_base_application_stm32f4/nrf_data.o
                0x0800fba4                nrf_get_src_phy_addr()
 .text._Z13task_rf24_macP8ak_msg_t
                0x0800fbac      0x498 build_arm_cortex_m4_base_application_stm32f4/nrf_mac.o
                0x0800fbac                task_rf24_mac(ak_msg_t*)
 .text._Z16nrf_nwk_fsm_idleP8ak_msg_t
                0x08010044      0x1cc build_arm_cortex_m4_base_application_stm32f4/nrf_nwk.o
                0x08010044                nrf_nwk_fsm_idle(ak_msg_t*)
 .text._Z13task_rf24_nwkP8ak_msg_t
                0x08010210        0xc build_arm_cortex_m4_base_application_stm32f4/nrf_nwk.o
                0x08010210                task_rf24_nwk(ak_msg_t*)
 .text._Z16nrf_nwk_fsm_initP8ak_msg_t
                0x0801021c       0x2c build_arm_cortex_m4_base_application_stm32f4/nrf_nwk.o
                0x0801021c                nrf_nwk_fsm_init(ak_msg_t*)
 .text._Z13task_rf24_phyP8ak_msg_t
                0x08010248      0x17c build_arm_cortex_m4_base_application_stm32f4/nrf_phy.o
                0x08010248                task_rf24_phy(ak_msg_t*)
 .text._Z23nrf_phy_switch_ptx_modev
                0x080103c4       0x1c build_arm_cortex_m4_base_application_stm32f4/nrf_phy.o
                0x080103c4                nrf_phy_switch_ptx_mode()
 .text._Z23nrf_phy_switch_prx_modev
                0x080103e0       0x28 build_arm_cortex_m4_base_application_stm32f4/nrf_phy.o
                0x080103e0                nrf_phy_switch_prx_mode()
 .text.startup._GLOBAL__sub_I__ZN8SPIClassC2Ev
                0x08010408       0x10 build_arm_cortex_m4_base_application_stm32f4/SPI.o
 .text._Z7pinModehh
                0x08010418       0xe8 build_arm_cortex_m4_base_application_stm32f4/wiring_digital.o
                0x08010418                pinMode(unsigned char, unsigned char)
 .text._Z12digitalWritehh
                0x08010500       0xd4 build_arm_cortex_m4_base_application_stm32f4/wiring_digital.o
                0x08010500                digitalWrite(unsigned char, unsigned char)
 .text._ZN5Print5writeEPKhj
                0x080105d4       0x28 build_arm_cortex_m4_base_application_stm32f4/Print.o
                0x080105d4                Print::write(unsigned char const*, unsigned int)
 .text._ZN5Print5printEPKc
                0x080105fc       0x60 build_arm_cortex_m4_base_application_stm32f4/Print.o
                0x080105fc                Print::print(char const*)
 .text.__cxa_pure_virtual
                0x0801065c       0x18 build_arm_cortex_m4_base_application_stm32f4/mini_cpp.o
                0x0801065c                __cxa_pure_virtual
 .text._sbrk    0x08010674       0x1c build_arm_cortex_m4_base_application_stm32f4/mini_cpp.o
                0x08010674                _sbrk
 .text.malloc   0x08010690       0x10 /home/devh/Documents/Learn_Arm/STM32F4/basic/Bai_pwm_dma/gcc_arm/gcc-arm-none-eabi-5_4-2016q3/arm-none-eabi/lib/armv7-m/libc.a(lib_a-malloc.o)
                0x08010690                malloc
 .text.free     0x080106a0       0x10 /home/devh/Documents/Learn_Arm/STM32F4/basic/Bai_pwm_dma/gcc_arm/gcc-arm-none-eabi-5_4-2016q3/arm-none-eabi/lib/armv7-m/libc.a(lib_a-malloc.o)
                0x080106a0                free
 .text._malloc_r
                0x080106b0      0x558 /home/devh/Documents/Learn_Arm/STM32F4/basic/Bai_pwm_dma/gcc_arm/gcc-arm-none-eabi-5_4-2016q3/arm-none-eabi/lib/armv7-m/libc.a(lib_a-mallocr.o)
                0x080106b0                _malloc_r
 .text.memcmp   0x08010c08       0x64 /home/devh/Documents/Learn_Arm/STM32F4/basic/Bai_pwm_dma/gcc_arm/gcc-arm-none-eabi-5_4-2016q3/arm-none-eabi/lib/armv7-m/libc.a(lib_a-memcmp.o)
                0x08010c08                memcmp
 .text.memset   0x08010c6c       0x9c /home/devh/Documents/Learn_Arm/STM32F4/basic/Bai_pwm_dma/gcc_arm/gcc-arm-none-eabi-5_4-2016q3/arm-none-eabi/lib/armv7-m/libc.a(lib_a-memset.o)
                0x08010c6c                memset
 .text.__malloc_lock
                0x08010d08        0x4 /home/devh/Documents/Learn_Arm/STM32F4/basic/Bai_pwm_dma/gcc_arm/gcc-arm-none-eabi-5_4-2016q3/arm-none-eabi/lib/armv7-m/libc.a(lib_a-mlock.o)
                0x08010d08                __malloc_lock
 .text.__malloc_unlock
                0x08010d0c        0x4 /home/devh/Documents/Learn_Arm/STM32F4/basic/Bai_pwm_dma/gcc_arm/gcc-arm-none-eabi-5_4-2016q3/arm-none-eabi/lib/armv7-m/libc.a(lib_a-mlock.o)
                0x08010d0c                __malloc_unlock
 .text.rand     0x08010d10       0x40 /home/devh/Documents/Learn_Arm/STM32F4/basic/Bai_pwm_dma/gcc_arm/gcc-arm-none-eabi-5_4-2016q3/arm-none-eabi/lib/armv7-m/libc.a(lib_a-rand.o)
                0x08010d10                rand
 .text._sbrk_r  0x08010d50       0x24 /home/devh/Documents/Learn_Arm/STM32F4/basic/Bai_pwm_dma/gcc_arm/gcc-arm-none-eabi-5_4-2016q3/arm-none-eabi/lib/armv7-m/libc.a(lib_a-sbrkr.o)
                0x08010d50                _sbrk_r
 .text.strcpy   0x08010d74       0xbc /home/devh/Documents/Learn_Arm/STM32F4/basic/Bai_pwm_dma/gcc_arm/gcc-arm-none-eabi-5_4-2016q3/arm-none-eabi/lib/armv7-m/libc.a(lib_a-strcpy.o)
                0x08010d74                strcpy
 .text.strlen   0x08010e30       0x5c /home/devh/Documents/Learn_Arm/STM32F4/basic/Bai_pwm_dma/gcc_arm/gcc-arm-none-eabi-5_4-2016q3/arm-none-eabi/lib/armv7-m/libc.a(lib_a-strlen-stub.o)
                0x08010e30                strlen
 .text._strtol_l.isra.0
                0x08010e8c      0x138 /home/devh/Documents/Learn_Arm/STM32F4/basic/Bai_pwm_dma/gcc_arm/gcc-arm-none-eabi-5_4-2016q3/arm-none-eabi/lib/armv7-m/libc.a(lib_a-strtol.o)
 .text.strtol   0x08010fc4       0x2c /home/devh/Documents/Learn_Arm/STM32F4/basic/Bai_pwm_dma/gcc_arm/gcc-arm-none-eabi-5_4-2016q3/arm-none-eabi/lib/armv7-m/libc.a(lib_a-strtol.o)
                0x08010fc4                strtol
 .text._malloc_trim_r
                0x08010ff0       0x9c /home/devh/Documents/Learn_Arm/STM32F4/basic/Bai_pwm_dma/gcc_arm/gcc-arm-none-eabi-5_4-2016q3/arm-none-eabi/lib/armv7-m/libc.a(lib_a-freer.o)
                0x08010ff0                _malloc_trim_r
 .text._free_r  0x0801108c      0x1d0 /home/devh/Documents/Learn_Arm/STM32F4/basic/Bai_pwm_dma/gcc_arm/gcc-arm-none-eabi-5_4-2016q3/arm-none-eabi/lib/armv7-m/libc.a(lib_a-freer.o)
                0x0801108c                _free_r
 .text.__locale_ctype_ptr_l
                0x0801125c        0x8 /home/devh/Documents/Learn_Arm/STM32F4/basic/Bai_pwm_dma/gcc_arm/gcc-arm-none-eabi-5_4-2016q3/arm-none-eabi/lib/armv7-m/libc.a(lib_a-locale.o)
                0x0801125c                __locale_ctype_ptr_l
 .text.__ascii_mbtowc
                0x08011264       0x2c /home/devh/Documents/Learn_Arm/STM32F4/basic/Bai_pwm_dma/gcc_arm/gcc-arm-none-eabi-5_4-2016q3/arm-none-eabi/lib/armv7-m/libc.a(lib_a-mbtowc_r.o)
                0x08011264                __ascii_mbtowc
 .text.__ascii_wctomb
                0x08011290       0x1c /home/devh/Documents/Learn_Arm/STM32F4/basic/Bai_pwm_dma/gcc_arm/gcc-arm-none-eabi-5_4-2016q3/arm-none-eabi/lib/armv7-m/libc.a(lib_a-wctomb_r.o)
                0x08011290                __ascii_wctomb
 *(.rodata)
 *(.rodata*)
 .rodata.str1.4
                0x080112ac       0x59 build_arm_cortex_m4_base_application_stm32f4/message.o
 *fill*         0x08011305        0x3 
 .rodata.log2lkup.5221
                0x08011308      0x100 build_arm_cortex_m4_base_application_stm32f4/task.o
 .rodata.str1.4
                0x08011408       0x1e build_arm_cortex_m4_base_application_stm32f4/task.o
 *fill*         0x08011426        0x2 
 .rodata.str1.4
                0x08011428        0x3 build_arm_cortex_m4_base_application_stm32f4/timer.o
 *fill*         0x0801142b        0x1 
 .rodata.str1.4
                0x0801142c       0x20 build_arm_cortex_m4_base_application_stm32f4/fifo.o
 .rodata.str1.4
                0x0801144c        0xc build_arm_cortex_m4_base_application_stm32f4/tm_stm32f4_fatfs.o
 .rodata.str1.4
                0x08011458      0x11d build_arm_cortex_m4_base_application_stm32f4/sys_dbg.o
 *fill*         0x08011575        0x3 
 .rodata.str.4709
                0x08011578       0x24 build_arm_cortex_m4_base_application_stm32f4/ff.o
 .rodata.ExCvt  0x0801159c       0x80 build_arm_cortex_m4_base_application_stm32f4/ff.o
 .rodata.str1.4
                0x0801161c       0x9a build_arm_cortex_m4_base_application_stm32f4/ff.o
 *fill*         0x080116b6        0x2 
 .rodata.LfnOfs
                0x080116b8        0xd build_arm_cortex_m4_base_application_stm32f4/ff.o
 *fill*         0x080116c5        0x3 
 .rodata.str1.4
                0x080116c8      0x223 build_arm_cortex_m4_base_application_stm32f4/fatfs_sd_sdio.o
 *fill*         0x080118eb        0x1 
 .rodata.tbl_lower.4247
                0x080118ec      0x1e0 build_arm_cortex_m4_base_application_stm32f4/unicode.o
 .rodata.Tbl    0x08011acc      0x100 build_arm_cortex_m4_base_application_stm32f4/unicode.o
 .rodata.tbl_upper.4248
                0x08011bcc      0x1e0 build_arm_cortex_m4_base_application_stm32f4/unicode.o
 .rodata.str1.4
                0x08011dac        0x4 build_arm_cortex_m4_base_application_stm32f4/stm32f4.o
 .rodata.str1.4
                0x08011db0       0x45 build_arm_cortex_m4_base_application_stm32f4/system.o
 *fill*         0x08011df5        0x3 
 .rodata.str1.4
                0x08011df8      0x161 build_arm_cortex_m4_base_application_stm32f4/sys_cfg.o
                                0x169 (size before relaxing)
 *fill*         0x08011f59        0x3 
 .rodata.str1.4
                0x08011f5c       0x1d build_arm_cortex_m4_base_application_stm32f4/io_cfg.o
 *fill*         0x08011f79        0x3 
 .rodata.str1.4
                0x08011f7c        0x6 build_arm_cortex_m4_base_application_stm32f4/app.o
 *fill*         0x08011f82        0x2 
 .rodata.str1.4
                0x08011f84      0x72c build_arm_cortex_m4_base_application_stm32f4/shell.o
                                0x740 (size before relaxing)
 .rodata.str1.4
                0x080126b0       0x4e build_arm_cortex_m4_base_application_stm32f4/task_shell.o
 .rodata.str1.4
                0x080126fe       0x4e build_arm_cortex_m4_base_application_stm32f4/task_display.o
 *fill*         0x080126fe        0x2 
 .rodata.str1.4
                0x08012700        0x8 build_arm_cortex_m4_base_application_stm32f4/task_uart_if.o
 .rodata.str1.4
                0x08012708       0x8f build_arm_cortex_m4_base_application_stm32f4/task_dbg.o
                                 0x93 (size before relaxing)
 *fill*         0x08012797        0x1 
 .rodata.str1.4
                0x08012798       0xba build_arm_cortex_m4_base_application_stm32f4/task_encoder_pid.o
 *fill*         0x08012852        0x2 
 .rodata._ZTV12Adafruit_GFX
                0x08012854       0x30 build_arm_cortex_m4_base_application_stm32f4/Adafruit_GFX.o
                0x08012854                vtable for Adafruit_GFX
 .rodata._ZL4font
                0x08012884      0x4fb build_arm_cortex_m4_base_application_stm32f4/Adafruit_GFX.o
 *fill*         0x08012d7f        0x1 
 .rodata._ZTV19Adafruit_ssd1306syp
                0x08012d80       0x40 build_arm_cortex_m4_base_application_stm32f4/Adafruit_ssd1306syp.o
                0x08012d80                vtable for Adafruit_ssd1306syp
 .rodata.str1.4
                0x08012dc0        0x8 build_arm_cortex_m4_base_application_stm32f4/nrf_data.o
 .rodata.str1.4
                0x08012dc8        0x4 build_arm_cortex_m4_base_application_stm32f4/nrf_nwk.o
 .rodata.str1.4
                0x08012dcc        0x3 build_arm_cortex_m4_base_application_stm32f4/wiring_digital.o
 *fill*         0x08012dcf        0x1 
 .rodata.str1.4
                0x08012dd0        0x4 build_arm_cortex_m4_base_application_stm32f4/mini_cpp.o
 .rodata.str1.4
                0x08012dd4       0x10 /home/devh/Documents/Learn_Arm/STM32F4/basic/Bai_pwm_dma/gcc_arm/gcc-arm-none-eabi-5_4-2016q3/arm-none-eabi/lib/armv7-m/libc.a(lib_a-locale.o)
                                 0x12 (size before relaxing)
 .rodata._ctype_
                0x08012de4      0x101 /home/devh/Documents/Learn_Arm/STM32F4/basic/Bai_pwm_dma/gcc_arm/gcc-arm-none-eabi-5_4-2016q3/arm-none-eabi/lib/armv7-m/libc.a(lib_a-ctype_.o)
                0x08012de4                _ctype_
 *(.glue_7)
 .glue_7        0x08012ee5        0x0 linker stubs
 *(.glue_7t)
 .glue_7t       0x08012ee5        0x0 linker stubs
 *(.init)
 *(.fini)
                0x08012ee8                . = ALIGN (0x4)
 *fill*         0x08012ee5        0x3 
                0x08012ee8                _etext = .

.vfp11_veneer   0x08012ee8        0x0
 .vfp11_veneer  0x08012ee8        0x0 linker stubs

.v4_bx          0x08012ee8        0x0
 .v4_bx         0x08012ee8        0x0 linker stubs

.iplt           0x08012ee8        0x0
 .iplt          0x08012ee8        0x0 build_arm_cortex_m4_base_application_stm32f4/message.o

.rel.dyn        0x08012ee8        0x0
 .rel.iplt      0x08012ee8        0x0 build_arm_cortex_m4_base_application_stm32f4/message.o

.preinit_array  0x08012ee8        0x0
                0x08012ee8                PROVIDE (__preinit_array_start, .)
 *(SORT(.preinit_array.*))
 *(.preinit_array*)
                0x08012ee8                PROVIDE (__preinit_array_end, .)

.init_array     0x08012ee8        0x8
                0x08012ee8                PROVIDE (__init_array_start, .)
 *(SORT(.init_array.*))
 *(.init_array*)
 .init_array    0x08012ee8        0x4 build_arm_cortex_m4_base_application_stm32f4/view_render.o
 .init_array    0x08012eec        0x4 build_arm_cortex_m4_base_application_stm32f4/SPI.o
                0x08012ef0                PROVIDE (__init_array_end, .)

.fini_array     0x08012ef0        0x4
                [!provide]                PROVIDE (__fini_array_start, .)
 *(.fini_array*)
 .fini_array    0x08012ef0        0x4 build_arm_cortex_m4_base_application_stm32f4/view_render.o
 *(SORT(.fini_array.*))
                [!provide]                PROVIDE (__fini_array_end, .)

.end_flash      0x08012ef4        0x0
                0x08012ef4                _end_flash = .

.start_ram      0x20000000        0x0
                0x20000000                _start_ram = .

.data           0x20000000      0xbe0 load address 0x08012ef4
                0x20000000                _data = .
                0x08012ef4                _ldata = LOADADDR (.data)
 *(vtable)
 *(.data)
 *(.data*)
 .data.APBAHBPrescTable
                0x20000000       0x10 build_arm_cortex_m4_base_application_stm32f4/stm32f4xx_rcc.o
 .data.FATFS_LowLevelDrivers
                0x20000010       0xb4 build_arm_cortex_m4_base_application_stm32f4/diskio.o
                0x20000010                FATFS_LowLevelDrivers
 .data.TM_FATFS_SD_SDIO_Stat
                0x200000c4        0x1 build_arm_cortex_m4_base_application_stm32f4/fatfs_sd_sdio.o
 *fill*         0x200000c5        0x3 
 .data.sp_restart_app
                0x200000c8        0x4 build_arm_cortex_m4_base_application_stm32f4/system.o
                0x200000c8                sp_restart_app
 .data.AHBPrescTable
                0x200000cc       0x10 build_arm_cortex_m4_base_application_stm32f4/system_stm32f4xx.o
                0x200000cc                AHBPrescTable
 .data.SystemCoreClock
                0x200000dc        0x4 build_arm_cortex_m4_base_application_stm32f4/system_stm32f4xx.o
                0x200000dc                SystemCoreClock
 .data.app_version
                0x200000e0        0x4 build_arm_cortex_m4_base_application_stm32f4/app.o
                0x200000e0                app_version
 .data.lgn_cmd_table