Archive member included to satisfy reference by file (symbol)

/home/devh/Documents/Learn_Arm/Bai5_Usart2_tx_qtGUI/gcc_arm/gcc-arm-none-eabi-5_4-2016q3/arm-none-eabi/lib/armv7-m/libc.a(lib_a-malloc.o)
                              build_price_tag_sl_node_application_stm32f10x/mini_cpp.o (malloc)
/home/devh/Documents/Learn_Arm/Bai5_Usart2_tx_qtGUI/gcc_arm/gcc-arm-none-eabi-5_4-2016q3/arm-none-eabi/lib/armv7-m/libc.a(lib_a-mallocr.o)
                              /home/devh/Documents/Learn_Arm/Bai5_Usart2_tx_qtGUI/gcc_arm/gcc-arm-none-eabi-5_4-2016q3/arm-none-eabi/lib/armv7-m/libc.a(lib_a-malloc.o) (_malloc_r)
/home/devh/Documents/Learn_Arm/Bai5_Usart2_tx_qtGUI/gcc_arm/gcc-arm-none-eabi-5_4-2016q3/arm-none-eabi/lib/armv7-m/libc.a(lib_a-memcpy.o)
                              build_price_tag_sl_node_application_stm32f10x/sys_cfg.o (memcpy)
/home/devh/Documents/Learn_Arm/Bai5_Usart2_tx_qtGUI/gcc_arm/gcc-arm-none-eabi-5_4-2016q3/arm-none-eabi/lib/armv7-m/libc.a(lib_a-memset.o)
                              build_price_tag_sl_node_application_stm32f10x/app.o (memset)
/home/devh/Documents/Learn_Arm/Bai5_Usart2_tx_qtGUI/gcc_arm/gcc-arm-none-eabi-5_4-2016q3/arm-none-eabi/lib/armv7-m/libc.a(lib_a-mlock.o)
                              /home/devh/Documents/Learn_Arm/Bai5_Usart2_tx_qtGUI/gcc_arm/gcc-arm-none-eabi-5_4-2016q3/arm-none-eabi/lib/armv7-m/libc.a(lib_a-mallocr.o) (__malloc_lock)
/home/devh/Documents/Learn_Arm/Bai5_Usart2_tx_qtGUI/gcc_arm/gcc-arm-none-eabi-5_4-2016q3/arm-none-eabi/lib/armv7-m/libc.a(lib_a-sbrkr.o)
                              /home/devh/Documents/Learn_Arm/Bai5_Usart2_tx_qtGUI/gcc_arm/gcc-arm-none-eabi-5_4-2016q3/arm-none-eabi/lib/armv7-m/libc.a(lib_a-mallocr.o) (_sbrk_r)
/home/devh/Documents/Learn_Arm/Bai5_Usart2_tx_qtGUI/gcc_arm/gcc-arm-none-eabi-5_4-2016q3/arm-none-eabi/lib/armv7-m/libc.a(lib_a-strlen-stub.o)
                              build_price_tag_sl_node_application_stm32f10x/Print.o (strlen)
/home/devh/Documents/Learn_Arm/Bai5_Usart2_tx_qtGUI/gcc_arm/gcc-arm-none-eabi-5_4-2016q3/arm-none-eabi/lib/armv7-m/libc.a(lib_a-freer.o)
                              /home/devh/Documents/Learn_Arm/Bai5_Usart2_tx_qtGUI/gcc_arm/gcc-arm-none-eabi-5_4-2016q3/arm-none-eabi/lib/armv7-m/libc.a(lib_a-malloc.o) (_free_r)
/home/devh/Documents/Learn_Arm/Bai5_Usart2_tx_qtGUI/gcc_arm/gcc-arm-none-eabi-5_4-2016q3/arm-none-eabi/lib/armv7-m/libc.a(lib_a-impure.o)
                              /home/devh/Documents/Learn_Arm/Bai5_Usart2_tx_qtGUI/gcc_arm/gcc-arm-none-eabi-5_4-2016q3/arm-none-eabi/lib/armv7-m/libc.a(lib_a-malloc.o) (_impure_ptr)
/home/devh/Documents/Learn_Arm/Bai5_Usart2_tx_qtGUI/gcc_arm/gcc-arm-none-eabi-5_4-2016q3/arm-none-eabi/lib/armv7-m/libc.a(lib_a-reent.o)
                              /home/devh/Documents/Learn_Arm/Bai5_Usart2_tx_qtGUI/gcc_arm/gcc-arm-none-eabi-5_4-2016q3/arm-none-eabi/lib/armv7-m/libc.a(lib_a-sbrkr.o) (errno)
/home/devh/Documents/Learn_Arm/Bai5_Usart2_tx_qtGUI/gcc_arm/gcc-arm-none-eabi-5_4-2016q3/arm-none-eabi/lib/armv7-m/libm.a(lib_a-w_sqrt.o)
                              build_price_tag_sl_node_application_stm32f10x/EmonLib.o (sqrt)
/home/devh/Documents/Learn_Arm/Bai5_Usart2_tx_qtGUI/gcc_arm/gcc-arm-none-eabi-5_4-2016q3/arm-none-eabi/lib/armv7-m/libm.a(lib_a-e_sqrt.o)
                              /home/devh/Documents/Learn_Arm/Bai5_Usart2_tx_qtGUI/gcc_arm/gcc-arm-none-eabi-5_4-2016q3/arm-none-eabi/lib/armv7-m/libm.a(lib_a-w_sqrt.o) (__ieee754_sqrt)
/home/devh/Documents/Learn_Arm/Bai5_Usart2_tx_qtGUI/gcc_arm/gcc-arm-none-eabi-5_4-2016q3/arm-none-eabi/lib/armv7-m/libm.a(lib_a-s_lib_ver.o)
                              /home/devh/Documents/Learn_Arm/Bai5_Usart2_tx_qtGUI/gcc_arm/gcc-arm-none-eabi-5_4-2016q3/arm-none-eabi/lib/armv7-m/libm.a(lib_a-w_sqrt.o) (__fdlib_version)
/home/devh/Documents/Learn_Arm/Bai5_Usart2_tx_qtGUI/gcc_arm/gcc-arm-none-eabi-5_4-2016q3/arm-none-eabi/lib/armv7-m/libm.a(lib_a-s_matherr.o)
                              /home/devh/Documents/Learn_Arm/Bai5_Usart2_tx_qtGUI/gcc_arm/gcc-arm-none-eabi-5_4-2016q3/arm-none-eabi/lib/armv7-m/libm.a(lib_a-w_sqrt.o) (matherr)
/home/devh/Documents/Learn_Arm/Bai5_Usart2_tx_qtGUI/gcc_arm/gcc-arm-none-eabi-5_4-2016q3/lib/gcc/arm-none-eabi/5.4.1/armv7-m/libgcc.a(_arm_addsubdf3.o)
                              build_price_tag_sl_node_application_stm32f10x/EmonLib.o (__aeabi_dsub)
/home/devh/Documents/Learn_Arm/Bai5_Usart2_tx_qtGUI/gcc_arm/gcc-arm-none-eabi-5_4-2016q3/lib/gcc/arm-none-eabi/5.4.1/armv7-m/libgcc.a(_arm_muldivdf3.o)
                              build_price_tag_sl_node_application_stm32f10x/app.o (__aeabi_dmul)
/home/devh/Documents/Learn_Arm/Bai5_Usart2_tx_qtGUI/gcc_arm/gcc-arm-none-eabi-5_4-2016q3/lib/gcc/arm-none-eabi/5.4.1/armv7-m/libgcc.a(_arm_cmpdf2.o)
                              build_price_tag_sl_node_application_stm32f10x/Print.o (__aeabi_dcmplt)
[...]
Memory Configuration

Name             Origin             Length             Attributes
FLASH            0x08000000         0x0000e000         xr
SRAM             0x20000000         0x00005000         xrw
*default*        0x00000000         0xffffffff

Linker script and memory map

                0x00000400                HEAP_SIZE = 0x400

.start_flash    0x08000000        0x0
                0x08000000                _start_flash = .

.isr_vector     0x08000000       0xec
 *(.isr_vector)
 .isr_vector    0x08000000       0xec build_price_tag_sl_node_application_stm32f10x/system.o
                0x08000000                isr_vector
                0x080000ec                . = ALIGN (0x4)

.text           0x080000f0     0x2a70
                0x080000f0                . = ALIGN (0x4)
 *(.text)
 .text          0x080000f0       0xec /home/devh/Documents/Learn_Arm/Bai5_Usart2_tx_qtGUI/gcc_arm/gcc-arm-none-eabi-5_4-2016q3/arm-none-eabi/lib/armv7-m/libc.a(lib_a-memcpy.o)
                0x080000f0                memcpy
 .text          0x080001dc      0x370 /home/devh/Documents/Learn_Arm/Bai5_Usart2_tx_qtGUI/gcc_arm/gcc-arm-none-eabi-5_4-2016q3/lib/gcc/arm-none-eabi/5.4.1/armv7-m/libgcc.a(_arm_addsubdf3.o)
                0x080001dc                __aeabi_drsub
                0x080001e4                __aeabi_dsub
                0x080001e4                __subdf3
                0x080001e8                __adddf3
                0x080001e8                __aeabi_dadd
                0x08000460                __aeabi_ui2d
                0x08000460                __floatunsidf
                0x08000480                __floatsidf
                0x08000480                __aeabi_i2d
                0x080004a4                __extendsfdf2
                0x080004a4                __aeabi_f2d
                0x080004e0                __aeabi_ul2d
                0x080004e0                __floatundidf
                0x080004f0                __floatdidf
                0x080004f0                __aeabi_l2d
 .text          0x0800054c      0x424 /home/devh/Documents/Learn_Arm/Bai5_Usart2_tx_qtGUI/gcc_arm/gcc-arm-none-eabi-5_4-2016q3/lib/gcc/arm-none-eabi/5.4.1/armv7-m/libgcc.a(_arm_muldivdf3.o)
                0x0800054c                __aeabi_dmul
                0x0800054c                __muldf3
                0x080007a0                __aeabi_ddiv
                0x080007a0                __divdf3
 .text          0x08000970       0x40 /home/devh/Documents/Learn_Arm/Bai5_Usart2_tx_qtGUI/gcc_arm/gcc-arm-none-eabi-5_4-2016q3/lib/gcc/arm-none-eabi/5.4.1/armv7-m/libgcc.a(_arm_fixunsdfsi.o)
                0x08000970                __fixunsdfsi
                0x08000970                __aeabi_d2uiz
 *(.text*)
 .text.xputc    0x080009b0       0x24 build_price_tag_sl_node_application_stm32f10x/xprintf.o
                0x080009b0                xputc
 .text.xstream  0x080009d4      0x156 build_price_tag_sl_node_application_stm32f10x/xprintf.o
 *fill*         0x08000b2a        0x2 
 .text.xprintf  0x08000b2c       0x24 build_price_tag_sl_node_application_stm32f10x/xprintf.o
                0x08000b2c                xprintf
 .text.led_init
                0x08000b50       0x20 build_price_tag_sl_node_application_stm32f10x/led.o
                0x08000b50                led_init
 .text.led_off  0x08000b70        0xc build_price_tag_sl_node_application_stm32f10x/led.o
                0x08000b70                led_off
 .text.delay_init
                0x08000b7c       0x3c build_price_tag_sl_node_application_stm32f10x/delay.o
                0x08000b7c                delay_init
 .text.delay_us
                0x08000bb8       0x38 build_price_tag_sl_node_application_stm32f10x/delay.o
                0x08000bb8                delay_us
 .text.delay_ms
                0x08000bf0       0x38 build_price_tag_sl_node_application_stm32f10x/delay.o
                0x08000bf0                delay_ms
 .text.DHT11_Rst
                0x08000c28       0x38 build_price_tag_sl_node_application_stm32f10x/dht11.o
                0x08000c28                DHT11_Rst
 .text.DHT11_Check
                0x08000c60       0x5c build_price_tag_sl_node_application_stm32f10x/dht11.o
                0x08000c60                DHT11_Check
 .text.DHT11_Init
                0x08000cbc       0x40 build_price_tag_sl_node_application_stm32f10x/dht11.o
                0x08000cbc                DHT11_Init
 .text.DHT11_Read_Bit
                0x08000cfc       0x48 build_price_tag_sl_node_application_stm32f10x/dht11.o
                0x08000cfc                DHT11_Read_Bit
 .text.DHT11_Read_Byte
                0x08000d44       0x1c build_price_tag_sl_node_application_stm32f10x/dht11.o
                0x08000d44                DHT11_Read_Byte
 .text.DHT11_Read_Data
                0x08000d60       0x4e build_price_tag_sl_node_application_stm32f10x/dht11.o
                0x08000d60                DHT11_Read_Data
 .text.ADC_Read
                0x08000dae       0x2a build_price_tag_sl_node_application_stm32f10x/adc.o
                0x08000dae                ADC_Read
 .text.ADC_INT_InitPin
                0x08000dd8       0x28 build_price_tag_sl_node_application_stm32f10x/adc.o
                0x08000dd8                ADC_INT_InitPin
 .text.ADC_INT_Channel_0_Init
                0x08000e00       0x10 build_price_tag_sl_node_application_stm32f10x/adc.o
                0x08000e00                ADC_INT_Channel_0_Init
 .text.ADC_INT_Channel_1_Init
                0x08000e10       0x10 build_price_tag_sl_node_application_stm32f10x/adc.o
                0x08000e10                ADC_INT_Channel_1_Init
 .text.ADC_INT_Channel_2_Init
                0x08000e20       0x10 build_price_tag_sl_node_application_stm32f10x/adc.o
                0x08000e20                ADC_INT_Channel_2_Init
 .text.ADC_INT_Channel_3_Init
                0x08000e30       0x10 build_price_tag_sl_node_application_stm32f10x/adc.o
                0x08000e30                ADC_INT_Channel_3_Init
 .text.ADC_INT_Channel_4_Init
                0x08000e40       0x38 build_price_tag_sl_node_application_stm32f10x/adc.o
                0x08000e40                ADC_INT_Channel_4_Init
 .text.ADC_INT_Channel_5_Init
                0x08000e78       0x38 build_price_tag_sl_node_application_stm32f10x/adc.o
                0x08000e78                ADC_INT_Channel_5_Init
 .text.ADC_INT_Channel_6_Init
                0x08000eb0       0x3c build_price_tag_sl_node_application_stm32f10x/adc.o
                0x08000eb0                ADC_INT_Channel_6_Init
 .text.ADC_INT_Channel_7_Init
                0x08000eec       0x3c build_price_tag_sl_node_application_stm32f10x/adc.o
                0x08000eec                ADC_INT_Channel_7_Init
 .text.ADC_INT_Channel_8_Init
                0x08000f28       0x3c build_price_tag_sl_node_application_stm32f10x/adc.o
                0x08000f28                ADC_INT_Channel_8_Init
 .text.ADC_INT_Channel_9_Init
                0x08000f64       0x38 build_price_tag_sl_node_application_stm32f10x/adc.o
                0x08000f64                ADC_INT_Channel_9_Init
 .text.ADC_INT_Channel_10_Init
                0x08000f9c       0x10 build_price_tag_sl_node_application_stm32f10x/adc.o
                0x08000f9c                ADC_INT_Channel_10_Init
 .text.ADC_INT_Channel_11_Init
                0x08000fac       0x10 build_price_tag_sl_node_application_stm32f10x/adc.o
                0x08000fac                ADC_INT_Channel_11_Init
 .text.ADC_INT_Channel_12_Init
                0x08000fbc       0x10 build_price_tag_sl_node_application_stm32f10x/adc.o
                0x08000fbc                ADC_INT_Channel_12_Init
 .text.ADC_INT_Channel_13_Init
                0x08000fcc       0x10 build_price_tag_sl_node_application_stm32f10x/adc.o
                0x08000fcc                ADC_INT_Channel_13_Init
 .text.ADC_INT_Channel_14_Init
                0x08000fdc       0x38 build_price_tag_sl_node_application_stm32f10x/adc.o
                0x08000fdc                ADC_INT_Channel_14_Init
 .text.ADC_INT_Channel_15_Init
                0x08001014       0x38 build_price_tag_sl_node_application_stm32f10x/adc.o
                0x08001014                ADC_INT_Channel_15_Init
 .text.Adc_Init
                0x0800104c      0x138 build_price_tag_sl_node_application_stm32f10x/adc.o
                0x0800104c                Adc_Init
 .text.SystemInit
                0x08001184       0xf4 build_price_tag_sl_node_application_stm32f10x/system_stm32f10x.o
                0x08001184                SystemInit
 .text.SystemCoreClockUpdate
                0x08001278       0x5c build_price_tag_sl_node_application_stm32f10x/system_stm32f10x.o
                0x08001278                SystemCoreClockUpdate
 .text.GPIO_Init
                0x080012d4       0xa4 build_price_tag_sl_node_application_stm32f10x/stm32f10x_gpio.o
                0x080012d4                GPIO_Init
 .text.GPIO_ReadInputDataBit
                0x08001378        0xc build_price_tag_sl_node_application_stm32f10x/stm32f10x_gpio.o
                0x08001378                GPIO_ReadInputDataBit
 .text.GPIO_SetBits
                0x08001384        0x4 build_price_tag_sl_node_application_stm32f10x/stm32f10x_gpio.o
                0x08001384                GPIO_SetBits
 .text.GPIO_ResetBits
                0x08001388        0x4 build_price_tag_sl_node_application_stm32f10x/stm32f10x_gpio.o
                0x08001388                GPIO_ResetBits
 .text.GPIO_PinRemapConfig
                0x0800138c       0x60 build_price_tag_sl_node_application_stm32f10x/stm32f10x_gpio.o
                0x0800138c                GPIO_PinRemapConfig
 .text.RCC_HSICmd
                0x080013ec        0xc build_price_tag_sl_node_application_stm32f10x/stm32f10x_rcc.o
                0x080013ec                RCC_HSICmd
 .text.RCC_GetClocksFreq
                0x080013f8       0x88 build_price_tag_sl_node_application_stm32f10x/stm32f10x_rcc.o
                0x080013f8                RCC_GetClocksFreq
 .text.RCC_APB2PeriphClockCmd
                0x08001480       0x18 build_price_tag_sl_node_application_stm32f10x/stm32f10x_rcc.o
                0x08001480                RCC_APB2PeriphClockCmd
 .text.RCC_APB1PeriphClockCmd
                0x08001498       0x18 build_price_tag_sl_node_application_stm32f10x/stm32f10x_rcc.o
                0x08001498                RCC_APB1PeriphClockCmd
 .text.RCC_GetFlagStatus
                0x080014b0       0x28 build_price_tag_sl_node_application_stm32f10x/stm32f10x_rcc.o
                0x080014b0                RCC_GetFlagStatus
 .text.USART_Init
                0x080014d8       0xa8 build_price_tag_sl_node_application_stm32f10x/stm32f10x_usart.o
                0x080014d8                USART_Init
 .text.USART_Cmd
                0x08001580       0x18 build_price_tag_sl_node_application_stm32f10x/stm32f10x_usart.o
                0x08001580                USART_Cmd
 .text.USART_ITConfig
                0x08001598       0x30 build_price_tag_sl_node_application_stm32f10x/stm32f10x_usart.o
                0x08001598                USART_ITConfig
 .text.USART_SendData
                0x080015c8        0x8 build_price_tag_sl_node_application_stm32f10x/stm32f10x_usart.o
                0x080015c8                USART_SendData
 .text.USART_ReceiveData
                0x080015d0        0x8 build_price_tag_sl_node_application_stm32f10x/stm32f10x_usart.o
                0x080015d0                USART_ReceiveData
 .text.USART_GetFlagStatus
                0x080015d8        0xc build_price_tag_sl_node_application_stm32f10x/stm32f10x_usart.o
                0x080015d8                USART_GetFlagStatus
 .text.USART_GetITStatus
                0x080015e4       0x40 build_price_tag_sl_node_application_stm32f10x/stm32f10x_usart.o
                0x080015e4                USART_GetITStatus
 .text.USART_ClearITPendingBit
                0x08001624       0x10 build_price_tag_sl_node_application_stm32f10x/stm32f10x_usart.o
                0x08001624                USART_ClearITPendingBit
 .text.NVIC_PriorityGroupConfig
                0x08001634       0x14 build_price_tag_sl_node_application_stm32f10x/misc.o
                0x08001634                NVIC_PriorityGroupConfig
 .text.NVIC_Init
                0x08001648       0x6c build_price_tag_sl_node_application_stm32f10x/misc.o
                0x08001648                NVIC_Init
 .text.SysTick_CLKSourceConfig
                0x080016b4       0x18 build_price_tag_sl_node_application_stm32f10x/misc.o
                0x080016b4                SysTick_CLKSourceConfig
 .text.EXTI_GetITStatus
                0x080016cc       0x1c build_price_tag_sl_node_application_stm32f10x/stm32f10x_exti.o
                0x080016cc                EXTI_GetITStatus
 .text.EXTI_ClearITPendingBit
                0x080016e8        0xc build_price_tag_sl_node_application_stm32f10x/stm32f10x_exti.o
                0x080016e8                EXTI_ClearITPendingBit
 .text.TIM_TimeBaseInit
                0x080016f4       0x94 build_price_tag_sl_node_application_stm32f10x/stm32f10x_tim.o
                0x080016f4                TIM_TimeBaseInit
 .text.TIM_OC2Init
                0x08001788       0x88 build_price_tag_sl_node_application_stm32f10x/stm32f10x_tim.o
                0x08001788                TIM_OC2Init
 .text.TIM_OC3Init
                0x08001810       0x84 build_price_tag_sl_node_application_stm32f10x/stm32f10x_tim.o
                0x08001810                TIM_OC3Init
 .text.TIM_OC4Init
                0x08001894       0x68 build_price_tag_sl_node_application_stm32f10x/stm32f10x_tim.o
                0x08001894                TIM_OC4Init
 .text.TIM_Cmd  0x080018fc       0x18 build_price_tag_sl_node_application_stm32f10x/stm32f10x_tim.o
                0x080018fc                TIM_Cmd
 .text.TIM_DMACmd
                0x08001914       0x12 build_price_tag_sl_node_application_stm32f10x/stm32f10x_tim.o
                0x08001914                TIM_DMACmd
 .text.TIM_ITConfig
                0x08001926        0x4 build_price_tag_sl_node_application_stm32f10x/stm32f10x_tim.o
                0x08001926                TIM_ITConfig
 .text.TIM_SetCompare2
                0x0800192a        0x4 build_price_tag_sl_node_application_stm32f10x/stm32f10x_tim.o
                0x0800192a                TIM_SetCompare2
 .text.TIM_SetCompare3
                0x0800192e        0x4 build_price_tag_sl_node_application_stm32f10x/stm32f10x_tim.o
                0x0800192e                TIM_SetCompare3
 .text.TIM_SetCompare4
                0x08001932        0x6 build_price_tag_sl_node_application_stm32f10x/stm32f10x_tim.o
                0x08001932                TIM_SetCompare4
 .text.TIM_GetFlagStatus
                0x08001938        0xc build_price_tag_sl_node_application_stm32f10x/stm32f10x_tim.o
                0x08001938                TIM_GetFlagStatus
 .text.TIM_ClearFlag
                0x08001944        0x8 build_price_tag_sl_node_application_stm32f10x/stm32f10x_tim.o
                0x08001944                TIM_ClearFlag
 .text.ADC_Init
                0x0800194c       0x48 build_price_tag_sl_node_application_stm32f10x/stm32f10x_adc.o
                0x0800194c                ADC_Init
 .text.ADC_Cmd  0x08001994       0x12 build_price_tag_sl_node_application_stm32f10x/stm32f10x_adc.o
                0x08001994                ADC_Cmd
 .text.ADC_ResetCalibration
                0x080019a6        0xa build_price_tag_sl_node_application_stm32f10x/stm32f10x_adc.o
                0x080019a6                ADC_ResetCalibration
 .text.ADC_GetResetCalibrationStatus
                0x080019b0        0x8 build_price_tag_sl_node_application_stm32f10x/stm32f10x_adc.o
                0x080019b0                ADC_GetResetCalibrationStatus
 .text.ADC_StartCalibration
                0x080019b8        0xa build_price_tag_sl_node_application_stm32f10x/stm32f10x_adc.o
                0x080019b8                ADC_StartCalibration
 .text.ADC_GetCalibrationStatus
                0x080019c2        0x8 build_price_tag_sl_node_application_stm32f10x/stm32f10x_adc.o
                0x080019c2                ADC_GetCalibrationStatus
 .text.ADC_SoftwareStartConvCmd
                0x080019ca       0x12 build_price_tag_sl_node_application_stm32f10x/stm32f10x_adc.o
                0x080019ca                ADC_SoftwareStartConvCmd
 .text.ADC_RegularChannelConfig
                0x080019dc       0x8e build_price_tag_sl_node_application_stm32f10x/stm32f10x_adc.o
                0x080019dc                ADC_RegularChannelConfig
 .text.ADC_GetConversionValue
                0x08001a6a        0x6 build_price_tag_sl_node_application_stm32f10x/stm32f10x_adc.o
                0x08001a6a                ADC_GetConversionValue
 .text.ADC_GetFlagStatus
                0x08001a70        0xc build_price_tag_sl_node_application_stm32f10x/stm32f10x_adc.o
                0x08001a70                ADC_GetFlagStatus
 .text.usage_fault_handler
                0x08001a7c        0x2 build_price_tag_sl_node_application_stm32f10x/system.o
                0x08001a7c                usage_fault_handler
 .text.uart3_irq
                0x08001a7e        0x2 build_price_tag_sl_node_application_stm32f10x/system.o
                0x08001a7e                uart3_irq
 .text.systick_handler
                0x08001a80       0x30 build_price_tag_sl_node_application_stm32f10x/system.o
                0x08001a80                systick_handler
 .text.exti_line1_irq
                0x08001ab0       0x16 build_price_tag_sl_node_application_stm32f10x/system.o
                0x08001ab0                exti_line1_irq
 *fill*         0x08001ac6        0x2 
 .text.shell_handler
                0x08001ac8       0xc8 build_price_tag_sl_node_application_stm32f10x/system.o
 .text.timer3_irq
                0x08001b90       0x88 build_price_tag_sl_node_application_stm32f10x/system.o
                0x08001b90                timer3_irq
 .text.uart2_irq
                0x08001c18       0xc0 build_price_tag_sl_node_application_stm32f10x/system.o
                0x08001c18                uart2_irq
 .text.default_handler
                0x08001cd8        0x2 build_price_tag_sl_node_application_stm32f10x/system.o
                0x08001cd8                svc_handler
                0x08001cd8                default_handler
                0x08001cd8                dg_monitor_handler
                0x08001cd8                pendsv_handler
 .text.nmi_handler
                0x08001cda        0x2 build_price_tag_sl_node_application_stm32f10x/system.o
                0x08001cda                nmi_handler
 .text.hard_fault_handler
                0x08001cdc        0x2 build_price_tag_sl_node_application_stm32f10x/system.o
                0x08001cdc                hard_fault_handler
 .text.mem_manage_handler
                0x08001cde        0x2 build_price_tag_sl_node_application_stm32f10x/system.o
                0x08001cde                mem_manage_handler
 .text.bus_fault_handler
                0x08001ce0        0x2 build_price_tag_sl_node_application_stm32f10x/system.o
                0x08001ce0                bus_fault_handler
 .text.sys_ctrl_delay
                0x08001ce2        0x8 build_price_tag_sl_node_application_stm32f10x/system.o
                0x08001ce2                sys_ctrl_delay
 *fill*         0x08001cea        0x2 
 .text.reset_handler
                0x08001cec       0xd0 build_price_tag_sl_node_application_stm32f10x/system.o
                0x08001cec                reset_handler
 .text._init    0x08001dbc        0x2 build_price_tag_sl_node_application_stm32f10x/system.o
                0x08001dbc                _init
 *fill*         0x08001dbe        0x2 
 .text.xputchar
                0x08001dc0       0x1c build_price_tag_sl_node_application_stm32f10x/sys_cfg.o
 .text.sys_cfg_clock
                0x08001ddc       0x1a build_price_tag_sl_node_application_stm32f10x/sys_cfg.o
                0x08001ddc                sys_cfg_clock
 *fill*         0x08001df6        0x2 
 .text.sys_cfg_tick
                0x08001df8       0x38 build_price_tag_sl_node_application_stm32f10x/sys_cfg.o
                0x08001df8                sys_cfg_tick
 .text.sys_cfg_console
                0x08001e30       0xcc build_price_tag_sl_node_application_stm32f10x/sys_cfg.o
                0x08001e30                sys_cfg_console
 .text.Usart2_Init
                0x08001efc       0xb8 build_price_tag_sl_node_application_stm32f10x/sys_cfg.o
                0x08001efc                Usart2_Init
 .text.sys_cfg_update_info
                0x08001fb4      0x108 build_price_tag_sl_node_application_stm32f10x/sys_cfg.o
                0x08001fb4                sys_cfg_update_info
 .text.sys_ctrl_independent_watchdog_init
                0x080020bc        0x2 build_price_tag_sl_node_application_stm32f10x/sys_cfg.o
                0x080020bc                sys_ctrl_independent_watchdog_init
 .text.sys_ctrl_soft_watchdog_init
                0x080020be        0x2 build_price_tag_sl_node_application_stm32f10x/sys_cfg.o
                0x080020be                sys_ctrl_soft_watchdog_init
 .text.led_life_init
                0x080020c0       0x30 build_price_tag_sl_node_application_stm32f10x/io_cfg.o
                0x080020c0                led_life_init
 .text.led_life_on
                0x080020f0       0x10 build_price_tag_sl_node_application_stm32f10x/io_cfg.o
                0x080020f0                led_life_on
 .text.led_test
                0x08002100       0x10 build_price_tag_sl_node_application_stm32f10x/io_cfg.o
                0x08002100                led_test
 .text.led_life_off
                0x08002110        0x4 build_price_tag_sl_node_application_stm32f10x/io_cfg.o
                0x08002110                led_life_off
 .text.GPIO_line_init
                0x08002114       0x50 build_price_tag_sl_node_application_stm32f10x/io_cfg.o
                0x08002114                GPIO_line_init
 .text.IO_LED_control
                0x08002164       0x30 build_price_tag_sl_node_application_stm32f10x/io_cfg.o
                0x08002164                IO_LED_control
 .text.TIM3_Int_Init
                0x08002194       0x6c build_price_tag_sl_node_application_stm32f10x/io_cfg.o
                0x08002194                TIM3_Int_Init
 .text.PWM_Init
                0x08002200       0xe8 build_price_tag_sl_node_application_stm32f10x/io_cfg.o
                0x08002200                PWM_Init
 .text.PWM_1    0x080022e8       0x10 build_price_tag_sl_node_application_stm32f10x/io_cfg.o
                0x080022e8                PWM_1
 .text.PWM_2    0x080022f8       0x10 build_price_tag_sl_node_application_stm32f10x/io_cfg.o
                0x080022f8                PWM_2
 .text.PWM_3    0x08002308       0x10 build_price_tag_sl_node_application_stm32f10x/io_cfg.o
                0x08002308                PWM_3
 .text.sys_irq_timer_10ms
                0x08002318        0x2 build_price_tag_sl_node_application_stm32f10x/app.o
                0x08002318                sys_irq_timer_10ms
 *fill*         0x0800231a        0x6 
 .text._Z14Get_adc_sensorv
                0x08002320       0xac build_price_tag_sl_node_application_stm32f10x/app.o
                0x08002320                Get_adc_sensor()
 *fill*         0x080023cc        0x4 
 .text._Z11Get_adc_PINv
                0x080023d0       0x54 build_price_tag_sl_node_application_stm32f10x/app.o
                0x080023d0                Get_adc_PIN()
 .text._Z11read_sensorv
                0x08002424      0x194 build_price_tag_sl_node_application_stm32f10x/app.o
                0x08002424                read_sensor()
 .text._Z13calculate_pidv
                0x080025b8       0x94 build_price_tag_sl_node_application_stm32f10x/app.o
                0x080025b8                calculate_pid()
 .text._Z7GoMotorv
                0x0800264c       0x64 build_price_tag_sl_node_application_stm32f10x/app.o
                0x0800264c                GoMotor()
 .text._Z16Usart2_send_dataPhh
                0x080026b0       0x48 build_price_tag_sl_node_application_stm32f10x/app.o
                0x080026b0                Usart2_send_data(unsigned char*, unsigned char)
 .text._Z16Send_data_stringPhhh
                0x080026f8       0x90 build_price_tag_sl_node_application_stm32f10x/app.o
                0x080026f8                Send_data_string(unsigned char*, unsigned char, unsigned char)
 .text.main_app
                0x08002788      0x208 build_price_tag_sl_node_application_stm32f10x/app.o
                0x08002788                main_app
 .text.startup._GLOBAL__sub_I__ZN8SPIClassC2Ev
                0x08002990       0x10 build_price_tag_sl_node_application_stm32f10x/SPI.o
 .text.memset   0x080029a0       0x9c /home/devh/Documents/Learn_Arm/Bai5_Usart2_tx_qtGUI/gcc_arm/gcc-arm-none-eabi-5_4-2016q3/arm-none-eabi/lib/armv7-m/libc.a(lib_a-memset.o)
                0x080029a0                memset
 *(.rodata)
 *(.rodata*)
 .rodata.str1.1
                0x08002a3c       0x1e build_price_tag_sl_node_application_stm32f10x/system.o
                                 0x22 (size before relaxing)
 .rodata.str1.1
                0x08002a5a       0xcb build_price_tag_sl_node_application_stm32f10x/sys_cfg.o
                                 0xcd (size before relaxing)
 .rodata.str1.1
                0x08002b25       0x39 build_price_tag_sl_node_application_stm32f10x/app.o
                                 0x40 (size before relaxing)
 *(.glue_7)
 .glue_7        0x08002b5e        0x0 linker stubs
 *(.glue_7t)
 .glue_7t       0x08002b5e        0x0 linker stubs
 *(.init)
 *(.fini)
                0x08002b60                . = ALIGN (0x4)
 *fill*         0x08002b5e        0x2 
                0x08002b60                _etext = .

.vfp11_veneer   0x08002b60        0x0
 .vfp11_veneer  0x08002b60        0x0 linker stubs

.v4_bx          0x08002b60        0x0
 .v4_bx         0x08002b60        0x0 linker stubs

.iplt           0x08002b60        0x0
 .iplt          0x08002b60        0x0 build_price_tag_sl_node_application_stm32f10x/utils.o

.rel.dyn        0x08002b60        0x0
 .rel.iplt      0x08002b60        0x0 build_price_tag_sl_node_application_stm32f10x/utils.o

.preinit_array  0x08002b60        0x0
                0x08002b60                PROVIDE (__preinit_array_start, .)
 *(SORT(.preinit_array.*))
 *(.preinit_array*)
                0x08002b60                PROVIDE (__preinit_array_end, .)

.init_array     0x08002b60        0x4
                0x08002b60                PROVIDE (__init_array_start, .)
 *(SORT(.init_array.*))
 *(.init_array*)
 .init_array    0x08002b60        0x4 build_price_tag_sl_node_application_stm32f10x/SPI.o
                0x08002b64                PROVIDE (__init_array_end, .)

.fini_array     0x08002b64        0x0
                [!provide]                PROVIDE (__fini_array_start, .)
 *(.fini_array*)
 *(SORT(.fini_array.*))
                [!provide]                PROVIDE (__fini_array_end, .)

.end_flash      0x08002b64        0x0
                0x08002b64                _end_flash = .

.start_ram      0x20000000        0x0
                0x20000000                _start_ram = .

.data           0x20000000       0x32 load address 0x08002b64
                0x20000000                _data = .
                0x08002b64                _ldata = LOADADDR (.data)
 *(vtable)
 *(.data)
 *(.data*)
 .data.AHBPrescTable
                0x20000000       0x10 build_price_tag_sl_node_application_stm32f10x/system_stm32f10x.o
                0x20000000                AHBPrescTable
 .data.SystemCoreClock
                0x20000010        0x4 build_price_tag_sl_node_application_stm32f10x/system_stm32f10x.o
                0x20000010                SystemCoreClock
 .data.ADCPrescTable
                0x20000014        0x4 build_price_tag_sl_node_application_stm32f10x/stm32f10x_rcc.o
 .data.APBAHBPrescTable
                0x20000018       0x10 build_price_tag_sl_node_application_stm32f10x/stm32f10x_rcc.o
 .data.train    0x20000028        0x1 build_price_tag_sl_node_application_stm32f10x/app.o
                0x20000028                train
 *fill*         0x20000029        0x1 
 .data.Kd       0x2000002a        0x2 build_price_tag_sl_node_application_stm32f10x/app.o
                0x2000002a                Kd
 .data.Kp       0x2000002c        0x2 build_price_tag_sl_node_application_stm32f10x/app.o
                0x2000002c                Kp
 .data.PV       0x2000002e        0x2 build_price_tag_sl_node_application_stm32f10x/app.o
                0x2000002e                PV
 .data.Ki       0x20000030        0x2 build_price_tag_sl_node_application_stm32f10x/app.o
                0x20000030                Ki
                0x20000032                _edata = .

.igot.plt       0x20000034        0x0 load address 0x08002b98
 .igot.plt      0x20000034        0x0 build_price_tag_sl_node_application_stm32f10x/utils.o

.bss            0x20000034      0x1aa load address 0x08002b98
                0x20000034                _bss = .
 *(.bss)
 *(.bss*)
 .bss.fac_us    0x20000034        0x1 build_price_tag_sl_node_application_stm32f10x/delay.o
 *fill*         0x20000035        0x1 
 .bss.fac_ms    0x20000036        0x2 build_price_tag_sl_node_application_stm32f10x/delay.o
 .bss.i         0x20000038        0x1 build_price_tag_sl_node_application_stm32f10x/system.o
                0x20000038                i
 .bss.flag_read
                0x20000039        0x1 build_price_tag_sl_node_application_stm32f10x/system.o
                0x20000039                flag_read
 .bss.int_datafeedback
                0x2000003a        0x1 build_price_tag_sl_node_application_stm32f10x/system.o
                0x2000003a                int_datafeedback
 .bss.tim3_print
                0x2000003b        0x1 build_price_tag_sl_node_application_stm32f10x/system.o
                0x2000003b                tim3_print
 .bss.millis_current
                0x2000003c        0x4 build_price_tag_sl_node_application_stm32f10x/system.o
 .bss.div_counter.8458
                0x20000040        0x4 build_price_tag_sl_node_application_stm32f10x/system.o
 .bss.delay_coeficient
                0x20000044        0x4 build_price_tag_sl_node_application_stm32f10x/sys_cfg.o
 .bss.PID_value
                0x20000048        0x2 build_price_tag_sl_node_application_stm32f10x/app.o
                0x20000048                PID_value
 .bss.I         0x2000004a        0x2 build_price_tag_sl_node_application_stm32f10x/app.o
                0x2000004a                I
 .bss.buffer_string
                0x2000004c       0x19 build_price_tag_sl_node_application_stm32f10x/app.o
                0x2000004c                buffer_string
 *fill*         0x20000065        0x3 
 .bss.led_life  0x20000068       0x1c build_price_tag_sl_node_application_stm32f10x/app.o
                0x20000068                led_life
 .bss.P         0x20000084        0x2 build_price_tag_sl_node_application_stm32f10x/app.o
                0x20000084                P
 .bss.temp      0x20000086        0x1 build_price_tag_sl_node_application_stm32f10x/app.o
                0x20000086                temp
 .bss.count_straight
                0x20000087        0x1 build_price_tag_sl_node_application_stm32f10x/app.o
                0x20000087                count_straight
 .bss.PID_right
                0x20000088        0x1 build_price_tag_sl_node_application_stm32f10x/app.o
                0x20000088                PID_right
 .bss.PID_left  0x20000089        0x1 build_price_tag_sl_node_application_stm32f10x/app.o
                0x20000089                PID_left
 .bss.humi      0x2000008a        0x1 build_price_tag_sl_node_application_stm32f10x/app.o
                0x2000008a                humi
 *fill*         0x2000008b        0x1 
 .bss.previous_error
                0x2000008c        0x2 build_price_tag_sl_node_application_stm32f10x/app.o
                0x2000008c                previous_error
 .bss.buff_pin  0x2000008e        0xc build_price_tag_sl_node_application_stm32f10x/app.o
                0x2000008e                buff_pin
 .bss.j         0x2000009a        0x1 build_price_tag_sl_node_application_stm32f10x/app.o
                0x2000009a                j
 .bss.roomnow   0x2000009b        0x1 build_price_tag_sl_node_application_stm32f10x/app.o
                0x2000009b                roomnow
 .bss.line_val  0x2000009c        0x5 build_price_tag_sl_node_application_stm32f10x/app.o
                0x2000009c                line_val
 .bss.tim_reset
                0x200000a1        0x1 build_price_tag_sl_node_application_stm32f10x/app.o
                0x200000a1                tim_reset
 .bss.buff_sharp
                0x200000a2        0xc build_price_tag_sl_node_application_stm32f10x/app.o
                0x200000a2                buff_sharp
 .bss.D         0x200000ae        0x2 build_price_tag_sl_node_application_stm32f10x/app.o
                0x200000ae                D
 .bss.error     0x200000b0        0x2 build_price_tag_sl_node_application_stm32f10x/app.o
                0x200000b0                error
 .bss.SPI       0x200000b2        0x2 build_price_tag_sl_node_application_stm32f10x/SPI.o
                0x200000b2                SPI
 *(COMMON)
 COMMON         0x200000b4        0x4 build_price_tag_sl_node_application_stm32f10x/xprintf.o
                0x200000b4                xfunc_out
 COMMON         0x200000b8      0x126 build_price_tag_sl_node_application_stm32f10x/system.o
                0x200000b8                system_info
                0x200000d8                roomset
                0x200000d9                flag_timeout
                0x200000da                c
                0x200001da                GPIO_InitStructure
                0x200001de                _ebss = .

.heap           0x200001de      0x402 load address 0x08002d42
                0x200001de                __heap_start__ = .
                0x200005de                . = (. + HEAP_SIZE)
 *fill*         0x200001de      0x400 
                0x200005e0                . = ALIGN (0x4)
 *fill*         0x200005de        0x2 
                0x200005e0                __heap_end__ = .

.end_ram        0x200005e0        0x0
                0x200005e0                _end_ram = .
                0x20005000                _estack = (ORIGIN (SRAM) + LENGTH (SRAM))

/DISCARD/
 libc.a(*)
 libm.a(*)
 libg.a(*)
 libgcc.a(*)
LOAD /home/devh/Documents/Learn_Arm/Bai5_Usart2_tx_qtGUI/gcc_arm/gcc-arm-none-eabi-5_4-2016q3/arm-none-eabi/lib/armv7-m/libc.a
LOAD /home/devh/Documents/Learn_Arm/Bai5_Usart2_tx_qtGUI/gcc_arm/gcc-arm-none-eabi-5_4-2016q3/arm-none-eabi/lib/armv7-m/libm.a
LOAD /home/devh/Documents/Learn_Arm/Bai5_Usart2_tx_qtGUI/gcc_arm/gcc-arm-none-eabi-5_4-2016q3/lib/gcc/arm-none-eabi/5.4.1/armv7-m/libgcc.a
LOAD /home/devh/Documents/Learn_Arm/Bai5_Usart2_tx_qtGUI/gcc_arm/gcc-arm-none-eabi-5_4-2016q3/arm-none-eabi/lib/armv7-m/libg.a
LOAD build_price_tag_sl_node_application_stm32f10x/utils.o
LOAD build_price_tag_sl_node_application_stm32f10x/xprintf.o
LOAD build_price_tag_sl_node_application_stm32f10x/cmd_line.o
LOAD build_price_tag_sl_node_application_stm32f10x/log_queue.o
LOAD build_price_tag_sl_node_application_stm32f10x/fifo.o
LOAD build_price_tag_sl_node_application_stm32f10x/ring_buffer.o
LOAD build_price_tag_sl_node_application_stm32f10x/led.o
LOAD build_price_tag_sl_node_application_stm32f10x/button.o
LOAD build_price_tag_sl_node_application_stm32f10x/sensor_digital.o
LOAD build_price_tag_sl_node_application_stm32f10x/flash.o
LOAD build_price_tag_sl_node_application_stm32f10x/sys.o
LOAD build_price_tag_sl_node_application_stm32f10x/delay.o
LOAD build_price_tag_sl_node_application_stm32f10x/dht11.o
LOAD build_price_tag_sl_node_application_stm32f10x/adc.o
LOAD build_price_tag_sl_node_application_stm32f10x/sys_dbg.o
LOAD build_price_tag_sl_node_application_stm32f10x/system_stm32f10x.o
LOAD build_price_tag_sl_node_application_stm32f10x/stm32f10x_gpio.o
LOAD build_price_tag_sl_node_application_stm32f10x/stm32f10x_rcc.o
LOAD build_price_tag_sl_node_application_stm32f10x/stm32f10x_usart.o
LOAD build_price_tag_sl_node_application_stm32f10x/stm32f10x_spi.o
LOAD build_price_tag_sl_node_application_stm32f10x/misc.o
LOAD build_price_tag_sl_node_application_stm32f10x/stm32f10x_exti.o
LOAD build_price_tag_sl_node_application_stm32f10x/stm32f10x_tim.o
LOAD build_price_tag_sl_node_application_stm32f10x/stm32f10x_adc.o
LOAD build_price_tag_sl_node_application_stm32f10x/stm32f10x_rtc.o
LOAD build_price_tag_sl_node_application_stm32f10x/stm32f10x_pwr.o
LOAD build_price_tag_sl_node_application_stm32f10x/stm32f10x_flash.o
LOAD build_price_tag_sl_node_application_stm32f10x/stm32f10x_iwdg.o
LOAD build_price_tag_sl_node_application_stm32f10x/stm32f10x_dac.o
LOAD build_price_tag_sl_node_application_stm32f10x/stm32f10x_i2c.o
LOAD build_price_tag_sl_node_application_stm32f10x/stm32.o
LOAD build_price_tag_sl_node_application_stm32f10x/system.o
LOAD build_price_tag_sl_node_application_stm32f10x/sys_cfg.o
LOAD build_price_tag_sl_node_application_stm32f10x/io_cfg.o
LOAD build_price_tag_sl_node_application_stm32f10x/app.o
LOAD build_price_tag_sl_node_application_stm32f10x/app_data.o
LOAD build_price_tag_sl_node_application_stm32f10x/eeprom.o
LOAD build_price_tag_sl_node_application_stm32f10x/exor.o
LOAD build_price_tag_sl_node_application_stm32f10x/LiquidCrystal_I2C.o
LOAD build_price_tag_sl_node_application_stm32f10x/LiquidCrystal595.o
LOAD build_price_tag_sl_node_application_stm32f10x/EmonLib.o
LOAD build_price_tag_sl_node_application_stm32f10x/RF24.o
LOAD build_price_tag_sl_node_application_stm32f10x/RF24Network.o
LOAD build_price_tag_sl_node_application_stm32f10x/Sync.o
LOAD build_price_tag_sl_node_application_stm32f10x/SPI.o
LOAD build_price_tag_sl_node_application_stm32f10x/wiring_digital.o
LOAD build_price_tag_sl_node_application_stm32f10x/wiring_shift.o
LOAD build_price_tag_sl_node_application_stm32f10x/Print.o
LOAD build_price_tag_sl_node_application_stm32f10x/Stream.o
LOAD build_price_tag_sl_node_application_stm32f10x/mini_cpp.o
LOAD /home/devh/Documents/Learn_Arm/Bai5_Usart2_tx_qtGUI/gcc_arm/gcc-arm-none-eabi-5_4-2016q3/arm-none-eabi/lib/armv7-m/libc.a
LOAD /home/devh/Documents/Learn_Arm/Bai5_Usart2_tx_qtGUI/gcc_arm/gcc-arm-none-eabi-5_4-2016q3/arm-none-eabi/lib/armv7-m/libm.a
LOAD /home/devh/Documents/Learn_Arm/Bai5_Usart2_tx_qtGUI/gcc_arm/gcc-arm-none-eabi-5_4-2016q3/lib/gcc/arm-none-eabi/5.4.1/armv7-m/libgcc.a
LOAD /home/devh/Documents/Learn_Arm/Bai5_Usart2_tx_qtGUI/gcc_arm/gcc-arm-none-eabi-5_4-2016q3/arm-none-eabi/lib/armv7-m/libg.a
OUTPUT(build_price_tag_sl_node_application_stm32f10x/price_tag_sl_node_application.axf elf32-littlearm)

.debug_info     0x00000000     0xcad8
 .debug_info    0x00000000      0x4a0 build_price_tag_sl_node_application_stm32f10x/xprintf.o
 .debug_info    0x000004a0      0x342 build_price_tag_sl_node_application_stm32f10x/led.o
 .debug_info    0x000007e2      0x23c build_price_tag_sl_node_application_stm32f10x/delay.o
 .debug_info    0x00000a1e      0x4a9 build_price_tag_sl_node_application_stm32f10x/dht11.o
 .debug_info    0x00000ec7      0xd33 build_price_tag_sl_node_application_stm32f10x/adc.o
 .debug_info    0x00001bfa      0x4c8 build_price_tag_sl_node_application_stm32f10x/system_stm32f10x.o
 .debug_info    0x000020c2      0x7f3 build_price_tag_sl_node_application_stm32f10x/stm32f10x_gpio.o
 .debug_info    0x000028b5      0x8db build_price_tag_sl_node_application_stm32f10x/stm32f10x_rcc.o
 .debug_info    0x00003190      0xacd build_price_tag_sl_node_application_stm32f10x/stm32f10x_usart.o
 .debug_info    0x00003c5d      0x55e build_price_tag_sl_node_application_stm32f10x/misc.o
 .debug_info    0x000041bb      0x345 build_price_tag_sl_node_application_stm32f10x/stm32f10x_exti.o
 .debug_info    0x00004500     0x2010 build_price_tag_sl_node_application_stm32f10x/stm32f10x_tim.o
 .debug_info    0x00006510      0xbea build_price_tag_sl_node_application_stm32f10x/stm32f10x_adc.o
 .debug_info    0x000070fa      0xc46 build_price_tag_sl_node_application_stm32f10x/system.o
 .debug_info    0x00007d40     0x1556 build_price_tag_sl_node_application_stm32f10x/sys_cfg.o
 .debug_info    0x00009296     0x1bd1 build_price_tag_sl_node_application_stm32f10x/io_cfg.o
 .debug_info    0x0000ae67     0x125b build_price_tag_sl_node_application_stm32f10x/app.o
 .debug_info    0x0000c0c2      0xa16 build_price_tag_sl_node_application_stm32f10x/SPI.o

.debug_abbrev   0x00000000     0x2809
 .debug_abbrev  0x00000000      0x1cd build_price_tag_sl_node_application_stm32f10x/xprintf.o
 .debug_abbrev  0x000001cd      0x12a build_price_tag_sl_node_application_stm32f10x/led.o
 .debug_abbrev  0x000002f7      0x11b build_price_tag_sl_node_application_stm32f10x/delay.o
 .debug_abbrev  0x00000412      0x21a build_price_tag_sl_node_application_stm32f10x/dht11.o
 .debug_abbrev  0x0000062c      0x2b2 build_price_tag_sl_node_application_stm32f10x/adc.o
 .debug_abbrev  0x000008de      0x170 build_price_tag_sl_node_application_stm32f10x/system_stm32f10x.o
 .debug_abbrev  0x00000a4e      0x200 build_price_tag_sl_node_application_stm32f10x/stm32f10x_gpio.o
 .debug_abbrev  0x00000c4e      0x1e4 build_price_tag_sl_node_application_stm32f10x/stm32f10x_rcc.o
 .debug_abbrev  0x00000e32      0x1e6 build_price_tag_sl_node_application_stm32f10x/stm32f10x_usart.o
 .debug_abbrev  0x00001018      0x158 build_price_tag_sl_node_application_stm32f10x/misc.o
 .debug_abbrev  0x00001170      0x1a1 build_price_tag_sl_node_application_stm32f10x/stm32f10x_exti.o
 .debug_abbrev  0x00001311      0x2d2 build_price_tag_sl_node_application_stm32f10x/stm32f10x_tim.o
 .debug_abbrev  0x000015e3      0x1d8 build_price_tag_sl_node_application_stm32f10x/stm32f10x_adc.o
 .debug_abbrev  0x000017bb      0x330 build_price_tag_sl_node_application_stm32f10x/system.o
 .debug_abbrev  0x00001aeb      0x44f build_price_tag_sl_node_application_stm32f10x/sys_cfg.o
 .debug_abbrev  0x00001f3a      0x2a5 build_price_tag_sl_node_application_stm32f10x/io_cfg.o
 .debug_abbrev  0x000021df      0x381 build_price_tag_sl_node_application_stm32f10x/app.o
 .debug_abbrev  0x00002560      0x2a9 build_price_tag_sl_node_application_stm32f10x/SPI.o

.debug_loc      0x00000000     0x5903
 .debug_loc     0x00000000      0x38d build_price_tag_sl_node_application_stm32f10x/xprintf.o
 .debug_loc     0x0000038d      0x216 build_price_tag_sl_node_application_stm32f10x/led.o
 .debug_loc     0x000005a3       0x68 build_price_tag_sl_node_application_stm32f10x/delay.o
 .debug_loc     0x0000060b      0x197 build_price_tag_sl_node_application_stm32f10x/dht11.o
 .debug_loc     0x000007a2      0x88d build_price_tag_sl_node_application_stm32f10x/adc.o
 .debug_loc     0x0000102f       0x99 build_price_tag_sl_node_application_stm32f10x/system_stm32f10x.o
 .debug_loc     0x000010c8      0x4ed build_price_tag_sl_node_application_stm32f10x/stm32f10x_gpio.o
 .debug_loc     0x000015b5      0x672 build_price_tag_sl_node_application_stm32f10x/stm32f10x_rcc.o
 .debug_loc     0x00001c27      0x751 build_price_tag_sl_node_application_stm32f10x/stm32f10x_usart.o
 .debug_loc     0x00002378      0x161 build_price_tag_sl_node_application_stm32f10x/misc.o
 .debug_loc     0x000024d9      0x188 build_price_tag_sl_node_application_stm32f10x/stm32f10x_exti.o
 .debug_loc     0x00002661     0x1c08 build_price_tag_sl_node_application_stm32f10x/stm32f10x_tim.o
 .debug_loc     0x00004269      0xa9f build_price_tag_sl_node_application_stm32f10x/stm32f10x_adc.o
 .debug_loc     0x00004d08       0x74 build_price_tag_sl_node_application_stm32f10x/system.o
 .debug_loc     0x00004d7c      0x383 build_price_tag_sl_node_application_stm32f10x/sys_cfg.o
 .debug_loc     0x000050ff      0x223 build_price_tag_sl_node_application_stm32f10x/io_cfg.o
 .debug_loc     0x00005322      0x45a build_price_tag_sl_node_application_stm32f10x/app.o
 .debug_loc     0x0000577c      0x187 build_price_tag_sl_node_application_stm32f10x/SPI.o

.debug_aranges  0x00000000      0xcc8
 .debug_aranges
                0x00000000       0x50 build_price_tag_sl_node_application_stm32f10x/xprintf.o
 .debug_aranges
                0x00000050       0x50 build_price_tag_sl_node_application_stm32f10x/led.o
 .debug_aranges
                0x000000a0       0x30 build_price_tag_sl_node_application_stm32f10x/delay.o
 .debug_aranges
                0x000000d0       0x48 build_price_tag_sl_node_application_stm32f10x/dht11.o
 .debug_aranges
                0x00000118       0xd0 build_price_tag_sl_node_application_stm32f10x/adc.o
 .debug_aranges
                0x000001e8       0x28 build_price_tag_sl_node_application_stm32f10x/system_stm32f10x.o
 .debug_aranges
                0x00000210       0xa8 build_price_tag_sl_node_application_stm32f10x/stm32f10x_gpio.o
 .debug_aranges
                0x000002b8      0x118 build_price_tag_sl_node_application_stm32f10x/stm32f10x_rcc.o
 .debug_aranges
                0x000003d0      0x100 build_price_tag_sl_node_application_stm32f10x/stm32f10x_usart.o
 .debug_aranges
                0x000004d0       0x40 build_price_tag_sl_node_application_stm32f10x/misc.o
 .debug_aranges
                0x00000510       0x50 build_price_tag_sl_node_application_stm32f10x/stm32f10x_exti.o
 .debug_aranges
                0x00000560      0x2d0 build_price_tag_sl_node_application_stm32f10x/stm32f10x_tim.o
 .debug_aranges
                0x00000830      0x138 build_price_tag_sl_node_application_stm32f10x/stm32f10x_adc.o
 .debug_aranges
                0x00000968       0x70 build_price_tag_sl_node_application_stm32f10x/system.o
 .debug_aranges
                0x000009d8       0x98 build_price_tag_sl_node_application_stm32f10x/sys_cfg.o
 .debug_aranges
                0x00000a70      0x158 build_price_tag_sl_node_application_stm32f10x/io_cfg.o
 .debug_aranges
                0x00000bc8       0x90 build_price_tag_sl_node_application_stm32f10x/app.o
 .debug_aranges
                0x00000c58       0x70 build_price_tag_sl_node_application_stm32f10x/SPI.o

.debug_ranges   0x00000000      0xc88
 .debug_ranges  0x00000000       0x40 build_price_tag_sl_node_application_stm32f10x/xprintf.o
 .debug_ranges  0x00000040       0x40 build_price_tag_sl_node_application_stm32f10x/led.o
 .debug_ranges  0x00000080       0x20 build_price_tag_sl_node_application_stm32f10x/delay.o
 .debug_ranges  0x000000a0       0x38 build_price_tag_sl_node_application_stm32f10x/dht11.o
 .debug_ranges  0x000000d8       0xc0 build_price_tag_sl_node_application_stm32f10x/adc.o
 .debug_ranges  0x00000198       0x30 build_price_tag_sl_node_application_stm32f10x/system_stm32f10x.o
 .debug_ranges  0x000001c8       0x98 build_price_tag_sl_node_application_stm32f10x/stm32f10x_gpio.o
 .debug_ranges  0x00000260      0x108 build_price_tag_sl_node_application_stm32f10x/stm32f10x_rcc.o
 .debug_ranges  0x00000368       0xf0 build_price_tag_sl_node_application_stm32f10x/stm32f10x_usart.o
 .debug_ranges  0x00000458       0x30 build_price_tag_sl_node_application_stm32f10x/misc.o
 .debug_ranges  0x00000488       0x40 build_price_tag_sl_node_application_stm32f10x/stm32f10x_exti.o
 .debug_ranges  0x000004c8      0x2f8 build_price_tag_sl_node_application_stm32f10x/stm32f10x_tim.o
 .debug_ranges  0x000007c0      0x128 build_price_tag_sl_node_application_stm32f10x/stm32f10x_adc.o
 .debug_ranges  0x000008e8       0x60 build_price_tag_sl_node_application_stm32f10x/system.o
 .debug_ranges  0x00000948       0xb8 build_price_tag_sl_node_application_stm32f10x/sys_cfg.o
 .debug_ranges  0x00000a00      0x148 build_price_tag_sl_node_application_stm32f10x/io_cfg.o
 .debug_ranges  0x00000b48       0xe0 build_price_tag_sl_node_application_stm32f10x/app.o
 .debug_ranges  0x00000c28       0x60 build_price_tag_sl_node_application_stm32f10x/SPI.o

.debug_line     0x00000000     0x54ce
 .debug_line    0x00000000      0x2c7 build_price_tag_sl_node_application_stm32f10x/xprintf.o
 .debug_line    0x000002c7      0x1e5 build_price_tag_sl_node_application_stm32f10x/led.o
 .debug_line    0x000004ac      0x2aa build_price_tag_sl_node_application_stm32f10x/delay.o
 .debug_line    0x00000756      0x364 build_price_tag_sl_node_application_stm32f10x/dht11.o
 .debug_line    0x00000aba      0x4d2 build_price_tag_sl_node_application_stm32f10x/adc.o
 .debug_line    0x00000f8c      0x243 build_price_tag_sl_node_application_stm32f10x/system_stm32f10x.o
 .debug_line    0x000011cf      0x453 build_price_tag_sl_node_application_stm32f10x/stm32f10x_gpio.o
 .debug_line    0x00001622      0x529 build_price_tag_sl_node_application_stm32f10x/stm32f10x_rcc.o
 .debug_line    0x00001b4b      0x538 build_price_tag_sl_node_application_stm32f10x/stm32f10x_usart.o
 .debug_line    0x00002083      0x2df build_price_tag_sl_node_application_stm32f10x/misc.o
 .debug_line    0x00002362      0x320 build_price_tag_sl_node_application_stm32f10x/stm32f10x_exti.o
 .debug_line    0x00002682      0xb99 build_price_tag_sl_node_application_stm32f10x/stm32f10x_tim.o
 .debug_line    0x0000321b      0x5a4 build_price_tag_sl_node_application_stm32f10x/stm32f10x_adc.o
 .debug_line    0x000037bf      0x54c build_price_tag_sl_node_application_stm32f10x/system.o
 .debug_line    0x00003d0b      0x58e build_price_tag_sl_node_application_stm32f10x/sys_cfg.o
 .debug_line    0x00004299      0x6c8 build_price_tag_sl_node_application_stm32f10x/io_cfg.o
 .debug_line    0x00004961      0x7d4 build_price_tag_sl_node_application_stm32f10x/app.o
 .debug_line    0x00005135      0x399 build_price_tag_sl_node_application_stm32f10x/SPI.o

.debug_str      0x00000000     0x3bfe
 .debug_str     0x00000000      0x253 build_price_tag_sl_node_application_stm32f10x/xprintf.o
                                0x2dd (size before relaxing)
 .debug_str     0x00000253       0xc1 build_price_tag_sl_node_application_stm32f10x/led.o
                                0x26a (size before relaxing)
 .debug_str     0x00000314       0xb0 build_price_tag_sl_node_application_stm32f10x/delay.o
                                0x281 (size before relaxing)
 .debug_str     0x000003c4      0x196 build_price_tag_sl_node_application_stm32f10x/dht11.o
                                0x3e2 (size before relaxing)
 .debug_str     0x0000055a      0x3f3 build_price_tag_sl_node_application_stm32f10x/adc.o
                                0x761 (size before relaxing)
 .debug_str     0x0000094d      0x181 build_price_tag_sl_node_application_stm32f10x/system_stm32f10x.o
                                0x37a (size before relaxing)
 .debug_str     0x00000ace      0x283 build_price_tag_sl_node_application_stm32f10x/stm32f10x_gpio.o
                                0x5b4 (size before relaxing)
 .debug_str     0x00000d51      0x3c1 build_price_tag_sl_node_application_stm32f10x/stm32f10x_rcc.o
                                0x69e (size before relaxing)
 .debug_str     0x00001112      0x470 build_price_tag_sl_node_application_stm32f10x/stm32f10x_usart.o
                                0x754 (size before relaxing)
 .debug_str     0x00001582      0x1a1 build_price_tag_sl_node_application_stm32f10x/misc.o
                                0x442 (size before relaxing)
 .debug_str     0x00001723      0x1d6 build_price_tag_sl_node_application_stm32f10x/stm32f10x_exti.o
                                0x3be (size before relaxing)
 .debug_str     0x000018f9      0xb91 build_price_tag_sl_node_application_stm32f10x/stm32f10x_tim.o
                                0xe74 (size before relaxing)
 .debug_str     0x0000248a      0x3a0 build_price_tag_sl_node_application_stm32f10x/stm32f10x_adc.o
                                0x796 (size before relaxing)
 .debug_str     0x0000282a      0x2c9 build_price_tag_sl_node_application_stm32f10x/system.o
                                0x7d5 (size before relaxing)
 .debug_str     0x00002af3      0x5aa build_price_tag_sl_node_application_stm32f10x/sys_cfg.o
                                0xd87 (size before relaxing)
 .debug_str     0x0000309d      0x3d4 build_price_tag_sl_node_application_stm32f10x/io_cfg.o
                               0x107e (size before relaxing)
 .debug_str     0x00003471      0x46e build_price_tag_sl_node_application_stm32f10x/app.o
                                0x8dd (size before relaxing)
 .debug_str     0x000038df      0x31f build_price_tag_sl_node_application_stm32f10x/SPI.o
                                0x7db (size before relaxing)

.comment        0x00000000       0x6e
 .comment       0x00000000       0x6e build_price_tag_sl_node_application_stm32f10x/xprintf.o
                                 0x6f (size before relaxing)
 .comment       0x0000006e       0x6f build_price_tag_sl_node_application_stm32f10x/led.o
 .comment       0x0000006e       0x6f build_price_tag_sl_node_application_stm32f10x/delay.o
 .comment       0x0000006e       0x6f build_price_tag_sl_node_application_stm32f10x/dht11.o
 .comment       0x0000006e       0x6f build_price_tag_sl_node_application_stm32f10x/adc.o
 .comment       0x0000006e       0x6f build_price_tag_sl_node_application_stm32f10x/system_stm32f10x.o
 .comment       0x0000006e       0x6f build_price_tag_sl_node_application_stm32f10x/stm32f10x_gpio.o
 .comment       0x0000006e       0x6f build_price_tag_sl_node_application_stm32f10x/stm32f10x_rcc.o
 .comment       0x0000006e       0x6f build_price_tag_sl_node_application_stm32f10x/stm32f10x_usart.o
 .comment       0x0000006e       0x6f build_price_tag_sl_node_application_stm32f10x/misc.o
 .comment       0x0000006e       0x6f build_price_tag_sl_node_application_stm32f10x/stm32f10x_exti.o
 .comment       0x0000006e       0x6f build_price_tag_sl_node_application_stm32f10x/stm32f10x_tim.o
 .comment       0x0000006e       0x6f build_price_tag_sl_node_application_stm32f10x/stm32f10x_adc.o
 .comment       0x0000006e       0x6f build_price_tag_sl_node_application_stm32f10x/system.o
 .comment       0x0000006e       0x6f build_price_tag_sl_node_application_stm32f10x/sys_cfg.o
 .comment       0x0000006e       0x6f build_price_tag_sl_node_application_stm32f10x/io_cfg.o
 .comment       0x0000006e       0x6f build_price_tag_sl_node_application_stm32f10x/app.o
 .comment       0x0000006e       0x6f build_price_tag_sl_node_application_stm32f10x/SPI.o

.ARM.attributes
                0x00000000       0x31
 .ARM.attributes
                0x00000000       0x33 build_price_tag_sl_node_application_stm32f10x/xprintf.o
 .ARM.attributes
                0x00000033       0x33 build_price_tag_sl_node_application_stm32f10x/led.o
 .ARM.attributes
                0x00000066       0x33 build_price_tag_sl_node_application_stm32f10x/delay.o
 .ARM.attributes
                0x00000099       0x33 build_price_tag_sl_node_application_stm32f10x/dht11.o
 .ARM.attributes
                0x000000cc       0x33 build_price_tag_sl_node_application_stm32f10x/adc.o
 .ARM.attributes
                0x000000ff       0x33 build_price_tag_sl_node_application_stm32f10x/system_stm32f10x.o
 .ARM.attributes
                0x00000132       0x33 build_price_tag_sl_node_application_stm32f10x/stm32f10x_gpio.o
 .ARM.attributes
                0x00000165       0x33 build_price_tag_sl_node_application_stm32f10x/stm32f10x_rcc.o
 .ARM.attributes
                0x00000198       0x33 build_price_tag_sl_node_application_stm32f10x/stm32f10x_usart.o
 .ARM.attributes
                0x000001cb       0x33 build_price_tag_sl_node_application_stm32f10x/misc.o
 .ARM.attributes
                0x000001fe       0x33 build_price_tag_sl_node_application_stm32f10x/stm32f10x_exti.o
 .ARM.attributes
                0x00000231       0x33 build_price_tag_sl_node_application_stm32f10x/stm32f10x_tim.o
 .ARM.attributes
                0x00000264       0x33 build_price_tag_sl_node_application_stm32f10x/stm32f10x_adc.o
 .ARM.attributes
                0x00000297       0x33 build_price_tag_sl_node_application_stm32f10x/system.o
 .ARM.attributes
                0x000002ca       0x33 build_price_tag_sl_node_application_stm32f10x/sys_cfg.o
 .ARM.attributes
                0x000002fd       0x33 build_price_tag_sl_node_application_stm32f10x/io_cfg.o
 .ARM.attributes
                0x00000330       0x33 build_price_tag_sl_node_application_stm32f10x/app.o
 .ARM.attributes
                0x00000363       0x33 build_price_tag_sl_node_application_stm32f10x/SPI.o
 .ARM.attributes
                0x00000396       0x1b /home/devh/Documents/Learn_Arm/Bai5_Usart2_tx_qtGUI/gcc_arm/gcc-arm-none-eabi-5_4-2016q3/arm-none-eabi/lib/armv7-m/libc.a(lib_a-memcpy.o)
 .ARM.attributes
                0x000003b1       0x2d /home/devh/Documents/Learn_Arm/Bai5_Usart2_tx_qtGUI/gcc_arm/gcc-arm-none-eabi-5_4-2016q3/arm-none-eabi/lib/armv7-m/libc.a(lib_a-memset.o)
 .ARM.attributes
                0x000003de       0x1d /home/devh/Documents/Learn_Arm/Bai5_Usart2_tx_qtGUI/gcc_arm/gcc-arm-none-eabi-5_4-2016q3/lib/gcc/arm-none-eabi/5.4.1/armv7-m/libgcc.a(_arm_addsubdf3.o)
 .ARM.attributes
                0x000003fb       0x1d /home/devh/Documents/Learn_Arm/Bai5_Usart2_tx_qtGUI/gcc_arm/gcc-arm-none-eabi-5_4-2016q3/lib/gcc/arm-none-eabi/5.4.1/armv7-m/libgcc.a(_arm_muldivdf3.o)
 .ARM.attributes
                0x00000418       0x1d /home/devh/Documents/Learn_Arm/Bai5_Usart2_tx_qtGUI/gcc_arm/gcc-arm-none-eabi-5_4-2016q3/lib/gcc/arm-none-eabi/5.4.1/armv7-m/libgcc.a(_arm_fixunsdfsi.o)

.debug_frame    0x00000000     0x1ef0
 .debug_frame   0x00000000      0x110 build_price_tag_sl_node_application_stm32f10x/xprintf.o
 .debug_frame   0x00000110       0xa8 build_price_tag_sl_node_application_stm32f10x/led.o
 .debug_frame   0x000001b8       0x48 build_price_tag_sl_node_application_stm32f10x/delay.o
 .debug_frame   0x00000200       0xbc build_price_tag_sl_node_application_stm32f10x/dht11.o
 .debug_frame   0x000002bc      0x1c8 build_price_tag_sl_node_application_stm32f10x/adc.o
 .debug_frame   0x00000484       0x3c build_price_tag_sl_node_application_stm32f10x/system_stm32f10x.o
 .debug_frame   0x000004c0      0x170 build_price_tag_sl_node_application_stm32f10x/stm32f10x_gpio.o
 .debug_frame   0x00000630      0x220 build_price_tag_sl_node_application_stm32f10x/stm32f10x_rcc.o
 .debug_frame   0x00000850      0x224 build_price_tag_sl_node_application_stm32f10x/stm32f10x_usart.o
 .debug_frame   0x00000a74       0x68 build_price_tag_sl_node_application_stm32f10x/misc.o
 .debug_frame   0x00000adc       0x9c build_price_tag_sl_node_application_stm32f10x/stm32f10x_exti.o
 .debug_frame   0x00000b78      0x6b4 build_price_tag_sl_node_application_stm32f10x/stm32f10x_tim.o
 .debug_frame   0x0000122c      0x290 build_price_tag_sl_node_application_stm32f10x/stm32f10x_adc.o
 .debug_frame   0x000014bc      0x1c4 build_price_tag_sl_node_application_stm32f10x/system.o
 .debug_frame   0x00001680      0x204 build_price_tag_sl_node_application_stm32f10x/sys_cfg.o
 .debug_frame   0x00001884      0x3a8 build_price_tag_sl_node_application_stm32f10x/io_cfg.o
 .debug_frame   0x00001c2c      0x1a4 build_price_tag_sl_node_application_stm32f10x/app.o
 .debug_frame   0x00001dd0       0xec build_price_tag_sl_node_application_stm32f10x/SPI.o
 .debug_frame   0x00001ebc       0x34 /home/devh/Documents/Learn_Arm/Bai5_Usart2_tx_qtGUI/gcc_arm/gcc-arm-none-eabi-5_4-2016q3/arm-none-eabi/lib/armv7-m/libc.a(lib_a-memset.o)
